Archive member included because of file (symbol)

c:/winavr-20100110/bin/../lib/gcc/avr/4.3.3/avr5\libgcc.a(_mulsi3.o)
                              ./Application/Application_program.o (__mulsi3)
c:/winavr-20100110/bin/../lib/gcc/avr/4.3.3/avr5\libgcc.a(_udivmodqi4.o)
                              ./Application/Application_program.o (__udivmodqi4)
c:/winavr-20100110/bin/../lib/gcc/avr/4.3.3/avr5\libgcc.a(_udivmodhi4.o)
                              ./MCAL/TIMER0/TIMER0_program.o (__udivmodhi4)
c:/winavr-20100110/bin/../lib/gcc/avr/4.3.3/avr5\libgcc.a(_udivmodsi4.o)
                              ./Application/Application_program.o (__udivmodsi4)
c:/winavr-20100110/bin/../lib/gcc/avr/4.3.3/avr5\libgcc.a(_exit.o)
                              c:/winavr-20100110/bin/../lib/gcc/avr/4.3.3/../../../../avr/lib/avr5/crtm16.o (exit)
c:/winavr-20100110/bin/../lib/gcc/avr/4.3.3/avr5\libgcc.a(_copy_data.o)
                              ./MCAL/TIMER1/TIMER1_config.o (__do_copy_data)
c:/winavr-20100110/bin/../lib/gcc/avr/4.3.3/avr5\libgcc.a(_clear_bss.o)
                              ./MCAL/TIMER1/TIMER1_program.o (__do_clear_bss)
c:/winavr-20100110/bin/../lib/gcc/avr/4.3.3/avr5\libgcc.a(_fixunssfsi.o)
                              ./HAL/LCD/LCD_program.o (__fixunssfsi)
c:/winavr-20100110/bin/../lib/gcc/avr/4.3.3/avr5\libgcc.a(_addsub_sf.o)
                              c:/winavr-20100110/bin/../lib/gcc/avr/4.3.3/avr5\libgcc.a(_fixunssfsi.o) (__subsf3)
c:/winavr-20100110/bin/../lib/gcc/avr/4.3.3/avr5\libgcc.a(_mul_sf.o)
                              ./HAL/LCD/LCD_program.o (__mulsf3)
c:/winavr-20100110/bin/../lib/gcc/avr/4.3.3/avr5\libgcc.a(_div_sf.o)
                              ./Application/Application_program.o (__divsf3)
c:/winavr-20100110/bin/../lib/gcc/avr/4.3.3/avr5\libgcc.a(_gt_sf.o)
                              ./HAL/LCD/LCD_program.o (__gtsf2)
c:/winavr-20100110/bin/../lib/gcc/avr/4.3.3/avr5\libgcc.a(_ge_sf.o)
                              c:/winavr-20100110/bin/../lib/gcc/avr/4.3.3/avr5\libgcc.a(_fixunssfsi.o) (__gesf2)
c:/winavr-20100110/bin/../lib/gcc/avr/4.3.3/avr5\libgcc.a(_lt_sf.o)
                              ./HAL/LCD/LCD_program.o (__ltsf2)
c:/winavr-20100110/bin/../lib/gcc/avr/4.3.3/avr5\libgcc.a(_si_to_sf.o)
                              ./Application/Application_program.o (__floatsisf)
c:/winavr-20100110/bin/../lib/gcc/avr/4.3.3/avr5\libgcc.a(_sf_to_si.o)
                              c:/winavr-20100110/bin/../lib/gcc/avr/4.3.3/avr5\libgcc.a(_fixunssfsi.o) (__fixsfsi)
c:/winavr-20100110/bin/../lib/gcc/avr/4.3.3/avr5\libgcc.a(_thenan_sf.o)
                              c:/winavr-20100110/bin/../lib/gcc/avr/4.3.3/avr5\libgcc.a(_addsub_sf.o) (__thenan_sf)
c:/winavr-20100110/bin/../lib/gcc/avr/4.3.3/avr5\libgcc.a(_usi_to_sf.o)
                              ./Application/Application_program.o (__floatunsisf)
c:/winavr-20100110/bin/../lib/gcc/avr/4.3.3/avr5\libgcc.a(_prologue.o)
                              c:/winavr-20100110/bin/../lib/gcc/avr/4.3.3/avr5\libgcc.a(_addsub_sf.o) (__prologue_saves__)
c:/winavr-20100110/bin/../lib/gcc/avr/4.3.3/avr5\libgcc.a(_epilogue.o)
                              c:/winavr-20100110/bin/../lib/gcc/avr/4.3.3/avr5\libgcc.a(_addsub_sf.o) (__epilogue_restores__)
c:/winavr-20100110/bin/../lib/gcc/avr/4.3.3/avr5\libgcc.a(_clzsi2.o)
                              c:/winavr-20100110/bin/../lib/gcc/avr/4.3.3/avr5\libgcc.a(_si_to_sf.o) (__clzsi2)
c:/winavr-20100110/bin/../lib/gcc/avr/4.3.3/avr5\libgcc.a(_pack_sf.o)
                              c:/winavr-20100110/bin/../lib/gcc/avr/4.3.3/avr5\libgcc.a(_addsub_sf.o) (__pack_f)
c:/winavr-20100110/bin/../lib/gcc/avr/4.3.3/avr5\libgcc.a(_unpack_sf.o)
                              c:/winavr-20100110/bin/../lib/gcc/avr/4.3.3/avr5\libgcc.a(_addsub_sf.o) (__unpack_f)
c:/winavr-20100110/bin/../lib/gcc/avr/4.3.3/avr5\libgcc.a(_fpcmp_parts_sf.o)
                              c:/winavr-20100110/bin/../lib/gcc/avr/4.3.3/avr5\libgcc.a(_gt_sf.o) (__fpcmp_parts_f)
c:/winavr-20100110/bin/../lib/gcc/avr/4.3.3/avr5\libgcc.a(_clz.o)
                              c:/winavr-20100110/bin/../lib/gcc/avr/4.3.3/avr5\libgcc.a(_clzsi2.o) (__clz_tab)
c:/winavr-20100110/bin/../lib/gcc/avr/4.3.3/../../../../avr/lib/avr5\libc.a(itoa.o)
                              ./HAL/LCD/LCD_program.o (itoa)
c:/winavr-20100110/bin/../lib/gcc/avr/4.3.3/../../../../avr/lib/avr5\libc.a(strrev.o)
                              c:/winavr-20100110/bin/../lib/gcc/avr/4.3.3/../../../../avr/lib/avr5\libc.a(itoa.o) (strrev)

Allocating common symbols
Common symbol       size              file

Temp_Speed          0x1               ./Application/Application_program.o
Diff_between_ADCS   0x2               ./Application/Application_program.o

Memory Configuration

Name             Origin             Length             Attributes
text             0x00000000         0x00020000         xr
data             0x00800060         0x0000ffa0         rw !x
eeprom           0x00810000         0x00010000         rw !x
fuse             0x00820000         0x00000400         rw !x
lock             0x00830000         0x00000400         rw !x
signature        0x00840000         0x00000400         rw !x
*default*        0x00000000         0xffffffff

Linker script and memory map

LOAD c:/winavr-20100110/bin/../lib/gcc/avr/4.3.3/../../../../avr/lib/avr5/crtm16.o
LOAD ./MCAL/TIMER1/TIMER1_config.o
LOAD ./MCAL/TIMER1/TIMER1_program.o
LOAD ./MCAL/TIMER0/TIMER0_config.o
LOAD ./MCAL/TIMER0/TIMER0_program.o
LOAD ./MCAL/GPIO/GPIO_program.o
LOAD ./MCAL/EXT_INT/EXT_INT_program.o
LOAD ./MCAL/ADC/ADC_config.o
LOAD ./MCAL/ADC/ADC_program.o
LOAD ./HAL/Potentiometer/POT_program.o
LOAD ./HAL/LED/LED_program.o
LOAD ./HAL/LCD/LCD_program.o
LOAD ./HAL/KEYPAD/Keypad_program.o
LOAD ./HAL/Buzzer/Buzzer_program.o
LOAD ./HAL/BUTTON/BUTTON_program.o
LOAD ./Application/Application_program.o
LOAD ./main.o
LOAD c:/winavr-20100110/bin/../lib/gcc/avr/4.3.3/avr5\libgcc.a
LOAD c:/winavr-20100110/bin/../lib/gcc/avr/4.3.3/../../../../avr/lib/avr5\libc.a
LOAD c:/winavr-20100110/bin/../lib/gcc/avr/4.3.3/avr5\libgcc.a

.hash
 *(.hash)

.dynsym
 *(.dynsym)

.dynstr
 *(.dynstr)

.gnu.version
 *(.gnu.version)

.gnu.version_d
 *(.gnu.version_d)

.gnu.version_r
 *(.gnu.version_r)

.rel.init
 *(.rel.init)

.rela.init
 *(.rela.init)

.rel.text
 *(.rel.text)
 *(.rel.text.*)
 *(.rel.gnu.linkonce.t*)

.rela.text
 *(.rela.text)
 *(.rela.text.*)
 *(.rela.gnu.linkonce.t*)

.rel.fini
 *(.rel.fini)

.rela.fini
 *(.rela.fini)

.rel.rodata
 *(.rel.rodata)
 *(.rel.rodata.*)
 *(.rel.gnu.linkonce.r*)

.rela.rodata
 *(.rela.rodata)
 *(.rela.rodata.*)
 *(.rela.gnu.linkonce.r*)

.rel.data
 *(.rel.data)
 *(.rel.data.*)
 *(.rel.gnu.linkonce.d*)

.rela.data
 *(.rela.data)
 *(.rela.data.*)
 *(.rela.gnu.linkonce.d*)

.rel.ctors
 *(.rel.ctors)

.rela.ctors
 *(.rela.ctors)

.rel.dtors
 *(.rel.dtors)

.rela.dtors
 *(.rela.dtors)

.rel.got
 *(.rel.got)

.rela.got
 *(.rela.got)

.rel.bss
 *(.rel.bss)

.rela.bss
 *(.rela.bss)

.rel.plt
 *(.rel.plt)

.rela.plt
 *(.rela.plt)

.text           0x00000000     0x4ff4
 *(.vectors)
 .vectors       0x00000000       0x54 c:/winavr-20100110/bin/../lib/gcc/avr/4.3.3/../../../../avr/lib/avr5/crtm16.o
                0x00000000                __vectors
                0x00000000                __vector_default
 *(.vectors)
 *(.progmem.gcc*)
 *(.progmem*)
                0x00000054                . = ALIGN (0x2)
                0x00000054                __trampolines_start = .
 *(.trampolines)
 .trampolines   0x00000054        0x0 linker stubs
 *(.trampolines*)
                0x00000054                __trampolines_end = .
 *(.jumptables)
 *(.jumptables*)
 *(.lowtext)
 *(.lowtext*)
                0x00000054                __ctors_start = .
 *(.ctors)
                0x00000054                __ctors_end = .
                0x00000054                __dtors_start = .
 *(.dtors)
                0x00000054                __dtors_end = .
 SORT(*)(.ctors)
 SORT(*)(.dtors)
 *(.init0)
 .init0         0x00000054        0x0 c:/winavr-20100110/bin/../lib/gcc/avr/4.3.3/../../../../avr/lib/avr5/crtm16.o
                0x00000054                __init
 *(.init0)
 *(.init1)
 *(.init1)
 *(.init2)
 .init2         0x00000054        0xc c:/winavr-20100110/bin/../lib/gcc/avr/4.3.3/../../../../avr/lib/avr5/crtm16.o
 *(.init2)
 *(.init3)
 *(.init3)
 *(.init4)
 .init4         0x00000060       0x16 c:/winavr-20100110/bin/../lib/gcc/avr/4.3.3/avr5\libgcc.a(_copy_data.o)
                0x00000060                __do_copy_data
 .init4         0x00000076       0x10 c:/winavr-20100110/bin/../lib/gcc/avr/4.3.3/avr5\libgcc.a(_clear_bss.o)
                0x00000076                __do_clear_bss
 *(.init4)
 *(.init5)
 *(.init5)
 *(.init6)
 *(.init6)
 *(.init7)
 *(.init7)
 *(.init8)
 *(.init8)
 *(.init9)
 .init9         0x00000086        0x8 c:/winavr-20100110/bin/../lib/gcc/avr/4.3.3/../../../../avr/lib/avr5/crtm16.o
 *(.init9)
 *(.text)
 .text          0x0000008e        0x4 c:/winavr-20100110/bin/../lib/gcc/avr/4.3.3/../../../../avr/lib/avr5/crtm16.o
                0x0000008e                __vector_12
                0x0000008e                __bad_interrupt
                0x0000008e                __vector_6
                0x0000008e                __vector_13
                0x0000008e                __vector_17
                0x0000008e                __vector_19
                0x0000008e                __vector_7
                0x0000008e                __vector_5
                0x0000008e                __vector_4
                0x0000008e                __vector_15
                0x0000008e                __vector_8
                0x0000008e                __vector_14
                0x0000008e                __vector_10
                0x0000008e                __vector_16
                0x0000008e                __vector_18
                0x0000008e                __vector_20
 .text          0x00000092        0x0 ./MCAL/TIMER1/TIMER1_config.o
 .text          0x00000092        0x0 ./MCAL/TIMER1/TIMER1_program.o
 .text          0x00000092        0x0 ./MCAL/TIMER0/TIMER0_config.o
 .text          0x00000092        0x0 ./MCAL/TIMER0/TIMER0_program.o
 .text          0x00000092        0x0 ./MCAL/GPIO/GPIO_program.o
 .text          0x00000092        0x0 ./MCAL/EXT_INT/EXT_INT_program.o
 .text          0x00000092        0x0 ./MCAL/ADC/ADC_config.o
 .text          0x00000092        0x0 ./MCAL/ADC/ADC_program.o
 .text          0x00000092        0x0 ./HAL/Potentiometer/POT_program.o
 .text          0x00000092        0x0 ./HAL/LED/LED_program.o
 .text          0x00000092        0x0 ./HAL/LCD/LCD_program.o
 .text          0x00000092        0x0 ./HAL/KEYPAD/Keypad_program.o
 .text          0x00000092        0x0 ./HAL/Buzzer/Buzzer_program.o
 .text          0x00000092        0x0 ./HAL/BUTTON/BUTTON_program.o
 .text          0x00000092        0x0 ./Application/Application_program.o
 .text          0x00000092        0x0 ./main.o
 .text          0x00000092        0x0 c:/winavr-20100110/bin/../lib/gcc/avr/4.3.3/avr5\libgcc.a(_mulsi3.o)
 .text          0x00000092        0x0 c:/winavr-20100110/bin/../lib/gcc/avr/4.3.3/avr5\libgcc.a(_udivmodqi4.o)
 .text          0x00000092        0x0 c:/winavr-20100110/bin/../lib/gcc/avr/4.3.3/avr5\libgcc.a(_udivmodhi4.o)
 .text          0x00000092        0x0 c:/winavr-20100110/bin/../lib/gcc/avr/4.3.3/avr5\libgcc.a(_udivmodsi4.o)
 .text          0x00000092        0x0 c:/winavr-20100110/bin/../lib/gcc/avr/4.3.3/avr5\libgcc.a(_exit.o)
 .text          0x00000092        0x0 c:/winavr-20100110/bin/../lib/gcc/avr/4.3.3/avr5\libgcc.a(_copy_data.o)
 .text          0x00000092        0x0 c:/winavr-20100110/bin/../lib/gcc/avr/4.3.3/avr5\libgcc.a(_clear_bss.o)
 .text          0x00000092       0x58 c:/winavr-20100110/bin/../lib/gcc/avr/4.3.3/avr5\libgcc.a(_fixunssfsi.o)
                0x00000092                __fixunssfsi
 .text          0x000000ea      0x354 c:/winavr-20100110/bin/../lib/gcc/avr/4.3.3/avr5\libgcc.a(_addsub_sf.o)
                0x00000382                __subsf3
                0x000003e4                __addsf3
 .text          0x0000043e      0x1f4 c:/winavr-20100110/bin/../lib/gcc/avr/4.3.3/avr5\libgcc.a(_mul_sf.o)
                0x0000043e                __mulsf3
 .text          0x00000632      0x158 c:/winavr-20100110/bin/../lib/gcc/avr/4.3.3/avr5\libgcc.a(_div_sf.o)
                0x00000632                __divsf3
 .text          0x0000078a       0x60 c:/winavr-20100110/bin/../lib/gcc/avr/4.3.3/avr5\libgcc.a(_gt_sf.o)
                0x0000078a                __gtsf2
 .text          0x000007ea       0x60 c:/winavr-20100110/bin/../lib/gcc/avr/4.3.3/avr5\libgcc.a(_ge_sf.o)
                0x000007ea                __gesf2
 .text          0x0000084a       0x60 c:/winavr-20100110/bin/../lib/gcc/avr/4.3.3/avr5\libgcc.a(_lt_sf.o)
                0x0000084a                __ltsf2
 .text          0x000008aa       0xbc c:/winavr-20100110/bin/../lib/gcc/avr/4.3.3/avr5\libgcc.a(_si_to_sf.o)
                0x000008aa                __floatsisf
 .text          0x00000966       0xa8 c:/winavr-20100110/bin/../lib/gcc/avr/4.3.3/avr5\libgcc.a(_sf_to_si.o)
                0x00000966                __fixsfsi
 .text          0x00000a0e        0x0 c:/winavr-20100110/bin/../lib/gcc/avr/4.3.3/avr5\libgcc.a(_thenan_sf.o)
 .text          0x00000a0e       0xf2 c:/winavr-20100110/bin/../lib/gcc/avr/4.3.3/avr5\libgcc.a(_usi_to_sf.o)
                0x00000a0e                __floatunsisf
 .text          0x00000b00        0x0 c:/winavr-20100110/bin/../lib/gcc/avr/4.3.3/avr5\libgcc.a(_prologue.o)
 .text          0x00000b00        0x0 c:/winavr-20100110/bin/../lib/gcc/avr/4.3.3/avr5\libgcc.a(_epilogue.o)
 .text          0x00000b00       0x9e c:/winavr-20100110/bin/../lib/gcc/avr/4.3.3/avr5\libgcc.a(_clzsi2.o)
                0x00000b00                __clzsi2
 .text          0x00000b9e      0x1aa c:/winavr-20100110/bin/../lib/gcc/avr/4.3.3/avr5\libgcc.a(_pack_sf.o)
                0x00000b9e                __pack_f
 .text          0x00000d48       0xf0 c:/winavr-20100110/bin/../lib/gcc/avr/4.3.3/avr5\libgcc.a(_unpack_sf.o)
                0x00000d48                __unpack_f
 .text          0x00000e38       0xb2 c:/winavr-20100110/bin/../lib/gcc/avr/4.3.3/avr5\libgcc.a(_fpcmp_parts_sf.o)
                0x00000e38                __fpcmp_parts_f
 .text          0x00000eea        0x0 c:/winavr-20100110/bin/../lib/gcc/avr/4.3.3/avr5\libgcc.a(_clz.o)
 .text          0x00000eea        0x0 c:/winavr-20100110/bin/../lib/gcc/avr/4.3.3/../../../../avr/lib/avr5\libc.a(itoa.o)
 .text          0x00000eea        0x0 c:/winavr-20100110/bin/../lib/gcc/avr/4.3.3/../../../../avr/lib/avr5\libc.a(strrev.o)
                0x00000eea                . = ALIGN (0x2)
 *(.text.*)
 .text.Timer1_SetCallBack
                0x00000eea       0x24 ./MCAL/TIMER1/TIMER1_program.o
                0x00000eea                Timer1_SetCallBack
 .text.__vector_9
                0x00000f0e       0x66 ./MCAL/TIMER1/TIMER1_program.o
                0x00000f0e                __vector_9
 .text.Timer1_Init
                0x00000f74       0x86 ./MCAL/TIMER1/TIMER1_program.o
                0x00000f74                Timer1_Init
 .text.Timer1_UpdateValue
                0x00000ffa       0x24 ./MCAL/TIMER1/TIMER1_program.o
                0x00000ffa                Timer1_UpdateValue
 .text.Timer1_StopClock
                0x0000101e       0x1c ./MCAL/TIMER1/TIMER1_program.o
                0x0000101e                Timer1_StopClock
 .text.Timer1_ProvideClock
                0x0000103a       0x24 ./MCAL/TIMER1/TIMER1_program.o
                0x0000103a                Timer1_ProvideClock
 .text.Timer1_DelayOVFInterrupt
                0x0000105e       0x12 ./MCAL/TIMER1/TIMER1_program.o
                0x0000105e                Timer1_DelayOVFInterrupt
 .text.Timer1_OVFDisableInterrupt
                0x00001070       0x1c ./MCAL/TIMER1/TIMER1_program.o
                0x00001070                Timer1_OVFDisableInterrupt
 .text.Timer1_OVFEnableInterrupt
                0x0000108c       0x1c ./MCAL/TIMER1/TIMER1_program.o
                0x0000108c                Timer1_OVFEnableInterrupt
 .text.Timer0_SetCallBack
                0x000010a8       0x24 ./MCAL/TIMER0/TIMER0_program.o
                0x000010a8                Timer0_SetCallBack
 .text.__vector_11
                0x000010cc       0x66 ./MCAL/TIMER0/TIMER0_program.o
                0x000010cc                __vector_11
 .text.Timer0_Init
                0x00001132       0x7e ./MCAL/TIMER0/TIMER0_program.o
                0x00001132                Timer0_Init
 .text.Timer0_UpdateValue
                0x000011b0       0x1c ./MCAL/TIMER0/TIMER0_program.o
                0x000011b0                Timer0_UpdateValue
 .text.Timer0_StopClock
                0x000011cc       0x1c ./MCAL/TIMER0/TIMER0_program.o
                0x000011cc                Timer0_StopClock
 .text.Timer0_ProvideClock
                0x000011e8       0x24 ./MCAL/TIMER0/TIMER0_program.o
                0x000011e8                Timer0_ProvideClock
 .text.Timer0_FastPWMSetOCR
                0x0000120c       0x1c ./MCAL/TIMER0/TIMER0_program.o
                0x0000120c                Timer0_FastPWMSetOCR
 .text.Timer0_FastPWMSetDutyCycle
                0x00001228       0x48 ./MCAL/TIMER0/TIMER0_program.o
                0x00001228                Timer0_FastPWMSetDutyCycle
 .text.Timer0_Enable_OVR_Flow_Interrupt
                0x00001270       0x1c ./MCAL/TIMER0/TIMER0_program.o
                0x00001270                Timer0_Enable_OVR_Flow_Interrupt
 .text.GPIO_init
                0x0000128c       0xcc ./MCAL/GPIO/GPIO_program.o
                0x0000128c                GPIO_init
 .text.GPIO_SetPinDirection
                0x00001358      0x3dc ./MCAL/GPIO/GPIO_program.o
                0x00001358                GPIO_SetPinDirection
 .text.GPIO_ReadPin
                0x00001734      0x136 ./MCAL/GPIO/GPIO_program.o
                0x00001734                GPIO_ReadPin
 .text.GPIO_WritePin
                0x0000186a      0x1f4 ./MCAL/GPIO/GPIO_program.o
                0x0000186a                GPIO_WritePin
 .text.GPIO_TogglePin
                0x00001a5e      0x10a ./MCAL/GPIO/GPIO_program.o
                0x00001a5e                GPIO_TogglePin
 .text.GPIO_SetPortDirection
                0x00001b68      0x152 ./MCAL/GPIO/GPIO_program.o
                0x00001b68                GPIO_SetPortDirection
 .text.GPIO_ReadPort
                0x00001cba       0x8a ./MCAL/GPIO/GPIO_program.o
                0x00001cba                GPIO_ReadPort
 .text.GPIO_WritePort
                0x00001d44       0x88 ./MCAL/GPIO/GPIO_program.o
                0x00001d44                GPIO_WritePort
 .text.GPIO_TogglePort
                0x00001dcc       0x9e ./MCAL/GPIO/GPIO_program.o
                0x00001dcc                GPIO_TogglePort
 .text.__vector_1
                0x00001e6a       0x66 ./MCAL/EXT_INT/EXT_INT_program.o
                0x00001e6a                __vector_1
 .text.__vector_2
                0x00001ed0       0x66 ./MCAL/EXT_INT/EXT_INT_program.o
                0x00001ed0                __vector_2
 .text.__vector_3
                0x00001f36       0x66 ./MCAL/EXT_INT/EXT_INT_program.o
                0x00001f36                __vector_3
 .text.INT0_SetCallBack
                0x00001f9c       0x24 ./MCAL/EXT_INT/EXT_INT_program.o
                0x00001f9c                INT0_SetCallBack
 .text.INT1_SetCallBack
                0x00001fc0       0x24 ./MCAL/EXT_INT/EXT_INT_program.o
                0x00001fc0                INT1_SetCallBack
 .text.INT2_SetCallBack
                0x00001fe4       0x24 ./MCAL/EXT_INT/EXT_INT_program.o
                0x00001fe4                INT2_SetCallBack
 .text.INT0_init
                0x00002008       0x44 ./MCAL/EXT_INT/EXT_INT_program.o
                0x00002008                INT0_init
 .text.INT1_init
                0x0000204c       0x50 ./MCAL/EXT_INT/EXT_INT_program.o
                0x0000204c                INT1_init
 .text.INT2_init
                0x0000209c       0x5a ./MCAL/EXT_INT/EXT_INT_program.o
                0x0000209c                INT2_init
 .text.INT0_DeInit
                0x000020f6       0x1c ./MCAL/EXT_INT/EXT_INT_program.o
                0x000020f6                INT0_DeInit
 .text.INT1_DeInit
                0x00002112       0x1c ./MCAL/EXT_INT/EXT_INT_program.o
                0x00002112                INT1_DeInit
 .text.INT2_DeInit
                0x0000212e       0x1c ./MCAL/EXT_INT/EXT_INT_program.o
                0x0000212e                INT2_DeInit
 .text.ADC_OnlyStartConversionGeneral
                0x0000214a       0x3c ./MCAL/ADC/ADC_program.o
                0x0000214a                ADC_OnlyStartConversionGeneral
 .text.ADC_Init
                0x00002186      0x10a ./MCAL/ADC/ADC_program.o
                0x00002186                ADC_Init
 .text.ADC_ReadChannelSingleConvertion
                0x00002290       0x4e ./MCAL/ADC/ADC_program.o
                0x00002290                ADC_ReadChannelSingleConvertion
 .text.ADC_FreeRunningStart
                0x000022de       0x1a ./MCAL/ADC/ADC_program.o
                0x000022de                ADC_FreeRunningStart
 .text.ADC_ReadConversionRegister
                0x000022f8       0x92 ./MCAL/ADC/ADC_program.o
                0x000022f8                ADC_ReadConversionRegister
 .text.POT_Init
                0x0000238a       0x1e ./HAL/Potentiometer/POT_program.o
                0x0000238a                POT_Init
 .text.POT_GetValue
                0x000023a8       0x1a ./HAL/Potentiometer/POT_program.o
                0x000023a8                POT_GetValue
 .text.LED_Init
                0x000023c2       0x22 ./HAL/LED/LED_program.o
                0x000023c2                LED_Init
 .text.LED_OnOffPositiveLogic
                0x000023e4       0x40 ./HAL/LED/LED_program.o
                0x000023e4                LED_OnOffPositiveLogic
 .text.LED_OnOffNegativeLogic
                0x00002424       0x40 ./HAL/LED/LED_program.o
                0x00002424                LED_OnOffNegativeLogic
 .text.LED_Toggle
                0x00002464       0x20 ./HAL/LED/LED_program.o
                0x00002464                LED_Toggle
 .text.LCD_init
                0x00002484       0x62 ./HAL/LCD/LCD_program.o
                0x00002484                LCD_init
 .text.LCD_SendCommand
                0x000024e6      0x8c0 ./HAL/LCD/LCD_program.o
                0x000024e6                LCD_SendCommand
 .text.LCD_DisplayCharacter
                0x00002da6      0x8ec ./HAL/LCD/LCD_program.o
                0x00002da6                LCD_DisplayCharacter
 .text.LCD_DisplayString
                0x00003692       0x52 ./HAL/LCD/LCD_program.o
                0x00003692                LCD_DisplayString
 .text.LCD_MoveCursor
                0x000036e4       0xb2 ./HAL/LCD/LCD_program.o
                0x000036e4                LCD_MoveCursor
 .text.LCD_DisplayStringRowCol
                0x00003796       0x32 ./HAL/LCD/LCD_program.o
                0x00003796                LCD_DisplayStringRowCol
 .text.LCD_ClearScreen
                0x000037c8       0x1c ./HAL/LCD/LCD_program.o
                0x000037c8                LCD_ClearScreen
 .text.LCD_MoveCursorRight
                0x000037e4       0xc4 ./HAL/LCD/LCD_program.o
                0x000037e4                LCD_MoveCursorRight
 .text.LCD_MoveCursorLeft
                0x000038a8       0xcc ./HAL/LCD/LCD_program.o
                0x000038a8                LCD_MoveCursorLeft
 .text.LCD_ShitEntireDisplayRight
                0x00003974       0x14 ./HAL/LCD/LCD_program.o
                0x00003974                LCD_ShitEntireDisplayRight
 .text.LCD_ShitEntireDisplayLeft
                0x00003988       0x14 ./HAL/LCD/LCD_program.o
                0x00003988                LCD_ShitEntireDisplayLeft
 .text.LCD_GenerateCharacterCGRAM
                0x0000399c       0x5e ./HAL/LCD/LCD_program.o
                0x0000399c                LCD_GenerateCharacterCGRAM
 .text.LCD_DisplayCustomCharacter
                0x000039fa       0x1a ./HAL/LCD/LCD_program.o
                0x000039fa                LCD_DisplayCustomCharacter
 .text.LCD_DisplayCustomCharacterRowCol
                0x00003a14       0x2c ./HAL/LCD/LCD_program.o
                0x00003a14                LCD_DisplayCustomCharacterRowCol
 .text.LCD_intToString
                0x00003a40       0x4a ./HAL/LCD/LCD_program.o
                0x00003a40                LCD_intToString
 .text.Keypad_4X3_AdjustKeyNumber
                0x00003a8a       0x68 ./HAL/KEYPAD/Keypad_program.o
 .text.Keypad_init
                0x00003af2       0x7c ./HAL/KEYPAD/Keypad_program.o
                0x00003af2                Keypad_init
 .text.Keypad_GetPressedKey
                0x00003b6e       0xec ./HAL/KEYPAD/Keypad_program.o
                0x00003b6e                Keypad_GetPressedKey
 .text.Buzzer_Init
                0x00003c5a       0x22 ./HAL/Buzzer/Buzzer_program.o
                0x00003c5a                Buzzer_Init
 .text.Buzzer_OnOffPositiveLogic
                0x00003c7c       0x40 ./HAL/Buzzer/Buzzer_program.o
                0x00003c7c                Buzzer_OnOffPositiveLogic
 .text.Buzzer_OnOffNegativeLogic
                0x00003cbc       0x40 ./HAL/Buzzer/Buzzer_program.o
                0x00003cbc                Buzzer_OnOffNegativeLogic
 .text.Buzzer_Toggle
                0x00003cfc       0x20 ./HAL/Buzzer/Buzzer_program.o
                0x00003cfc                Buzzer_Toggle
 .text.BUTTON_Init
                0x00003d1c       0x28 ./HAL/BUTTON/BUTTON_program.o
                0x00003d1c                BUTTON_Init
 .text.BUTTON_GetValue
                0x00003d44       0x20 ./HAL/BUTTON/BUTTON_program.o
                0x00003d44                BUTTON_GetValue
 .text.App_StateMachineUpdate
                0x00003d64       0x2e ./Application/Application_program.o
                0x00003d64                App_StateMachineUpdate
 .text.Hanndle_GrearBox_D_State
                0x00003d92       0x16 ./Application/Application_program.o
 .text.Hanndle_GrearBox_N_State
                0x00003da8       0x2a ./Application/Application_program.o
 .text.Hanndle_GrearBox_R_State
                0x00003dd2       0x52 ./Application/Application_program.o
 .text.App_Init
                0x00003e24       0xda ./Application/Application_program.o
                0x00003e24                App_Init
 .text.DashBoard_Init
                0x00003efe       0x8e ./Application/Application_program.o
 .text.DashBoard_Update_GearBox_state
                0x00003f8c       0x8a ./Application/Application_program.o
 .text.DashBoard_Update_CCS_State
                0x00004016       0x36 ./Application/Application_program.o
 .text.DashBoard_Update_BrakingAssist_State
                0x0000404c       0x34 ./Application/Application_program.o
 .text.DashBoard_Update_SpeedLimiter_State
                0x00004080       0x34 ./Application/Application_program.o
 .text.DashBoard_updateSpeedLimitValue
                0x000040b4       0x3e ./Application/Application_program.o
 .text.App_GetDiffCarSpeed_and_limit
                0x000040f2       0x88 ./Application/Application_program.o
 .text.DashBoard_SpeedLimit_status_update
                0x0000417a       0x52 ./Application/Application_program.o
 .text.DahBoard_Update_DrivingMonetoring_State
                0x000041cc       0x34 ./Application/Application_program.o
 .text.DashBoard_DrivingMonetoring_Status_update
                0x00004200       0x40 ./Application/Application_program.o
 .text.DashBoard_DrivingMonetoring_continous_Status_update
                0x00004240       0x1a ./Application/Application_program.o
 .text.APP_DashBoardPage_update
                0x0000425a      0x108 ./Application/Application_program.o
 .text.APP_DashBoard_SwitchPages
                0x00004362       0xfa ./Application/Application_program.o
 .text.APP_KeypadUpdate
                0x0000445c      0x346 ./Application/Application_program.o
 .text.Braking_Button_Handling
                0x000047a2       0x68 ./Application/Application_program.o
 .text.tessst   0x0000480a       0x4e ./Application/Application_program.o
                0x0000480a                tessst
 .text.Braking_LongPressHandle
                0x00004858       0x32 ./Application/Application_program.o
                0x00004858                Braking_LongPressHandle
 .text.DashBoard_updateTime
                0x0000488a       0xe2 ./Application/Application_program.o
 .text.ACCS_CatchDistance
                0x0000496c      0x104 ./Application/Application_program.o
 .text.ACCS_DicisionTake
                0x00004a70      0x13a ./Application/Application_program.o
 .text.App_CarSpeedUpdate
                0x00004baa       0xfc ./Application/Application_program.o
 .text.App_TimeOut_handle_DM_Time
                0x00004ca6       0xce ./Application/Application_program.o
 .text.TImer0_OVF_Handling_Fun
                0x00004d74       0xd8 ./Application/Application_program.o
 .text.main     0x00004e4c       0x12 ./main.o
                0x00004e4c                main
 .text.libgcc   0x00004e5e       0x3e c:/winavr-20100110/bin/../lib/gcc/avr/4.3.3/avr5\libgcc.a(_mulsi3.o)
                0x00004e5e                __mulsi3
 .text.libgcc   0x00004e9c       0x18 c:/winavr-20100110/bin/../lib/gcc/avr/4.3.3/avr5\libgcc.a(_udivmodqi4.o)
                0x00004e9c                __udivmodqi4
 .text.libgcc   0x00004eb4       0x28 c:/winavr-20100110/bin/../lib/gcc/avr/4.3.3/avr5\libgcc.a(_udivmodhi4.o)
                0x00004eb4                __udivmodhi4
 .text.libgcc   0x00004edc       0x44 c:/winavr-20100110/bin/../lib/gcc/avr/4.3.3/avr5\libgcc.a(_udivmodsi4.o)
                0x00004edc                __udivmodsi4
 .text.libgcc   0x00004f20        0x0 c:/winavr-20100110/bin/../lib/gcc/avr/4.3.3/avr5\libgcc.a(_exit.o)
 .text.libgcc   0x00004f20        0x0 c:/winavr-20100110/bin/../lib/gcc/avr/4.3.3/avr5\libgcc.a(_copy_data.o)
 .text.libgcc   0x00004f20        0x0 c:/winavr-20100110/bin/../lib/gcc/avr/4.3.3/avr5\libgcc.a(_clear_bss.o)
 .text.libgcc   0x00004f20       0x38 c:/winavr-20100110/bin/../lib/gcc/avr/4.3.3/avr5\libgcc.a(_prologue.o)
                0x00004f20                __prologue_saves__
 .text.libgcc   0x00004f58       0x36 c:/winavr-20100110/bin/../lib/gcc/avr/4.3.3/avr5\libgcc.a(_epilogue.o)
                0x00004f58                __epilogue_restores__
 .text.avr-libc
                0x00004f8e       0x42 c:/winavr-20100110/bin/../lib/gcc/avr/4.3.3/../../../../avr/lib/avr5\libc.a(itoa.o)
                0x00004f8e                itoa
 .text.avr-libc
                0x00004fd0       0x20 c:/winavr-20100110/bin/../lib/gcc/avr/4.3.3/../../../../avr/lib/avr5\libc.a(strrev.o)
                0x00004fd0                strrev
                0x00004ff0                . = ALIGN (0x2)
 *(.fini9)
 .fini9         0x00004ff0        0x0 c:/winavr-20100110/bin/../lib/gcc/avr/4.3.3/avr5\libgcc.a(_exit.o)
                0x00004ff0                exit
                0x00004ff0                _exit
 *(.fini9)
 *(.fini8)
 *(.fini8)
 *(.fini7)
 *(.fini7)
 *(.fini6)
 *(.fini6)
 *(.fini5)
 *(.fini5)
 *(.fini4)
 *(.fini4)
 *(.fini3)
 *(.fini3)
 *(.fini2)
 *(.fini2)
 *(.fini1)
 *(.fini1)
 *(.fini0)
 .fini0         0x00004ff0        0x4 c:/winavr-20100110/bin/../lib/gcc/avr/4.3.3/avr5\libgcc.a(_exit.o)
 *(.fini0)
                0x00004ff4                _etext = .

.data           0x00800060      0x210 load address 0x00004ff4
                0x00800060                PROVIDE (__data_start, .)
 *(.data)
 .data          0x00800060        0x0 c:/winavr-20100110/bin/../lib/gcc/avr/4.3.3/../../../../avr/lib/avr5/crtm16.o
 .data          0x00800060        0x0 ./MCAL/TIMER1/TIMER1_config.o
 .data          0x00800060        0x0 ./MCAL/TIMER1/TIMER1_program.o
 .data          0x00800060        0x0 ./MCAL/TIMER0/TIMER0_config.o
 .data          0x00800060        0x0 ./MCAL/TIMER0/TIMER0_program.o
 .data          0x00800060        0x0 ./MCAL/GPIO/GPIO_program.o
 .data          0x00800060        0x0 ./MCAL/EXT_INT/EXT_INT_program.o
 .data          0x00800060        0x0 ./MCAL/ADC/ADC_config.o
 .data          0x00800060        0x0 ./MCAL/ADC/ADC_program.o
 .data          0x00800060        0x0 ./HAL/Potentiometer/POT_program.o
 .data          0x00800060        0x0 ./HAL/LED/LED_program.o
 .data          0x00800060        0x0 ./HAL/LCD/LCD_program.o
 .data          0x00800060        0x0 ./HAL/KEYPAD/Keypad_program.o
 .data          0x00800060        0x0 ./HAL/Buzzer/Buzzer_program.o
 .data          0x00800060        0x0 ./HAL/BUTTON/BUTTON_program.o
 .data          0x00800060       0x90 ./Application/Application_program.o
 .data          0x008000f0        0x0 ./main.o
 .data          0x008000f0        0x0 c:/winavr-20100110/bin/../lib/gcc/avr/4.3.3/avr5\libgcc.a(_mulsi3.o)
 .data          0x008000f0        0x0 c:/winavr-20100110/bin/../lib/gcc/avr/4.3.3/avr5\libgcc.a(_udivmodqi4.o)
 .data          0x008000f0        0x0 c:/winavr-20100110/bin/../lib/gcc/avr/4.3.3/avr5\libgcc.a(_udivmodhi4.o)
 .data          0x008000f0        0x0 c:/winavr-20100110/bin/../lib/gcc/avr/4.3.3/avr5\libgcc.a(_udivmodsi4.o)
 .data          0x008000f0        0x0 c:/winavr-20100110/bin/../lib/gcc/avr/4.3.3/avr5\libgcc.a(_exit.o)
 .data          0x008000f0        0x0 c:/winavr-20100110/bin/../lib/gcc/avr/4.3.3/avr5\libgcc.a(_copy_data.o)
 .data          0x008000f0        0x0 c:/winavr-20100110/bin/../lib/gcc/avr/4.3.3/avr5\libgcc.a(_clear_bss.o)
 .data          0x008000f0        0x0 c:/winavr-20100110/bin/../lib/gcc/avr/4.3.3/avr5\libgcc.a(_fixunssfsi.o)
 .data          0x008000f0        0x0 c:/winavr-20100110/bin/../lib/gcc/avr/4.3.3/avr5\libgcc.a(_addsub_sf.o)
 .data          0x008000f0        0x0 c:/winavr-20100110/bin/../lib/gcc/avr/4.3.3/avr5\libgcc.a(_mul_sf.o)
 .data          0x008000f0        0x0 c:/winavr-20100110/bin/../lib/gcc/avr/4.3.3/avr5\libgcc.a(_div_sf.o)
 .data          0x008000f0        0x0 c:/winavr-20100110/bin/../lib/gcc/avr/4.3.3/avr5\libgcc.a(_gt_sf.o)
 .data          0x008000f0        0x0 c:/winavr-20100110/bin/../lib/gcc/avr/4.3.3/avr5\libgcc.a(_ge_sf.o)
 .data          0x008000f0        0x0 c:/winavr-20100110/bin/../lib/gcc/avr/4.3.3/avr5\libgcc.a(_lt_sf.o)
 .data          0x008000f0        0x0 c:/winavr-20100110/bin/../lib/gcc/avr/4.3.3/avr5\libgcc.a(_si_to_sf.o)
 .data          0x008000f0        0x0 c:/winavr-20100110/bin/../lib/gcc/avr/4.3.3/avr5\libgcc.a(_sf_to_si.o)
 .data          0x008000f0        0x8 c:/winavr-20100110/bin/../lib/gcc/avr/4.3.3/avr5\libgcc.a(_thenan_sf.o)
                0x008000f0                __thenan_sf
 .data          0x008000f8        0x0 c:/winavr-20100110/bin/../lib/gcc/avr/4.3.3/avr5\libgcc.a(_usi_to_sf.o)
 .data          0x008000f8        0x0 c:/winavr-20100110/bin/../lib/gcc/avr/4.3.3/avr5\libgcc.a(_prologue.o)
 .data          0x008000f8        0x0 c:/winavr-20100110/bin/../lib/gcc/avr/4.3.3/avr5\libgcc.a(_epilogue.o)
 .data          0x008000f8        0x0 c:/winavr-20100110/bin/../lib/gcc/avr/4.3.3/avr5\libgcc.a(_clzsi2.o)
 .data          0x008000f8        0x0 c:/winavr-20100110/bin/../lib/gcc/avr/4.3.3/avr5\libgcc.a(_pack_sf.o)
 .data          0x008000f8        0x0 c:/winavr-20100110/bin/../lib/gcc/avr/4.3.3/avr5\libgcc.a(_unpack_sf.o)
 .data          0x008000f8        0x0 c:/winavr-20100110/bin/../lib/gcc/avr/4.3.3/avr5\libgcc.a(_fpcmp_parts_sf.o)
 .data          0x008000f8      0x100 c:/winavr-20100110/bin/../lib/gcc/avr/4.3.3/avr5\libgcc.a(_clz.o)
                0x008000f8                __clz_tab
 .data          0x008001f8        0x0 c:/winavr-20100110/bin/../lib/gcc/avr/4.3.3/../../../../avr/lib/avr5\libc.a(itoa.o)
 .data          0x008001f8        0x0 c:/winavr-20100110/bin/../lib/gcc/avr/4.3.3/../../../../avr/lib/avr5\libc.a(strrev.o)
 *(.data*)
 .data.TIMER1_ConfigTypeParam
                0x008001f8        0x1 ./MCAL/TIMER1/TIMER1_config.o
                0x008001f8                TIMER1_ConfigTypeParam
 .data.TIMER0_ConfigTypeParam
                0x008001f9        0x2 ./MCAL/TIMER0/TIMER0_config.o
                0x008001f9                TIMER0_ConfigTypeParam
 .data.GPIO_configParam
                0x008001fb        0x3 ./MCAL/GPIO/GPIO_program.o
                0x008001fb                GPIO_configParam
 .data.ADC_ConfigTypeParam
                0x008001fe        0x5 ./MCAL/ADC/ADC_config.o
                0x008001fe                ADC_ConfigTypeParam
 .data.HeartCustomCharacter
                0x00800203        0x8 ./HAL/LCD/LCD_program.o
                0x00800203                HeartCustomCharacter
 .data.BatteryCharge
                0x0080020b        0x8 ./HAL/LCD/LCD_program.o
                0x0080020b                BatteryCharge
 .data.LCD_Page_Not_Selected
                0x00800213        0x8 ./HAL/LCD/LCD_program.o
                0x00800213                LCD_Page_Not_Selected
 .data.LCD_Page_Selected
                0x0080021b        0x8 ./HAL/LCD/LCD_program.o
                0x0080021b                LCD_Page_Selected
 .data.LCD_Right_ICON
                0x00800223        0x8 ./HAL/LCD/LCD_program.o
                0x00800223                LCD_Right_ICON
 .data.LCD_False_ICON
                0x0080022b        0x8 ./HAL/LCD/LCD_program.o
                0x0080022b                LCD_False_ICON
 .data.LCD_Mute_ICON
                0x00800233        0x8 ./HAL/LCD/LCD_program.o
                0x00800233                LCD_Mute_ICON
 .data.LCD_Skull_ICON
                0x0080023b        0x8 ./HAL/LCD/LCD_program.o
                0x0080023b                LCD_Skull_ICON
 .data.LCD_Alarm_ICON
                0x00800243        0x8 ./HAL/LCD/LCD_program.o
                0x00800243                LCD_Alarm_ICON
 .data.sequelizeCOL
                0x0080024b        0x3 ./HAL/KEYPAD/Keypad_program.o
                0x0080024b                sequelizeCOL
 .data.sequelizeROW
                0x0080024e        0x4 ./HAL/KEYPAD/Keypad_program.o
                0x0080024e                sequelizeROW
 .data.Page_Current_State
                0x00800252        0x1 ./Application/Application_program.o
                0x00800252                Page_Current_State
 .data.Global_Braking_BTN_State
                0x00800253        0x1 ./Application/Application_program.o
 .data.Global_Speed_Limiter_value
                0x00800254        0x1 ./Application/Application_program.o
 .data.DrivingMonetoring_Current_Status
                0x00800255        0x1 ./Application/Application_program.o
                0x00800255                DrivingMonetoring_Current_Status
 .data.Clock_sec
                0x00800256        0x1 ./Application/Application_program.o
                0x00800256                Clock_sec
 .data.Clock_min
                0x00800257        0x1 ./Application/Application_program.o
                0x00800257                Clock_min
 .data.Clock_hour
                0x00800258        0x1 ./Application/Application_program.o
                0x00800258                Clock_hour
 .data.SL_FirstTime_DEC.1795
                0x00800259        0x1 ./Application/Application_program.o
 .data.SL_FirstTime_INC.1793
                0x0080025a        0x1 ./Application/Application_program.o
 .data.Braking_BTN_State.1944
                0x0080025b        0x1 ./Application/Application_program.o
 *(.rodata)
 *(.rodata*)
 .rodata.C.12.1645
                0x0080025c        0x3 ./Application/Application_program.o
 .rodata.C.30.1743
                0x0080025f       0x10 ./Application/Application_program.o
 *(.gnu.linkonce.d*)
                0x00800270                . = ALIGN (0x2)
 *fill*         0x0080026f        0x1 00
                0x00800270                _edata = .
                0x00800270                PROVIDE (__data_end, .)

.bss            0x00800270       0x36
                0x00800270                PROVIDE (__bss_start, .)
 *(.bss)
 .bss           0x00800270        0x0 c:/winavr-20100110/bin/../lib/gcc/avr/4.3.3/../../../../avr/lib/avr5/crtm16.o
 .bss           0x00800270        0x0 ./MCAL/TIMER1/TIMER1_config.o
 .bss           0x00800270        0x0 ./MCAL/TIMER1/TIMER1_program.o
 .bss           0x00800270        0x0 ./MCAL/TIMER0/TIMER0_config.o
 .bss           0x00800270        0x0 ./MCAL/TIMER0/TIMER0_program.o
 .bss           0x00800270        0x0 ./MCAL/GPIO/GPIO_program.o
 .bss           0x00800270        0x0 ./MCAL/EXT_INT/EXT_INT_program.o
 .bss           0x00800270        0x0 ./MCAL/ADC/ADC_config.o
 .bss           0x00800270        0x0 ./MCAL/ADC/ADC_program.o
 .bss           0x00800270        0x0 ./HAL/Potentiometer/POT_program.o
 .bss           0x00800270        0x0 ./HAL/LED/LED_program.o
 .bss           0x00800270        0x0 ./HAL/LCD/LCD_program.o
 .bss           0x00800270        0x0 ./HAL/KEYPAD/Keypad_program.o
 .bss           0x00800270        0x0 ./HAL/Buzzer/Buzzer_program.o
 .bss           0x00800270        0x0 ./HAL/BUTTON/BUTTON_program.o
 .bss           0x00800270        0x0 ./Application/Application_program.o
 .bss           0x00800270        0x0 ./main.o
 .bss           0x00800270        0x0 c:/winavr-20100110/bin/../lib/gcc/avr/4.3.3/avr5\libgcc.a(_mulsi3.o)
 .bss           0x00800270        0x0 c:/winavr-20100110/bin/../lib/gcc/avr/4.3.3/avr5\libgcc.a(_udivmodqi4.o)
 .bss           0x00800270        0x0 c:/winavr-20100110/bin/../lib/gcc/avr/4.3.3/avr5\libgcc.a(_udivmodhi4.o)
 .bss           0x00800270        0x0 c:/winavr-20100110/bin/../lib/gcc/avr/4.3.3/avr5\libgcc.a(_udivmodsi4.o)
 .bss           0x00800270        0x0 c:/winavr-20100110/bin/../lib/gcc/avr/4.3.3/avr5\libgcc.a(_exit.o)
 .bss           0x00800270        0x0 c:/winavr-20100110/bin/../lib/gcc/avr/4.3.3/avr5\libgcc.a(_copy_data.o)
 .bss           0x00800270        0x0 c:/winavr-20100110/bin/../lib/gcc/avr/4.3.3/avr5\libgcc.a(_clear_bss.o)
 .bss           0x00800270        0x0 c:/winavr-20100110/bin/../lib/gcc/avr/4.3.3/avr5\libgcc.a(_fixunssfsi.o)
 .bss           0x00800270        0x0 c:/winavr-20100110/bin/../lib/gcc/avr/4.3.3/avr5\libgcc.a(_addsub_sf.o)
 .bss           0x00800270        0x0 c:/winavr-20100110/bin/../lib/gcc/avr/4.3.3/avr5\libgcc.a(_mul_sf.o)
 .bss           0x00800270        0x0 c:/winavr-20100110/bin/../lib/gcc/avr/4.3.3/avr5\libgcc.a(_div_sf.o)
 .bss           0x00800270        0x0 c:/winavr-20100110/bin/../lib/gcc/avr/4.3.3/avr5\libgcc.a(_gt_sf.o)
 .bss           0x00800270        0x0 c:/winavr-20100110/bin/../lib/gcc/avr/4.3.3/avr5\libgcc.a(_ge_sf.o)
 .bss           0x00800270        0x0 c:/winavr-20100110/bin/../lib/gcc/avr/4.3.3/avr5\libgcc.a(_lt_sf.o)
 .bss           0x00800270        0x0 c:/winavr-20100110/bin/../lib/gcc/avr/4.3.3/avr5\libgcc.a(_si_to_sf.o)
 .bss           0x00800270        0x0 c:/winavr-20100110/bin/../lib/gcc/avr/4.3.3/avr5\libgcc.a(_sf_to_si.o)
 .bss           0x00800270        0x0 c:/winavr-20100110/bin/../lib/gcc/avr/4.3.3/avr5\libgcc.a(_thenan_sf.o)
 .bss           0x00800270        0x0 c:/winavr-20100110/bin/../lib/gcc/avr/4.3.3/avr5\libgcc.a(_usi_to_sf.o)
 .bss           0x00800270        0x0 c:/winavr-20100110/bin/../lib/gcc/avr/4.3.3/avr5\libgcc.a(_prologue.o)
 .bss           0x00800270        0x0 c:/winavr-20100110/bin/../lib/gcc/avr/4.3.3/avr5\libgcc.a(_epilogue.o)
 .bss           0x00800270        0x0 c:/winavr-20100110/bin/../lib/gcc/avr/4.3.3/avr5\libgcc.a(_clzsi2.o)
 .bss           0x00800270        0x0 c:/winavr-20100110/bin/../lib/gcc/avr/4.3.3/avr5\libgcc.a(_pack_sf.o)
 .bss           0x00800270        0x0 c:/winavr-20100110/bin/../lib/gcc/avr/4.3.3/avr5\libgcc.a(_unpack_sf.o)
 .bss           0x00800270        0x0 c:/winavr-20100110/bin/../lib/gcc/avr/4.3.3/avr5\libgcc.a(_fpcmp_parts_sf.o)
 .bss           0x00800270        0x0 c:/winavr-20100110/bin/../lib/gcc/avr/4.3.3/avr5\libgcc.a(_clz.o)
 .bss           0x00800270        0x0 c:/winavr-20100110/bin/../lib/gcc/avr/4.3.3/../../../../avr/lib/avr5\libc.a(itoa.o)
 .bss           0x00800270        0x0 c:/winavr-20100110/bin/../lib/gcc/avr/4.3.3/../../../../avr/lib/avr5\libc.a(strrev.o)
 *(.bss*)
 .bss.g_CallBackPtr_T1
                0x00800270        0x2 ./MCAL/TIMER1/TIMER1_program.o
 .bss.g_CallBackPtr_T0
                0x00800272        0x2 ./MCAL/TIMER0/TIMER0_program.o
 .bss.g_CallBackPtr_INT0
                0x00800274        0x2 ./MCAL/EXT_INT/EXT_INT_program.o
 .bss.g_CallBackPtr_INT1
                0x00800276        0x2 ./MCAL/EXT_INT/EXT_INT_program.o
 .bss.g_CallBackPtr_INT2
                0x00800278        0x2 ./MCAL/EXT_INT/EXT_INT_program.o
 .bss.ADC_conversion_value
                0x0080027a        0x2 ./MCAL/ADC/ADC_program.o
                0x0080027a                ADC_conversion_value
 .bss.row_global
                0x0080027c        0x1 ./HAL/LCD/LCD_program.o
 .bss.col_global
                0x0080027d        0x1 ./HAL/LCD/LCD_program.o
 .bss.GearBox_Current_State
                0x0080027e        0x1 ./Application/Application_program.o
                0x0080027e                GearBox_Current_State
 .bss.CCS_Currnet_state
                0x0080027f        0x1 ./Application/Application_program.o
                0x0080027f                CCS_Currnet_state
 .bss.SpeedLimit_Current__State
                0x00800280        0x1 ./Application/Application_program.o
                0x00800280                SpeedLimit_Current__State
 .bss.BrakingAssist_Current_State
                0x00800281        0x1 ./Application/Application_program.o
                0x00800281                BrakingAssist_Current_State
 .bss.DrivingMonetoring_Current_State
                0x00800282        0x1 ./Application/Application_program.o
                0x00800282                DrivingMonetoring_Current_State
 .bss.Car_Speed
                0x00800283        0x2 ./Application/Application_program.o
 .bss.distance_ACCS
                0x00800285        0x4 ./Application/Application_program.o
                0x00800285                distance_ACCS
 .bss.Speed_limit_Current_Status
                0x00800289        0x1 ./Application/Application_program.o
                0x00800289                Speed_limit_Current_Status
 .bss.Distance_BA_Current_status
                0x0080028a        0x1 ./Application/Application_program.o
                0x0080028a                Distance_BA_Current_status
 .bss.TimeOut_Counter
                0x0080028b        0x1 ./Application/Application_program.o
                0x0080028b                TimeOut_Counter
 .bss.Accumulative_Distance
                0x0080028c        0x4 ./Application/Application_program.o
                0x0080028c                Accumulative_Distance
 .bss.Timer0_Overflow_Counter_RTClock
                0x00800290        0x1 ./Application/Application_program.o
                0x00800290                Timer0_Overflow_Counter_RTClock
 .bss.Timer0_Overflow_counter_DM
                0x00800291        0x2 ./Application/Application_program.o
                0x00800291                Timer0_Overflow_counter_DM
 .bss.Buzzer_GiveSound
                0x00800293        0x1 ./Application/Application_program.o
                0x00800293                Buzzer_GiveSound
 .bss.Buzzer_Timer0_OVF_count
                0x00800294        0x1 ./Application/Application_program.o
                0x00800294                Buzzer_Timer0_OVF_count
 .bss.SL_DEC_repeation.1796
                0x00800295        0x1 ./Application/Application_program.o
 .bss.SL_INC_repeation.1794
                0x00800296        0x1 ./Application/Application_program.o
 .bss.DrivingMonetoring_IsStillPressed.1791
                0x00800297        0x1 ./Application/Application_program.o
 .bss.BrakingAssit_IsStillPressed.1790
                0x00800298        0x1 ./Application/Application_program.o
 .bss.SL_DecIsStillPressed.1789
                0x00800299        0x1 ./Application/Application_program.o
 .bss.SL_IncIsStillPressed.1788
                0x0080029a        0x1 ./Application/Application_program.o
 .bss.SL_ON_OFFIsStillPressed.1787
                0x0080029b        0x1 ./Application/Application_program.o
 .bss.L_Page_IsStillPressed.1786
                0x0080029c        0x1 ./Application/Application_program.o
 .bss.R_Page_IsStillPressed.1785
                0x0080029d        0x1 ./Application/Application_program.o
 .bss.CCS_IsStillPressed.1784
                0x0080029e        0x1 ./Application/Application_program.o
 .bss.GearBox_IsStillPressed.1783
                0x0080029f        0x1 ./Application/Application_program.o
 .bss.Prev_Adc_value_pure.2066
                0x008002a0        0x2 ./Application/Application_program.o
 .bss.Adc_value_pure
                0x008002a2        0x1 ./main.o
                0x008002a2                Adc_value_pure
 *(COMMON)
 COMMON         0x008002a3        0x3 ./Application/Application_program.o
                0x008002a3                Temp_Speed
                0x008002a4                Diff_between_ADCS
                0x008002a6                PROVIDE (__bss_end, .)
                0x00004ff4                __data_load_start = LOADADDR (.data)
                0x00005204                __data_load_end = (__data_load_start + SIZEOF (.data))

.noinit         0x008002a6        0x0
                0x008002a6                PROVIDE (__noinit_start, .)
 *(.noinit*)
                0x008002a6                PROVIDE (__noinit_end, .)
                0x008002a6                _end = .
                0x008002a6                PROVIDE (__heap_start, .)

.eeprom         0x00810000        0x0
 *(.eeprom*)
                0x00810000                __eeprom_end = .

.fuse
 *(.fuse)
 *(.lfuse)
 *(.hfuse)
 *(.efuse)

.lock
 *(.lock*)

.signature
 *(.signature*)

.stab           0x00000000     0x6ac8
 *(.stab)
 .stab          0x00000000      0x12c ./MCAL/TIMER1/TIMER1_config.o
 .stab          0x0000012c      0x45c ./MCAL/TIMER1/TIMER1_program.o
                                0x498 (size before relaxing)
 .stab          0x00000588      0x138 ./MCAL/TIMER0/TIMER0_config.o
                                0x144 (size before relaxing)
 .stab          0x000006c0      0x45c ./MCAL/TIMER0/TIMER0_program.o
                                0x4b0 (size before relaxing)
 .stab          0x00000b1c      0xab0 ./MCAL/GPIO/GPIO_program.o
                                0xabc (size before relaxing)
 .stab          0x000015cc      0x588 ./MCAL/EXT_INT/EXT_INT_program.o
                                0x594 (size before relaxing)
 .stab          0x00001b54      0x180 ./MCAL/ADC/ADC_config.o
                                0x18c (size before relaxing)
 .stab          0x00001cd4      0x4a4 ./MCAL/ADC/ADC_program.o
                                0x540 (size before relaxing)
 .stab          0x00002178      0x264 ./HAL/Potentiometer/POT_program.o
                                0x270 (size before relaxing)
 .stab          0x000023dc      0x390 ./HAL/LED/LED_program.o
                                0x39c (size before relaxing)
 .stab          0x0000276c     0x171c ./HAL/LCD/LCD_program.o
                               0x1728 (size before relaxing)
 .stab          0x00003e88      0x4bc ./HAL/KEYPAD/Keypad_program.o
                                0x4c8 (size before relaxing)
 .stab          0x00004344      0x390 ./HAL/Buzzer/Buzzer_program.o
                                0x39c (size before relaxing)
 .stab          0x000046d4      0x294 ./HAL/BUTTON/BUTTON_program.o
                                0x2a0 (size before relaxing)
 .stab          0x00004968     0x1fb0 ./Application/Application_program.o
                               0x1fbc (size before relaxing)
 .stab          0x00006918      0x1b0 ./main.o
                                0x45c (size before relaxing)

.stabstr        0x00000000     0x40e8
 *(.stabstr)
 .stabstr       0x00000000     0x40e8 ./MCAL/TIMER1/TIMER1_config.o

.stab.excl
 *(.stab.excl)

.stab.exclstr
 *(.stab.exclstr)

.stab.index
 *(.stab.index)

.stab.indexstr
 *(.stab.indexstr)

.comment
 *(.comment)

.debug
 *(.debug)

.line
 *(.line)

.debug_srcinfo
 *(.debug_srcinfo)

.debug_sfnames
 *(.debug_sfnames)

.debug_aranges  0x00000000      0x1c0
 *(.debug_aranges)
 .debug_aranges
                0x00000000       0x20 c:/winavr-20100110/bin/../lib/gcc/avr/4.3.3/avr5\libgcc.a(_fixunssfsi.o)
 .debug_aranges
                0x00000020       0x20 c:/winavr-20100110/bin/../lib/gcc/avr/4.3.3/avr5\libgcc.a(_addsub_sf.o)
 .debug_aranges
                0x00000040       0x20 c:/winavr-20100110/bin/../lib/gcc/avr/4.3.3/avr5\libgcc.a(_mul_sf.o)
 .debug_aranges
                0x00000060       0x20 c:/winavr-20100110/bin/../lib/gcc/avr/4.3.3/avr5\libgcc.a(_div_sf.o)
 .debug_aranges
                0x00000080       0x20 c:/winavr-20100110/bin/../lib/gcc/avr/4.3.3/avr5\libgcc.a(_gt_sf.o)
 .debug_aranges
                0x000000a0       0x20 c:/winavr-20100110/bin/../lib/gcc/avr/4.3.3/avr5\libgcc.a(_ge_sf.o)
 .debug_aranges
                0x000000c0       0x20 c:/winavr-20100110/bin/../lib/gcc/avr/4.3.3/avr5\libgcc.a(_lt_sf.o)
 .debug_aranges
                0x000000e0       0x20 c:/winavr-20100110/bin/../lib/gcc/avr/4.3.3/avr5\libgcc.a(_si_to_sf.o)
 .debug_aranges
                0x00000100       0x20 c:/winavr-20100110/bin/../lib/gcc/avr/4.3.3/avr5\libgcc.a(_sf_to_si.o)
 .debug_aranges
                0x00000120       0x20 c:/winavr-20100110/bin/../lib/gcc/avr/4.3.3/avr5\libgcc.a(_usi_to_sf.o)
 .debug_aranges
                0x00000140       0x20 c:/winavr-20100110/bin/../lib/gcc/avr/4.3.3/avr5\libgcc.a(_clzsi2.o)
 .debug_aranges
                0x00000160       0x20 c:/winavr-20100110/bin/../lib/gcc/avr/4.3.3/avr5\libgcc.a(_pack_sf.o)
 .debug_aranges
                0x00000180       0x20 c:/winavr-20100110/bin/../lib/gcc/avr/4.3.3/avr5\libgcc.a(_unpack_sf.o)
 .debug_aranges
                0x000001a0       0x20 c:/winavr-20100110/bin/../lib/gcc/avr/4.3.3/avr5\libgcc.a(_fpcmp_parts_sf.o)

.debug_pubnames
                0x00000000      0x214
 *(.debug_pubnames)
 .debug_pubnames
                0x00000000       0x23 c:/winavr-20100110/bin/../lib/gcc/avr/4.3.3/avr5\libgcc.a(_fixunssfsi.o)
 .debug_pubnames
                0x00000023       0x2c c:/winavr-20100110/bin/../lib/gcc/avr/4.3.3/avr5\libgcc.a(_addsub_sf.o)
 .debug_pubnames
                0x0000004f       0x1f c:/winavr-20100110/bin/../lib/gcc/avr/4.3.3/avr5\libgcc.a(_mul_sf.o)
 .debug_pubnames
                0x0000006e       0x1f c:/winavr-20100110/bin/../lib/gcc/avr/4.3.3/avr5\libgcc.a(_div_sf.o)
 .debug_pubnames
                0x0000008d       0x1e c:/winavr-20100110/bin/../lib/gcc/avr/4.3.3/avr5\libgcc.a(_gt_sf.o)
 .debug_pubnames
                0x000000ab       0x1e c:/winavr-20100110/bin/../lib/gcc/avr/4.3.3/avr5\libgcc.a(_ge_sf.o)
 .debug_pubnames
                0x000000c9       0x1e c:/winavr-20100110/bin/../lib/gcc/avr/4.3.3/avr5\libgcc.a(_lt_sf.o)
 .debug_pubnames
                0x000000e7       0x22 c:/winavr-20100110/bin/../lib/gcc/avr/4.3.3/avr5\libgcc.a(_si_to_sf.o)
 .debug_pubnames
                0x00000109       0x20 c:/winavr-20100110/bin/../lib/gcc/avr/4.3.3/avr5\libgcc.a(_sf_to_si.o)
 .debug_pubnames
                0x00000129       0x22 c:/winavr-20100110/bin/../lib/gcc/avr/4.3.3/avr5\libgcc.a(_thenan_sf.o)
 .debug_pubnames
                0x0000014b       0x24 c:/winavr-20100110/bin/../lib/gcc/avr/4.3.3/avr5\libgcc.a(_usi_to_sf.o)
 .debug_pubnames
                0x0000016f       0x1f c:/winavr-20100110/bin/../lib/gcc/avr/4.3.3/avr5\libgcc.a(_clzsi2.o)
 .debug_pubnames
                0x0000018e       0x1f c:/winavr-20100110/bin/../lib/gcc/avr/4.3.3/avr5\libgcc.a(_pack_sf.o)
 .debug_pubnames
                0x000001ad       0x21 c:/winavr-20100110/bin/../lib/gcc/avr/4.3.3/avr5\libgcc.a(_unpack_sf.o)
 .debug_pubnames
                0x000001ce       0x26 c:/winavr-20100110/bin/../lib/gcc/avr/4.3.3/avr5\libgcc.a(_fpcmp_parts_sf.o)
 .debug_pubnames
                0x000001f4       0x20 c:/winavr-20100110/bin/../lib/gcc/avr/4.3.3/avr5\libgcc.a(_clz.o)

.debug_info     0x00000000     0x2612
 *(.debug_info)
 .debug_info    0x00000000       0xb1 c:/winavr-20100110/bin/../lib/gcc/avr/4.3.3/avr5\libgcc.a(_fixunssfsi.o)
 .debug_info    0x000000b1      0x47a c:/winavr-20100110/bin/../lib/gcc/avr/4.3.3/avr5\libgcc.a(_addsub_sf.o)
 .debug_info    0x0000052b      0x485 c:/winavr-20100110/bin/../lib/gcc/avr/4.3.3/avr5\libgcc.a(_mul_sf.o)
 .debug_info    0x000009b0      0x3fc c:/winavr-20100110/bin/../lib/gcc/avr/4.3.3/avr5\libgcc.a(_div_sf.o)
 .debug_info    0x00000dac      0x27f c:/winavr-20100110/bin/../lib/gcc/avr/4.3.3/avr5\libgcc.a(_gt_sf.o)
 .debug_info    0x0000102b      0x27f c:/winavr-20100110/bin/../lib/gcc/avr/4.3.3/avr5\libgcc.a(_ge_sf.o)
 .debug_info    0x000012aa      0x27f c:/winavr-20100110/bin/../lib/gcc/avr/4.3.3/avr5\libgcc.a(_lt_sf.o)
 .debug_info    0x00001529      0x207 c:/winavr-20100110/bin/../lib/gcc/avr/4.3.3/avr5\libgcc.a(_si_to_sf.o)
 .debug_info    0x00001730      0x2b0 c:/winavr-20100110/bin/../lib/gcc/avr/4.3.3/avr5\libgcc.a(_sf_to_si.o)
 .debug_info    0x000019e0      0x12c c:/winavr-20100110/bin/../lib/gcc/avr/4.3.3/avr5\libgcc.a(_thenan_sf.o)
 .debug_info    0x00001b0c      0x206 c:/winavr-20100110/bin/../lib/gcc/avr/4.3.3/avr5\libgcc.a(_usi_to_sf.o)
 .debug_info    0x00001d12      0x117 c:/winavr-20100110/bin/../lib/gcc/avr/4.3.3/avr5\libgcc.a(_clzsi2.o)
 .debug_info    0x00001e29      0x2df c:/winavr-20100110/bin/../lib/gcc/avr/4.3.3/avr5\libgcc.a(_pack_sf.o)
 .debug_info    0x00002108      0x251 c:/winavr-20100110/bin/../lib/gcc/avr/4.3.3/avr5\libgcc.a(_unpack_sf.o)
 .debug_info    0x00002359      0x210 c:/winavr-20100110/bin/../lib/gcc/avr/4.3.3/avr5\libgcc.a(_fpcmp_parts_sf.o)
 .debug_info    0x00002569       0xa9 c:/winavr-20100110/bin/../lib/gcc/avr/4.3.3/avr5\libgcc.a(_clz.o)
 *(.gnu.linkonce.wi.*)

.debug_abbrev   0x00000000     0x14ce
 *(.debug_abbrev)
 .debug_abbrev  0x00000000       0x5d c:/winavr-20100110/bin/../lib/gcc/avr/4.3.3/avr5\libgcc.a(_fixunssfsi.o)
 .debug_abbrev  0x0000005d      0x1ea c:/winavr-20100110/bin/../lib/gcc/avr/4.3.3/avr5\libgcc.a(_addsub_sf.o)
 .debug_abbrev  0x00000247      0x21b c:/winavr-20100110/bin/../lib/gcc/avr/4.3.3/avr5\libgcc.a(_mul_sf.o)
 .debug_abbrev  0x00000462      0x216 c:/winavr-20100110/bin/../lib/gcc/avr/4.3.3/avr5\libgcc.a(_div_sf.o)
 .debug_abbrev  0x00000678      0x15a c:/winavr-20100110/bin/../lib/gcc/avr/4.3.3/avr5\libgcc.a(_gt_sf.o)
 .debug_abbrev  0x000007d2      0x15a c:/winavr-20100110/bin/../lib/gcc/avr/4.3.3/avr5\libgcc.a(_ge_sf.o)
 .debug_abbrev  0x0000092c      0x15a c:/winavr-20100110/bin/../lib/gcc/avr/4.3.3/avr5\libgcc.a(_lt_sf.o)
 .debug_abbrev  0x00000a86      0x148 c:/winavr-20100110/bin/../lib/gcc/avr/4.3.3/avr5\libgcc.a(_si_to_sf.o)
 .debug_abbrev  0x00000bce      0x17f c:/winavr-20100110/bin/../lib/gcc/avr/4.3.3/avr5\libgcc.a(_sf_to_si.o)
 .debug_abbrev  0x00000d4d       0xad c:/winavr-20100110/bin/../lib/gcc/avr/4.3.3/avr5\libgcc.a(_thenan_sf.o)
 .debug_abbrev  0x00000dfa      0x157 c:/winavr-20100110/bin/../lib/gcc/avr/4.3.3/avr5\libgcc.a(_usi_to_sf.o)
 .debug_abbrev  0x00000f51       0xc4 c:/winavr-20100110/bin/../lib/gcc/avr/4.3.3/avr5\libgcc.a(_clzsi2.o)
 .debug_abbrev  0x00001015      0x1c0 c:/winavr-20100110/bin/../lib/gcc/avr/4.3.3/avr5\libgcc.a(_pack_sf.o)
 .debug_abbrev  0x000011d5      0x154 c:/winavr-20100110/bin/../lib/gcc/avr/4.3.3/avr5\libgcc.a(_unpack_sf.o)
 .debug_abbrev  0x00001329      0x13b c:/winavr-20100110/bin/../lib/gcc/avr/4.3.3/avr5\libgcc.a(_fpcmp_parts_sf.o)
 .debug_abbrev  0x00001464       0x6a c:/winavr-20100110/bin/../lib/gcc/avr/4.3.3/avr5\libgcc.a(_clz.o)

.debug_line     0x00000000     0x130b
 *(.debug_line)
 .debug_line    0x00000000       0xa7 c:/winavr-20100110/bin/../lib/gcc/avr/4.3.3/avr5\libgcc.a(_fixunssfsi.o)
 .debug_line    0x000000a7      0x2af c:/winavr-20100110/bin/../lib/gcc/avr/4.3.3/avr5\libgcc.a(_addsub_sf.o)
 .debug_line    0x00000356      0x239 c:/winavr-20100110/bin/../lib/gcc/avr/4.3.3/avr5\libgcc.a(_mul_sf.o)
 .debug_line    0x0000058f      0x1d5 c:/winavr-20100110/bin/../lib/gcc/avr/4.3.3/avr5\libgcc.a(_div_sf.o)
 .debug_line    0x00000764       0xd3 c:/winavr-20100110/bin/../lib/gcc/avr/4.3.3/avr5\libgcc.a(_gt_sf.o)
 .debug_line    0x00000837       0xd3 c:/winavr-20100110/bin/../lib/gcc/avr/4.3.3/avr5\libgcc.a(_ge_sf.o)
 .debug_line    0x0000090a       0xd3 c:/winavr-20100110/bin/../lib/gcc/avr/4.3.3/avr5\libgcc.a(_lt_sf.o)
 .debug_line    0x000009dd      0x135 c:/winavr-20100110/bin/../lib/gcc/avr/4.3.3/avr5\libgcc.a(_si_to_sf.o)
 .debug_line    0x00000b12      0x109 c:/winavr-20100110/bin/../lib/gcc/avr/4.3.3/avr5\libgcc.a(_sf_to_si.o)
 .debug_line    0x00000c1b       0x90 c:/winavr-20100110/bin/../lib/gcc/avr/4.3.3/avr5\libgcc.a(_thenan_sf.o)
 .debug_line    0x00000cab      0x133 c:/winavr-20100110/bin/../lib/gcc/avr/4.3.3/avr5\libgcc.a(_usi_to_sf.o)
 .debug_line    0x00000dde       0xa5 c:/winavr-20100110/bin/../lib/gcc/avr/4.3.3/avr5\libgcc.a(_clzsi2.o)
 .debug_line    0x00000e83      0x18a c:/winavr-20100110/bin/../lib/gcc/avr/4.3.3/avr5\libgcc.a(_pack_sf.o)
 .debug_line    0x0000100d      0x14b c:/winavr-20100110/bin/../lib/gcc/avr/4.3.3/avr5\libgcc.a(_unpack_sf.o)
 .debug_line    0x00001158      0x137 c:/winavr-20100110/bin/../lib/gcc/avr/4.3.3/avr5\libgcc.a(_fpcmp_parts_sf.o)
 .debug_line    0x0000128f       0x7c c:/winavr-20100110/bin/../lib/gcc/avr/4.3.3/avr5\libgcc.a(_clz.o)

.debug_frame    0x00000000      0x1e0
 *(.debug_frame)
 .debug_frame   0x00000000       0x20 c:/winavr-20100110/bin/../lib/gcc/avr/4.3.3/avr5\libgcc.a(_fixunssfsi.o)
 .debug_frame   0x00000020       0x40 c:/winavr-20100110/bin/../lib/gcc/avr/4.3.3/avr5\libgcc.a(_addsub_sf.o)
 .debug_frame   0x00000060       0x20 c:/winavr-20100110/bin/../lib/gcc/avr/4.3.3/avr5\libgcc.a(_mul_sf.o)
 .debug_frame   0x00000080       0x20 c:/winavr-20100110/bin/../lib/gcc/avr/4.3.3/avr5\libgcc.a(_div_sf.o)
 .debug_frame   0x000000a0       0x20 c:/winavr-20100110/bin/../lib/gcc/avr/4.3.3/avr5\libgcc.a(_gt_sf.o)
 .debug_frame   0x000000c0       0x20 c:/winavr-20100110/bin/../lib/gcc/avr/4.3.3/avr5\libgcc.a(_ge_sf.o)
 .debug_frame   0x000000e0       0x20 c:/winavr-20100110/bin/../lib/gcc/avr/4.3.3/avr5\libgcc.a(_lt_sf.o)
 .debug_frame   0x00000100       0x20 c:/winavr-20100110/bin/../lib/gcc/avr/4.3.3/avr5\libgcc.a(_si_to_sf.o)
 .debug_frame   0x00000120       0x20 c:/winavr-20100110/bin/../lib/gcc/avr/4.3.3/avr5\libgcc.a(_sf_to_si.o)
 .debug_frame   0x00000140       0x20 c:/winavr-20100110/bin/../lib/gcc/avr/4.3.3/avr5\libgcc.a(_usi_to_sf.o)
 .debug_frame   0x00000160       0x20 c:/winavr-20100110/bin/../lib/gcc/avr/4.3.3/avr5\libgcc.a(_clzsi2.o)
 .debug_frame   0x00000180       0x20 c:/winavr-20100110/bin/../lib/gcc/avr/4.3.3/avr5\libgcc.a(_pack_sf.o)
 .debug_frame   0x000001a0       0x20 c:/winavr-20100110/bin/../lib/gcc/avr/4.3.3/avr5\libgcc.a(_unpack_sf.o)
 .debug_frame   0x000001c0       0x20 c:/winavr-20100110/bin/../lib/gcc/avr/4.3.3/avr5\libgcc.a(_fpcmp_parts_sf.o)

.debug_str      0x00000000      0x307
 *(.debug_str)
 .debug_str     0x00000000       0xbf c:/winavr-20100110/bin/../lib/gcc/avr/4.3.3/avr5\libgcc.a(_fixunssfsi.o)
                                 0xfe (size before relaxing)
 .debug_str     0x000000bf      0x14d c:/winavr-20100110/bin/../lib/gcc/avr/4.3.3/avr5\libgcc.a(_addsub_sf.o)
                                0x206 (size before relaxing)
 .debug_str     0x0000020c       0x27 c:/winavr-20100110/bin/../lib/gcc/avr/4.3.3/avr5\libgcc.a(_mul_sf.o)
                                0x1bf (size before relaxing)
 .debug_str     0x00000233       0x35 c:/winavr-20100110/bin/../lib/gcc/avr/4.3.3/avr5\libgcc.a(_div_sf.o)
                                0x1c8 (size before relaxing)
 .debug_str     0x00000268        0x8 c:/winavr-20100110/bin/../lib/gcc/avr/4.3.3/avr5\libgcc.a(_gt_sf.o)
                                0x195 (size before relaxing)
 .debug_str     0x00000270        0x8 c:/winavr-20100110/bin/../lib/gcc/avr/4.3.3/avr5\libgcc.a(_ge_sf.o)
                                0x195 (size before relaxing)
 .debug_str     0x00000278        0x8 c:/winavr-20100110/bin/../lib/gcc/avr/4.3.3/avr5\libgcc.a(_lt_sf.o)
                                0x195 (size before relaxing)
 .debug_str     0x00000280       0x1e c:/winavr-20100110/bin/../lib/gcc/avr/4.3.3/avr5\libgcc.a(_si_to_sf.o)
                                0x17b (size before relaxing)
 .debug_str     0x0000029e        0xa c:/winavr-20100110/bin/../lib/gcc/avr/4.3.3/avr5\libgcc.a(_sf_to_si.o)
                                0x19e (size before relaxing)
 .debug_str     0x00000000      0x103 c:/winavr-20100110/bin/../lib/gcc/avr/4.3.3/avr5\libgcc.a(_thenan_sf.o)
 .debug_str     0x000002a8       0x14 c:/winavr-20100110/bin/../lib/gcc/avr/4.3.3/avr5\libgcc.a(_usi_to_sf.o)
                                0x177 (size before relaxing)
 .debug_str     0x000002bc       0x20 c:/winavr-20100110/bin/../lib/gcc/avr/4.3.3/avr5\libgcc.a(_clzsi2.o)
                                0x111 (size before relaxing)
 .debug_str     0x000002dc       0x10 c:/winavr-20100110/bin/../lib/gcc/avr/4.3.3/avr5\libgcc.a(_pack_sf.o)
                                0x19d (size before relaxing)
 .debug_str     0x000002ec        0xb c:/winavr-20100110/bin/../lib/gcc/avr/4.3.3/avr5\libgcc.a(_unpack_sf.o)
                                0x17f (size before relaxing)
 .debug_str     0x000002f7       0x10 c:/winavr-20100110/bin/../lib/gcc/avr/4.3.3/avr5\libgcc.a(_fpcmp_parts_sf.o)
                                0x163 (size before relaxing)
 .debug_str     0x00000000       0xf4 c:/winavr-20100110/bin/../lib/gcc/avr/4.3.3/avr5\libgcc.a(_clz.o)

.debug_loc      0x00000000      0xa1a
 *(.debug_loc)
 .debug_loc     0x00000000       0x34 c:/winavr-20100110/bin/../lib/gcc/avr/4.3.3/avr5\libgcc.a(_fixunssfsi.o)
 .debug_loc     0x00000034      0x32a c:/winavr-20100110/bin/../lib/gcc/avr/4.3.3/avr5\libgcc.a(_addsub_sf.o)
 .debug_loc     0x0000035e      0x104 c:/winavr-20100110/bin/../lib/gcc/avr/4.3.3/avr5\libgcc.a(_mul_sf.o)
 .debug_loc     0x00000462       0xc0 c:/winavr-20100110/bin/../lib/gcc/avr/4.3.3/avr5\libgcc.a(_div_sf.o)
 .debug_loc     0x00000522       0x3c c:/winavr-20100110/bin/../lib/gcc/avr/4.3.3/avr5\libgcc.a(_gt_sf.o)
 .debug_loc     0x0000055e       0x3c c:/winavr-20100110/bin/../lib/gcc/avr/4.3.3/avr5\libgcc.a(_ge_sf.o)
 .debug_loc     0x0000059a       0x3c c:/winavr-20100110/bin/../lib/gcc/avr/4.3.3/avr5\libgcc.a(_lt_sf.o)
 .debug_loc     0x000005d6       0xac c:/winavr-20100110/bin/../lib/gcc/avr/4.3.3/avr5\libgcc.a(_si_to_sf.o)
 .debug_loc     0x00000682       0x7e c:/winavr-20100110/bin/../lib/gcc/avr/4.3.3/avr5\libgcc.a(_sf_to_si.o)
 .debug_loc     0x00000700       0x4c c:/winavr-20100110/bin/../lib/gcc/avr/4.3.3/avr5\libgcc.a(_usi_to_sf.o)
 .debug_loc     0x0000074c       0x94 c:/winavr-20100110/bin/../lib/gcc/avr/4.3.3/avr5\libgcc.a(_clzsi2.o)
 .debug_loc     0x000007e0      0x13e c:/winavr-20100110/bin/../lib/gcc/avr/4.3.3/avr5\libgcc.a(_pack_sf.o)
 .debug_loc     0x0000091e       0xac c:/winavr-20100110/bin/../lib/gcc/avr/4.3.3/avr5\libgcc.a(_unpack_sf.o)
 .debug_loc     0x000009ca       0x50 c:/winavr-20100110/bin/../lib/gcc/avr/4.3.3/avr5\libgcc.a(_fpcmp_parts_sf.o)

.debug_macinfo
 *(.debug_macinfo)
OUTPUT(Car_system.elf elf32-avr)
LOAD linker stubs

.debug_ranges   0x00000000       0x50
 .debug_ranges  0x00000000       0x50 c:/winavr-20100110/bin/../lib/gcc/avr/4.3.3/avr5\libgcc.a(_mul_sf.o)
