Archive member included because of file (symbol)

c:/winavr-20100110/bin/../lib/gcc/avr/4.3.3/avr5\libgcc.a(_mulsi3.o)
                              ./Application/Application_program.o (__mulsi3)
c:/winavr-20100110/bin/../lib/gcc/avr/4.3.3/avr5\libgcc.a(_udivmodqi4.o)
                              ./Application/Application_program.o (__udivmodqi4)
c:/winavr-20100110/bin/../lib/gcc/avr/4.3.3/avr5\libgcc.a(_udivmodsi4.o)
                              ./Application/Application_program.o (__udivmodsi4)
c:/winavr-20100110/bin/../lib/gcc/avr/4.3.3/avr5\libgcc.a(_exit.o)
                              c:/winavr-20100110/bin/../lib/gcc/avr/4.3.3/../../../../avr/lib/avr5/crtm16.o (exit)
c:/winavr-20100110/bin/../lib/gcc/avr/4.3.3/avr5\libgcc.a(_copy_data.o)
                              ./MCAL/TIMER0/TIMER0_config.o (__do_copy_data)
c:/winavr-20100110/bin/../lib/gcc/avr/4.3.3/avr5\libgcc.a(_clear_bss.o)
                              ./MCAL/TIMER0/TIMER0_program.o (__do_clear_bss)
c:/winavr-20100110/bin/../lib/gcc/avr/4.3.3/avr5\libgcc.a(_fixunssfsi.o)
                              ./HAL/LCD/LCD_program.o (__fixunssfsi)
c:/winavr-20100110/bin/../lib/gcc/avr/4.3.3/avr5\libgcc.a(_addsub_sf.o)
                              c:/winavr-20100110/bin/../lib/gcc/avr/4.3.3/avr5\libgcc.a(_fixunssfsi.o) (__subsf3)
c:/winavr-20100110/bin/../lib/gcc/avr/4.3.3/avr5\libgcc.a(_mul_sf.o)
                              ./HAL/LCD/LCD_program.o (__mulsf3)
c:/winavr-20100110/bin/../lib/gcc/avr/4.3.3/avr5\libgcc.a(_div_sf.o)
                              ./Application/Application_program.o (__divsf3)
c:/winavr-20100110/bin/../lib/gcc/avr/4.3.3/avr5\libgcc.a(_gt_sf.o)
                              ./HAL/LCD/LCD_program.o (__gtsf2)
c:/winavr-20100110/bin/../lib/gcc/avr/4.3.3/avr5\libgcc.a(_ge_sf.o)
                              c:/winavr-20100110/bin/../lib/gcc/avr/4.3.3/avr5\libgcc.a(_fixunssfsi.o) (__gesf2)
c:/winavr-20100110/bin/../lib/gcc/avr/4.3.3/avr5\libgcc.a(_lt_sf.o)
                              ./HAL/LCD/LCD_program.o (__ltsf2)
c:/winavr-20100110/bin/../lib/gcc/avr/4.3.3/avr5\libgcc.a(_sf_to_si.o)
                              c:/winavr-20100110/bin/../lib/gcc/avr/4.3.3/avr5\libgcc.a(_fixunssfsi.o) (__fixsfsi)
c:/winavr-20100110/bin/../lib/gcc/avr/4.3.3/avr5\libgcc.a(_thenan_sf.o)
                              c:/winavr-20100110/bin/../lib/gcc/avr/4.3.3/avr5\libgcc.a(_addsub_sf.o) (__thenan_sf)
c:/winavr-20100110/bin/../lib/gcc/avr/4.3.3/avr5\libgcc.a(_usi_to_sf.o)
                              ./Application/Application_program.o (__floatunsisf)
c:/winavr-20100110/bin/../lib/gcc/avr/4.3.3/avr5\libgcc.a(_prologue.o)
                              c:/winavr-20100110/bin/../lib/gcc/avr/4.3.3/avr5\libgcc.a(_addsub_sf.o) (__prologue_saves__)
c:/winavr-20100110/bin/../lib/gcc/avr/4.3.3/avr5\libgcc.a(_epilogue.o)
                              c:/winavr-20100110/bin/../lib/gcc/avr/4.3.3/avr5\libgcc.a(_addsub_sf.o) (__epilogue_restores__)
c:/winavr-20100110/bin/../lib/gcc/avr/4.3.3/avr5\libgcc.a(_clzsi2.o)
                              c:/winavr-20100110/bin/../lib/gcc/avr/4.3.3/avr5\libgcc.a(_usi_to_sf.o) (__clzsi2)
c:/winavr-20100110/bin/../lib/gcc/avr/4.3.3/avr5\libgcc.a(_pack_sf.o)
                              c:/winavr-20100110/bin/../lib/gcc/avr/4.3.3/avr5\libgcc.a(_addsub_sf.o) (__pack_f)
c:/winavr-20100110/bin/../lib/gcc/avr/4.3.3/avr5\libgcc.a(_unpack_sf.o)
                              c:/winavr-20100110/bin/../lib/gcc/avr/4.3.3/avr5\libgcc.a(_addsub_sf.o) (__unpack_f)
c:/winavr-20100110/bin/../lib/gcc/avr/4.3.3/avr5\libgcc.a(_fpcmp_parts_sf.o)
                              c:/winavr-20100110/bin/../lib/gcc/avr/4.3.3/avr5\libgcc.a(_gt_sf.o) (__fpcmp_parts_f)
c:/winavr-20100110/bin/../lib/gcc/avr/4.3.3/avr5\libgcc.a(_clz.o)
                              c:/winavr-20100110/bin/../lib/gcc/avr/4.3.3/avr5\libgcc.a(_clzsi2.o) (__clz_tab)
c:/winavr-20100110/bin/../lib/gcc/avr/4.3.3/../../../../avr/lib/avr5\libc.a(itoa.o)
                              ./HAL/LCD/LCD_program.o (itoa)
c:/winavr-20100110/bin/../lib/gcc/avr/4.3.3/../../../../avr/lib/avr5\libc.a(strrev.o)
                              c:/winavr-20100110/bin/../lib/gcc/avr/4.3.3/../../../../avr/lib/avr5\libc.a(itoa.o) (strrev)
c:/winavr-20100110/bin/../lib/gcc/avr/4.3.3/avr5\libgcc.a(_udivmodhi4.o)
                              c:/winavr-20100110/bin/../lib/gcc/avr/4.3.3/../../../../avr/lib/avr5\libc.a(itoa.o) (__udivmodhi4)

Allocating common symbols
Common symbol       size              file

Temp_Speed          0x1               ./Application/Application_program.o
Diff_between_ADCS   0x2               ./Application/Application_program.o

Memory Configuration

Name             Origin             Length             Attributes
text             0x00000000         0x00020000         xr
data             0x00800060         0x0000ffa0         rw !x
eeprom           0x00810000         0x00010000         rw !x
fuse             0x00820000         0x00000400         rw !x
lock             0x00830000         0x00000400         rw !x
signature        0x00840000         0x00000400         rw !x
*default*        0x00000000         0xffffffff

Linker script and memory map

LOAD c:/winavr-20100110/bin/../lib/gcc/avr/4.3.3/../../../../avr/lib/avr5/crtm16.o
LOAD ./MCAL/TIMER0/TIMER0_config.o
LOAD ./MCAL/TIMER0/TIMER0_program.o
LOAD ./MCAL/GPIO/GPIO_program.o
LOAD ./MCAL/EXT_INT/EXT_INT_program.o
LOAD ./MCAL/ADC/ADC_config.o
LOAD ./MCAL/ADC/ADC_program.o
LOAD ./HAL/Potentiometer/POT_program.o
LOAD ./HAL/LED/LED_program.o
LOAD ./HAL/LCD/LCD_program.o
LOAD ./HAL/KEYPAD/Keypad_program.o
LOAD ./HAL/Buzzer/Buzzer_program.o
LOAD ./HAL/BUTTON/BUTTON_program.o
LOAD ./Application/Application_program.o
LOAD ./main.o
LOAD c:/winavr-20100110/bin/../lib/gcc/avr/4.3.3/avr5\libgcc.a
LOAD c:/winavr-20100110/bin/../lib/gcc/avr/4.3.3/../../../../avr/lib/avr5\libc.a
LOAD c:/winavr-20100110/bin/../lib/gcc/avr/4.3.3/avr5\libgcc.a

.hash
 *(.hash)

.dynsym
 *(.dynsym)

.dynstr
 *(.dynstr)

.gnu.version
 *(.gnu.version)

.gnu.version_d
 *(.gnu.version_d)

.gnu.version_r
 *(.gnu.version_r)

.rel.init
 *(.rel.init)

.rela.init
 *(.rela.init)

.rel.text
 *(.rel.text)
 *(.rel.text.*)
 *(.rel.gnu.linkonce.t*)

.rela.text
 *(.rela.text)
 *(.rela.text.*)
 *(.rela.gnu.linkonce.t*)

.rel.fini
 *(.rel.fini)

.rela.fini
 *(.rela.fini)

.rel.rodata
 *(.rel.rodata)
 *(.rel.rodata.*)
 *(.rel.gnu.linkonce.r*)

.rela.rodata
 *(.rela.rodata)
 *(.rela.rodata.*)
 *(.rela.gnu.linkonce.r*)

.rel.data
 *(.rel.data)
 *(.rel.data.*)
 *(.rel.gnu.linkonce.d*)

.rela.data
 *(.rela.data)
 *(.rela.data.*)
 *(.rela.gnu.linkonce.d*)

.rel.ctors
 *(.rel.ctors)

.rela.ctors
 *(.rela.ctors)

.rel.dtors
 *(.rel.dtors)

.rela.dtors
 *(.rela.dtors)

.rel.got
 *(.rel.got)

.rela.got
 *(.rela.got)

.rel.bss
 *(.rel.bss)

.rela.bss
 *(.rela.bss)

.rel.plt
 *(.rel.plt)

.rela.plt
 *(.rela.plt)

.text           0x00000000     0x4864
 *(.vectors)
 .vectors       0x00000000       0x54 c:/winavr-20100110/bin/../lib/gcc/avr/4.3.3/../../../../avr/lib/avr5/crtm16.o
                0x00000000                __vectors
                0x00000000                __vector_default
 *(.vectors)
 *(.progmem.gcc*)
 *(.progmem*)
                0x00000054                . = ALIGN (0x2)
                0x00000054                __trampolines_start = .
 *(.trampolines)
 .trampolines   0x00000054        0x0 linker stubs
 *(.trampolines*)
                0x00000054                __trampolines_end = .
 *(.jumptables)
 *(.jumptables*)
 *(.lowtext)
 *(.lowtext*)
                0x00000054                __ctors_start = .
 *(.ctors)
                0x00000054                __ctors_end = .
                0x00000054                __dtors_start = .
 *(.dtors)
                0x00000054                __dtors_end = .
 SORT(*)(.ctors)
 SORT(*)(.dtors)
 *(.init0)
 .init0         0x00000054        0x0 c:/winavr-20100110/bin/../lib/gcc/avr/4.3.3/../../../../avr/lib/avr5/crtm16.o
                0x00000054                __init
 *(.init0)
 *(.init1)
 *(.init1)
 *(.init2)
 .init2         0x00000054        0xc c:/winavr-20100110/bin/../lib/gcc/avr/4.3.3/../../../../avr/lib/avr5/crtm16.o
 *(.init2)
 *(.init3)
 *(.init3)
 *(.init4)
 .init4         0x00000060       0x16 c:/winavr-20100110/bin/../lib/gcc/avr/4.3.3/avr5\libgcc.a(_copy_data.o)
                0x00000060                __do_copy_data
 .init4         0x00000076       0x10 c:/winavr-20100110/bin/../lib/gcc/avr/4.3.3/avr5\libgcc.a(_clear_bss.o)
                0x00000076                __do_clear_bss
 *(.init4)
 *(.init5)
 *(.init5)
 *(.init6)
 *(.init6)
 *(.init7)
 *(.init7)
 *(.init8)
 *(.init8)
 *(.init9)
 .init9         0x00000086        0x8 c:/winavr-20100110/bin/../lib/gcc/avr/4.3.3/../../../../avr/lib/avr5/crtm16.o
 *(.init9)
 *(.text)
 .text          0x0000008e        0x4 c:/winavr-20100110/bin/../lib/gcc/avr/4.3.3/../../../../avr/lib/avr5/crtm16.o
                0x0000008e                __vector_12
                0x0000008e                __bad_interrupt
                0x0000008e                __vector_6
                0x0000008e                __vector_13
                0x0000008e                __vector_17
                0x0000008e                __vector_19
                0x0000008e                __vector_7
                0x0000008e                __vector_5
                0x0000008e                __vector_4
                0x0000008e                __vector_9
                0x0000008e                __vector_15
                0x0000008e                __vector_8
                0x0000008e                __vector_14
                0x0000008e                __vector_10
                0x0000008e                __vector_16
                0x0000008e                __vector_18
                0x0000008e                __vector_20
 .text          0x00000092        0x0 ./MCAL/TIMER0/TIMER0_config.o
 .text          0x00000092        0x0 ./MCAL/TIMER0/TIMER0_program.o
 .text          0x00000092        0x0 ./MCAL/GPIO/GPIO_program.o
 .text          0x00000092        0x0 ./MCAL/EXT_INT/EXT_INT_program.o
 .text          0x00000092        0x0 ./MCAL/ADC/ADC_config.o
 .text          0x00000092        0x0 ./MCAL/ADC/ADC_program.o
 .text          0x00000092        0x0 ./HAL/Potentiometer/POT_program.o
 .text          0x00000092        0x0 ./HAL/LED/LED_program.o
 .text          0x00000092        0x0 ./HAL/LCD/LCD_program.o
 .text          0x00000092        0x0 ./HAL/KEYPAD/Keypad_program.o
 .text          0x00000092        0x0 ./HAL/Buzzer/Buzzer_program.o
 .text          0x00000092        0x0 ./HAL/BUTTON/BUTTON_program.o
 .text          0x00000092        0x0 ./Application/Application_program.o
 .text          0x00000092        0x0 ./main.o
 .text          0x00000092        0x0 c:/winavr-20100110/bin/../lib/gcc/avr/4.3.3/avr5\libgcc.a(_mulsi3.o)
 .text          0x00000092        0x0 c:/winavr-20100110/bin/../lib/gcc/avr/4.3.3/avr5\libgcc.a(_udivmodqi4.o)
 .text          0x00000092        0x0 c:/winavr-20100110/bin/../lib/gcc/avr/4.3.3/avr5\libgcc.a(_udivmodsi4.o)
 .text          0x00000092        0x0 c:/winavr-20100110/bin/../lib/gcc/avr/4.3.3/avr5\libgcc.a(_exit.o)
 .text          0x00000092        0x0 c:/winavr-20100110/bin/../lib/gcc/avr/4.3.3/avr5\libgcc.a(_copy_data.o)
 .text          0x00000092        0x0 c:/winavr-20100110/bin/../lib/gcc/avr/4.3.3/avr5\libgcc.a(_clear_bss.o)
 .text          0x00000092       0x58 c:/winavr-20100110/bin/../lib/gcc/avr/4.3.3/avr5\libgcc.a(_fixunssfsi.o)
                0x00000092                __fixunssfsi
 .text          0x000000ea      0x354 c:/winavr-20100110/bin/../lib/gcc/avr/4.3.3/avr5\libgcc.a(_addsub_sf.o)
                0x00000382                __subsf3
                0x000003e4                __addsf3
 .text          0x0000043e      0x1f4 c:/winavr-20100110/bin/../lib/gcc/avr/4.3.3/avr5\libgcc.a(_mul_sf.o)
                0x0000043e                __mulsf3
 .text          0x00000632      0x158 c:/winavr-20100110/bin/../lib/gcc/avr/4.3.3/avr5\libgcc.a(_div_sf.o)
                0x00000632                __divsf3
 .text          0x0000078a       0x60 c:/winavr-20100110/bin/../lib/gcc/avr/4.3.3/avr5\libgcc.a(_gt_sf.o)
                0x0000078a                __gtsf2
 .text          0x000007ea       0x60 c:/winavr-20100110/bin/../lib/gcc/avr/4.3.3/avr5\libgcc.a(_ge_sf.o)
                0x000007ea                __gesf2
 .text          0x0000084a       0x60 c:/winavr-20100110/bin/../lib/gcc/avr/4.3.3/avr5\libgcc.a(_lt_sf.o)
                0x0000084a                __ltsf2
 .text          0x000008aa       0xa8 c:/winavr-20100110/bin/../lib/gcc/avr/4.3.3/avr5\libgcc.a(_sf_to_si.o)
                0x000008aa                __fixsfsi
 .text          0x00000952        0x0 c:/winavr-20100110/bin/../lib/gcc/avr/4.3.3/avr5\libgcc.a(_thenan_sf.o)
 .text          0x00000952       0xf2 c:/winavr-20100110/bin/../lib/gcc/avr/4.3.3/avr5\libgcc.a(_usi_to_sf.o)
                0x00000952                __floatunsisf
 .text          0x00000a44        0x0 c:/winavr-20100110/bin/../lib/gcc/avr/4.3.3/avr5\libgcc.a(_prologue.o)
 .text          0x00000a44        0x0 c:/winavr-20100110/bin/../lib/gcc/avr/4.3.3/avr5\libgcc.a(_epilogue.o)
 .text          0x00000a44       0x9e c:/winavr-20100110/bin/../lib/gcc/avr/4.3.3/avr5\libgcc.a(_clzsi2.o)
                0x00000a44                __clzsi2
 .text          0x00000ae2      0x1aa c:/winavr-20100110/bin/../lib/gcc/avr/4.3.3/avr5\libgcc.a(_pack_sf.o)
                0x00000ae2                __pack_f
 .text          0x00000c8c       0xf0 c:/winavr-20100110/bin/../lib/gcc/avr/4.3.3/avr5\libgcc.a(_unpack_sf.o)
                0x00000c8c                __unpack_f
 .text          0x00000d7c       0xb2 c:/winavr-20100110/bin/../lib/gcc/avr/4.3.3/avr5\libgcc.a(_fpcmp_parts_sf.o)
                0x00000d7c                __fpcmp_parts_f
 .text          0x00000e2e        0x0 c:/winavr-20100110/bin/../lib/gcc/avr/4.3.3/avr5\libgcc.a(_clz.o)
 .text          0x00000e2e        0x0 c:/winavr-20100110/bin/../lib/gcc/avr/4.3.3/../../../../avr/lib/avr5\libc.a(itoa.o)
 .text          0x00000e2e        0x0 c:/winavr-20100110/bin/../lib/gcc/avr/4.3.3/../../../../avr/lib/avr5\libc.a(strrev.o)
 .text          0x00000e2e        0x0 c:/winavr-20100110/bin/../lib/gcc/avr/4.3.3/avr5\libgcc.a(_udivmodhi4.o)
                0x00000e2e                . = ALIGN (0x2)
 *(.text.*)
 .text.Timer0_SetCallBack
                0x00000e2e       0x24 ./MCAL/TIMER0/TIMER0_program.o
                0x00000e2e                Timer0_SetCallBack
 .text.__vector_11
                0x00000e52       0x66 ./MCAL/TIMER0/TIMER0_program.o
                0x00000e52                __vector_11
 .text.Timer0_Init
                0x00000eb8       0x5a ./MCAL/TIMER0/TIMER0_program.o
                0x00000eb8                Timer0_Init
 .text.Timer0_UpdateValue
                0x00000f12       0x1c ./MCAL/TIMER0/TIMER0_program.o
                0x00000f12                Timer0_UpdateValue
 .text.Timer0_StopClock
                0x00000f2e       0x1c ./MCAL/TIMER0/TIMER0_program.o
                0x00000f2e                Timer0_StopClock
 .text.Timer0_ProvideClock
                0x00000f4a       0x24 ./MCAL/TIMER0/TIMER0_program.o
                0x00000f4a                Timer0_ProvideClock
 .text.Timer0_DelayOVFInterrupt
                0x00000f6e       0x12 ./MCAL/TIMER0/TIMER0_program.o
                0x00000f6e                Timer0_DelayOVFInterrupt
 .text.Timer0_OVFDisableInterrupt
                0x00000f80       0x1c ./MCAL/TIMER0/TIMER0_program.o
                0x00000f80                Timer0_OVFDisableInterrupt
 .text.Timer0_OVFEnableInterrupt
                0x00000f9c       0x1c ./MCAL/TIMER0/TIMER0_program.o
                0x00000f9c                Timer0_OVFEnableInterrupt
 .text.GPIO_init
                0x00000fb8       0xcc ./MCAL/GPIO/GPIO_program.o
                0x00000fb8                GPIO_init
 .text.GPIO_SetPinDirection
                0x00001084      0x3dc ./MCAL/GPIO/GPIO_program.o
                0x00001084                GPIO_SetPinDirection
 .text.GPIO_ReadPin
                0x00001460      0x136 ./MCAL/GPIO/GPIO_program.o
                0x00001460                GPIO_ReadPin
 .text.GPIO_WritePin
                0x00001596      0x1f4 ./MCAL/GPIO/GPIO_program.o
                0x00001596                GPIO_WritePin
 .text.GPIO_TogglePin
                0x0000178a      0x10a ./MCAL/GPIO/GPIO_program.o
                0x0000178a                GPIO_TogglePin
 .text.GPIO_SetPortDirection
                0x00001894      0x152 ./MCAL/GPIO/GPIO_program.o
                0x00001894                GPIO_SetPortDirection
 .text.GPIO_ReadPort
                0x000019e6       0x8a ./MCAL/GPIO/GPIO_program.o
                0x000019e6                GPIO_ReadPort
 .text.GPIO_WritePort
                0x00001a70       0x88 ./MCAL/GPIO/GPIO_program.o
                0x00001a70                GPIO_WritePort
 .text.GPIO_TogglePort
                0x00001af8       0x9e ./MCAL/GPIO/GPIO_program.o
                0x00001af8                GPIO_TogglePort
 .text.__vector_1
                0x00001b96       0x66 ./MCAL/EXT_INT/EXT_INT_program.o
                0x00001b96                __vector_1
 .text.__vector_2
                0x00001bfc       0x66 ./MCAL/EXT_INT/EXT_INT_program.o
                0x00001bfc                __vector_2
 .text.__vector_3
                0x00001c62       0x66 ./MCAL/EXT_INT/EXT_INT_program.o
                0x00001c62                __vector_3
 .text.INT0_SetCallBack
                0x00001cc8       0x24 ./MCAL/EXT_INT/EXT_INT_program.o
                0x00001cc8                INT0_SetCallBack
 .text.INT1_SetCallBack
                0x00001cec       0x24 ./MCAL/EXT_INT/EXT_INT_program.o
                0x00001cec                INT1_SetCallBack
 .text.INT2_SetCallBack
                0x00001d10       0x24 ./MCAL/EXT_INT/EXT_INT_program.o
                0x00001d10                INT2_SetCallBack
 .text.INT0_init
                0x00001d34       0x44 ./MCAL/EXT_INT/EXT_INT_program.o
                0x00001d34                INT0_init
 .text.INT1_init
                0x00001d78       0x50 ./MCAL/EXT_INT/EXT_INT_program.o
                0x00001d78                INT1_init
 .text.INT2_init
                0x00001dc8       0x5a ./MCAL/EXT_INT/EXT_INT_program.o
                0x00001dc8                INT2_init
 .text.INT0_DeInit
                0x00001e22       0x1c ./MCAL/EXT_INT/EXT_INT_program.o
                0x00001e22                INT0_DeInit
 .text.INT1_DeInit
                0x00001e3e       0x1c ./MCAL/EXT_INT/EXT_INT_program.o
                0x00001e3e                INT1_DeInit
 .text.INT2_DeInit
                0x00001e5a       0x1c ./MCAL/EXT_INT/EXT_INT_program.o
                0x00001e5a                INT2_DeInit
 .text.ADC_OnlyStartConversionGeneral
                0x00001e76       0x3c ./MCAL/ADC/ADC_program.o
                0x00001e76                ADC_OnlyStartConversionGeneral
 .text.ADC_Init
                0x00001eb2      0x10a ./MCAL/ADC/ADC_program.o
                0x00001eb2                ADC_Init
 .text.ADC_ReadChannelSingleConvertion
                0x00001fbc       0x4e ./MCAL/ADC/ADC_program.o
                0x00001fbc                ADC_ReadChannelSingleConvertion
 .text.ADC_FreeRunningStart
                0x0000200a       0x1a ./MCAL/ADC/ADC_program.o
                0x0000200a                ADC_FreeRunningStart
 .text.ADC_ReadConversionRegister
                0x00002024       0x92 ./MCAL/ADC/ADC_program.o
                0x00002024                ADC_ReadConversionRegister
 .text.POT_Init
                0x000020b6       0x1e ./HAL/Potentiometer/POT_program.o
                0x000020b6                POT_Init
 .text.POT_GetValue
                0x000020d4       0x1a ./HAL/Potentiometer/POT_program.o
                0x000020d4                POT_GetValue
 .text.LED_Init
                0x000020ee       0x22 ./HAL/LED/LED_program.o
                0x000020ee                LED_Init
 .text.LED_OnOffPositiveLogic
                0x00002110       0x40 ./HAL/LED/LED_program.o
                0x00002110                LED_OnOffPositiveLogic
 .text.LED_OnOffNegativeLogic
                0x00002150       0x40 ./HAL/LED/LED_program.o
                0x00002150                LED_OnOffNegativeLogic
 .text.LED_Toggle
                0x00002190       0x20 ./HAL/LED/LED_program.o
                0x00002190                LED_Toggle
 .text.LCD_init
                0x000021b0       0x62 ./HAL/LCD/LCD_program.o
                0x000021b0                LCD_init
 .text.LCD_SendCommand
                0x00002212      0x8c0 ./HAL/LCD/LCD_program.o
                0x00002212                LCD_SendCommand
 .text.LCD_DisplayCharacter
                0x00002ad2      0x8ec ./HAL/LCD/LCD_program.o
                0x00002ad2                LCD_DisplayCharacter
 .text.LCD_DisplayString
                0x000033be       0x52 ./HAL/LCD/LCD_program.o
                0x000033be                LCD_DisplayString
 .text.LCD_MoveCursor
                0x00003410       0xb2 ./HAL/LCD/LCD_program.o
                0x00003410                LCD_MoveCursor
 .text.LCD_DisplayStringRowCol
                0x000034c2       0x32 ./HAL/LCD/LCD_program.o
                0x000034c2                LCD_DisplayStringRowCol
 .text.LCD_ClearScreen
                0x000034f4       0x1c ./HAL/LCD/LCD_program.o
                0x000034f4                LCD_ClearScreen
 .text.LCD_MoveCursorRight
                0x00003510       0xc4 ./HAL/LCD/LCD_program.o
                0x00003510                LCD_MoveCursorRight
 .text.LCD_MoveCursorLeft
                0x000035d4       0xcc ./HAL/LCD/LCD_program.o
                0x000035d4                LCD_MoveCursorLeft
 .text.LCD_ShitEntireDisplayRight
                0x000036a0       0x14 ./HAL/LCD/LCD_program.o
                0x000036a0                LCD_ShitEntireDisplayRight
 .text.LCD_ShitEntireDisplayLeft
                0x000036b4       0x14 ./HAL/LCD/LCD_program.o
                0x000036b4                LCD_ShitEntireDisplayLeft
 .text.LCD_GenerateCharacterCGRAM
                0x000036c8       0x5e ./HAL/LCD/LCD_program.o
                0x000036c8                LCD_GenerateCharacterCGRAM
 .text.LCD_DisplayCustomCharacter
                0x00003726       0x1a ./HAL/LCD/LCD_program.o
                0x00003726                LCD_DisplayCustomCharacter
 .text.LCD_DisplayCustomCharacterRowCol
                0x00003740       0x2c ./HAL/LCD/LCD_program.o
                0x00003740                LCD_DisplayCustomCharacterRowCol
 .text.LCD_intToString
                0x0000376c       0x4a ./HAL/LCD/LCD_program.o
                0x0000376c                LCD_intToString
 .text.Keypad_4X3_AdjustKeyNumber
                0x000037b6       0x68 ./HAL/KEYPAD/Keypad_program.o
 .text.Keypad_init
                0x0000381e       0x7c ./HAL/KEYPAD/Keypad_program.o
                0x0000381e                Keypad_init
 .text.Keypad_GetPressedKey
                0x0000389a       0xec ./HAL/KEYPAD/Keypad_program.o
                0x0000389a                Keypad_GetPressedKey
 .text.Buzzer_Init
                0x00003986       0x22 ./HAL/Buzzer/Buzzer_program.o
                0x00003986                Buzzer_Init
 .text.Buzzer_OnOffPositiveLogic
                0x000039a8       0x40 ./HAL/Buzzer/Buzzer_program.o
                0x000039a8                Buzzer_OnOffPositiveLogic
 .text.Buzzer_OnOffNegativeLogic
                0x000039e8       0x40 ./HAL/Buzzer/Buzzer_program.o
                0x000039e8                Buzzer_OnOffNegativeLogic
 .text.Buzzer_Toggle
                0x00003a28       0x20 ./HAL/Buzzer/Buzzer_program.o
                0x00003a28                Buzzer_Toggle
 .text.BUTTON_Init
                0x00003a48       0x28 ./HAL/BUTTON/BUTTON_program.o
                0x00003a48                BUTTON_Init
 .text.BUTTON_GetValue
                0x00003a70       0x20 ./HAL/BUTTON/BUTTON_program.o
                0x00003a70                BUTTON_GetValue
 .text.StateMachineUpdate
                0x00003a90       0x22 ./Application/Application_program.o
                0x00003a90                StateMachineUpdate
 .text.Hanndle_GrearBox_D_State
                0x00003ab2       0x16 ./Application/Application_program.o
 .text.Hanndle_GrearBox_N_State
                0x00003ac8       0x2a ./Application/Application_program.o
 .text.Hanndle_GrearBox_R_State
                0x00003af2       0x2a ./Application/Application_program.o
 .text.App_Init
                0x00003b1c       0xbe ./Application/Application_program.o
                0x00003b1c                App_Init
 .text.DashBoard_Init
                0x00003bda       0x64 ./Application/Application_program.o
 .text.DashBoard_Update_GearBox_state
                0x00003c3e       0x8a ./Application/Application_program.o
 .text.DashBoard_Update_CCS_State
                0x00003cc8       0x36 ./Application/Application_program.o
 .text.DashBoard_Update_BrakingAssist_State
                0x00003cfe       0x34 ./Application/Application_program.o
 .text.DashBoard_Update_SpeedLimiter_State
                0x00003d32       0x34 ./Application/Application_program.o
 .text.DashBoard_updateSpeedLimitValue
                0x00003d66       0x3e ./Application/Application_program.o
 .text.App_GetDiffCarSpeed_and_limit
                0x00003da4       0x88 ./Application/Application_program.o
 .text.DashBoard_SpeedLimit_status_update
                0x00003e2c       0x52 ./Application/Application_program.o
 .text.App_Relay_behavior_SpeedLimit
                0x00003e7e        0xe ./Application/Application_program.o
 .text.DashBoard_DistanceShow
                0x00003e8c       0x1e ./Application/Application_program.o
 .text.DashBoard_DistanceHide
                0x00003eaa       0x1e ./Application/Application_program.o
 .text.APP_DashBoardPage_update
                0x00003ec8       0xea ./Application/Application_program.o
 .text.APP_DashBoard_SwitchPages
                0x00003fb2       0xc8 ./Application/Application_program.o
 .text.APP_KeypadUpdate
                0x0000407a      0x248 ./Application/Application_program.o
 .text.Braking_Button_Handling
                0x000042c2       0x66 ./Application/Application_program.o
 .text.tessst   0x00004328       0x40 ./Application/Application_program.o
                0x00004328                tessst
 .text.Buzzer_NotifySound
                0x00004368       0x22 ./Application/Application_program.o
 .text.Buzzer_timeOutOff
                0x0000438a       0x1c ./Application/Application_program.o
                0x0000438a                Buzzer_timeOutOff
 .text.ACCS_CatchDistance
                0x000043a6      0x104 ./Application/Application_program.o
 .text.ACCS_DicisionTake
                0x000044aa      0x13a ./Application/Application_program.o
 .text.App_SpeedUpdate
                0x000045e4       0xd8 ./Application/Application_program.o
 .text.main     0x000046bc       0x12 ./main.o
                0x000046bc                main
 .text.libgcc   0x000046ce       0x3e c:/winavr-20100110/bin/../lib/gcc/avr/4.3.3/avr5\libgcc.a(_mulsi3.o)
                0x000046ce                __mulsi3
 .text.libgcc   0x0000470c       0x18 c:/winavr-20100110/bin/../lib/gcc/avr/4.3.3/avr5\libgcc.a(_udivmodqi4.o)
                0x0000470c                __udivmodqi4
 .text.libgcc   0x00004724       0x44 c:/winavr-20100110/bin/../lib/gcc/avr/4.3.3/avr5\libgcc.a(_udivmodsi4.o)
                0x00004724                __udivmodsi4
 .text.libgcc   0x00004768        0x0 c:/winavr-20100110/bin/../lib/gcc/avr/4.3.3/avr5\libgcc.a(_exit.o)
 .text.libgcc   0x00004768        0x0 c:/winavr-20100110/bin/../lib/gcc/avr/4.3.3/avr5\libgcc.a(_copy_data.o)
 .text.libgcc   0x00004768        0x0 c:/winavr-20100110/bin/../lib/gcc/avr/4.3.3/avr5\libgcc.a(_clear_bss.o)
 .text.libgcc   0x00004768       0x38 c:/winavr-20100110/bin/../lib/gcc/avr/4.3.3/avr5\libgcc.a(_prologue.o)
                0x00004768                __prologue_saves__
 .text.libgcc   0x000047a0       0x36 c:/winavr-20100110/bin/../lib/gcc/avr/4.3.3/avr5\libgcc.a(_epilogue.o)
                0x000047a0                __epilogue_restores__
 .text.avr-libc
                0x000047d6       0x42 c:/winavr-20100110/bin/../lib/gcc/avr/4.3.3/../../../../avr/lib/avr5\libc.a(itoa.o)
                0x000047d6                itoa
 .text.avr-libc
                0x00004818       0x20 c:/winavr-20100110/bin/../lib/gcc/avr/4.3.3/../../../../avr/lib/avr5\libc.a(strrev.o)
                0x00004818                strrev
 .text.libgcc   0x00004838       0x28 c:/winavr-20100110/bin/../lib/gcc/avr/4.3.3/avr5\libgcc.a(_udivmodhi4.o)
                0x00004838                __udivmodhi4
                0x00004860                . = ALIGN (0x2)
 *(.fini9)
 .fini9         0x00004860        0x0 c:/winavr-20100110/bin/../lib/gcc/avr/4.3.3/avr5\libgcc.a(_exit.o)
                0x00004860                exit
                0x00004860                _exit
 *(.fini9)
 *(.fini8)
 *(.fini8)
 *(.fini7)
 *(.fini7)
 *(.fini6)
 *(.fini6)
 *(.fini5)
 *(.fini5)
 *(.fini4)
 *(.fini4)
 *(.fini3)
 *(.fini3)
 *(.fini2)
 *(.fini2)
 *(.fini1)
 *(.fini1)
 *(.fini0)
 .fini0         0x00004860        0x4 c:/winavr-20100110/bin/../lib/gcc/avr/4.3.3/avr5\libgcc.a(_exit.o)
 *(.fini0)
                0x00004864                _etext = .

.data           0x00800060      0x20e load address 0x00004864
                0x00800060                PROVIDE (__data_start, .)
 *(.data)
 .data          0x00800060        0x0 c:/winavr-20100110/bin/../lib/gcc/avr/4.3.3/../../../../avr/lib/avr5/crtm16.o
 .data          0x00800060        0x0 ./MCAL/TIMER0/TIMER0_config.o
 .data          0x00800060        0x0 ./MCAL/TIMER0/TIMER0_program.o
 .data          0x00800060        0x0 ./MCAL/GPIO/GPIO_program.o
 .data          0x00800060        0x0 ./MCAL/EXT_INT/EXT_INT_program.o
 .data          0x00800060        0x0 ./MCAL/ADC/ADC_config.o
 .data          0x00800060        0x0 ./MCAL/ADC/ADC_program.o
 .data          0x00800060        0x0 ./HAL/Potentiometer/POT_program.o
 .data          0x00800060        0x0 ./HAL/LED/LED_program.o
 .data          0x00800060        0x0 ./HAL/LCD/LCD_program.o
 .data          0x00800060        0x0 ./HAL/KEYPAD/Keypad_program.o
 .data          0x00800060        0x0 ./HAL/Buzzer/Buzzer_program.o
 .data          0x00800060        0x0 ./HAL/BUTTON/BUTTON_program.o
 .data          0x00800060       0x9b ./Application/Application_program.o
 .data          0x008000fb        0x0 ./main.o
 .data          0x008000fb        0x0 c:/winavr-20100110/bin/../lib/gcc/avr/4.3.3/avr5\libgcc.a(_mulsi3.o)
 .data          0x008000fb        0x0 c:/winavr-20100110/bin/../lib/gcc/avr/4.3.3/avr5\libgcc.a(_udivmodqi4.o)
 .data          0x008000fb        0x0 c:/winavr-20100110/bin/../lib/gcc/avr/4.3.3/avr5\libgcc.a(_udivmodsi4.o)
 .data          0x008000fb        0x0 c:/winavr-20100110/bin/../lib/gcc/avr/4.3.3/avr5\libgcc.a(_exit.o)
 .data          0x008000fb        0x0 c:/winavr-20100110/bin/../lib/gcc/avr/4.3.3/avr5\libgcc.a(_copy_data.o)
 .data          0x008000fb        0x0 c:/winavr-20100110/bin/../lib/gcc/avr/4.3.3/avr5\libgcc.a(_clear_bss.o)
 .data          0x008000fb        0x0 c:/winavr-20100110/bin/../lib/gcc/avr/4.3.3/avr5\libgcc.a(_fixunssfsi.o)
 .data          0x008000fb        0x0 c:/winavr-20100110/bin/../lib/gcc/avr/4.3.3/avr5\libgcc.a(_addsub_sf.o)
 .data          0x008000fb        0x0 c:/winavr-20100110/bin/../lib/gcc/avr/4.3.3/avr5\libgcc.a(_mul_sf.o)
 .data          0x008000fb        0x0 c:/winavr-20100110/bin/../lib/gcc/avr/4.3.3/avr5\libgcc.a(_div_sf.o)
 .data          0x008000fb        0x0 c:/winavr-20100110/bin/../lib/gcc/avr/4.3.3/avr5\libgcc.a(_gt_sf.o)
 .data          0x008000fb        0x0 c:/winavr-20100110/bin/../lib/gcc/avr/4.3.3/avr5\libgcc.a(_ge_sf.o)
 .data          0x008000fb        0x0 c:/winavr-20100110/bin/../lib/gcc/avr/4.3.3/avr5\libgcc.a(_lt_sf.o)
 .data          0x008000fb        0x0 c:/winavr-20100110/bin/../lib/gcc/avr/4.3.3/avr5\libgcc.a(_sf_to_si.o)
 .data          0x008000fb        0x8 c:/winavr-20100110/bin/../lib/gcc/avr/4.3.3/avr5\libgcc.a(_thenan_sf.o)
                0x008000fb                __thenan_sf
 .data          0x00800103        0x0 c:/winavr-20100110/bin/../lib/gcc/avr/4.3.3/avr5\libgcc.a(_usi_to_sf.o)
 .data          0x00800103        0x0 c:/winavr-20100110/bin/../lib/gcc/avr/4.3.3/avr5\libgcc.a(_prologue.o)
 .data          0x00800103        0x0 c:/winavr-20100110/bin/../lib/gcc/avr/4.3.3/avr5\libgcc.a(_epilogue.o)
 .data          0x00800103        0x0 c:/winavr-20100110/bin/../lib/gcc/avr/4.3.3/avr5\libgcc.a(_clzsi2.o)
 .data          0x00800103        0x0 c:/winavr-20100110/bin/../lib/gcc/avr/4.3.3/avr5\libgcc.a(_pack_sf.o)
 .data          0x00800103        0x0 c:/winavr-20100110/bin/../lib/gcc/avr/4.3.3/avr5\libgcc.a(_unpack_sf.o)
 .data          0x00800103        0x0 c:/winavr-20100110/bin/../lib/gcc/avr/4.3.3/avr5\libgcc.a(_fpcmp_parts_sf.o)
 .data          0x00800103      0x100 c:/winavr-20100110/bin/../lib/gcc/avr/4.3.3/avr5\libgcc.a(_clz.o)
                0x00800103                __clz_tab
 .data          0x00800203        0x0 c:/winavr-20100110/bin/../lib/gcc/avr/4.3.3/../../../../avr/lib/avr5\libc.a(itoa.o)
 .data          0x00800203        0x0 c:/winavr-20100110/bin/../lib/gcc/avr/4.3.3/../../../../avr/lib/avr5\libc.a(strrev.o)
 .data          0x00800203        0x0 c:/winavr-20100110/bin/../lib/gcc/avr/4.3.3/avr5\libgcc.a(_udivmodhi4.o)
 *(.data*)
 .data.TIMER0_ConfigTypeParam
                0x00800203        0x1 ./MCAL/TIMER0/TIMER0_config.o
                0x00800203                TIMER0_ConfigTypeParam
 .data.GPIO_configParam
                0x00800204        0x3 ./MCAL/GPIO/GPIO_program.o
                0x00800204                GPIO_configParam
 .data.ADC_ConfigTypeParam
                0x00800207        0x5 ./MCAL/ADC/ADC_config.o
                0x00800207                ADC_ConfigTypeParam
 .data.HeartCustomCharacter
                0x0080020c        0x8 ./HAL/LCD/LCD_program.o
                0x0080020c                HeartCustomCharacter
 .data.BatteryCharge
                0x00800214        0x8 ./HAL/LCD/LCD_program.o
                0x00800214                BatteryCharge
 .data.LCD_Page_Not_Selected
                0x0080021c        0x8 ./HAL/LCD/LCD_program.o
                0x0080021c                LCD_Page_Not_Selected
 .data.LCD_Page_Selected
                0x00800224        0x8 ./HAL/LCD/LCD_program.o
                0x00800224                LCD_Page_Selected
 .data.LCD_Right_ICON
                0x0080022c        0x8 ./HAL/LCD/LCD_program.o
                0x0080022c                LCD_Right_ICON
 .data.LCD_False_ICON
                0x00800234        0x8 ./HAL/LCD/LCD_program.o
                0x00800234                LCD_False_ICON
 .data.LCD_Mute_ICON
                0x0080023c        0x8 ./HAL/LCD/LCD_program.o
                0x0080023c                LCD_Mute_ICON
 .data.LCD_Skull_ICON
                0x00800244        0x8 ./HAL/LCD/LCD_program.o
                0x00800244                LCD_Skull_ICON
 .data.LCD_Alarm_ICON
                0x0080024c        0x8 ./HAL/LCD/LCD_program.o
                0x0080024c                LCD_Alarm_ICON
 .data.sequelizeCOL
                0x00800254        0x3 ./HAL/KEYPAD/Keypad_program.o
                0x00800254                sequelizeCOL
 .data.sequelizeROW
                0x00800257        0x4 ./HAL/KEYPAD/Keypad_program.o
                0x00800257                sequelizeROW
 .data.Page_Current_State
                0x0080025b        0x1 ./Application/Application_program.o
                0x0080025b                Page_Current_State
 .data.Global_Braking_BTN_State
                0x0080025c        0x1 ./Application/Application_program.o
 .data.Global_Speed_Limiter_value
                0x0080025d        0x1 ./Application/Application_program.o
 .data.SL_FirstTime_DEC.1701
                0x0080025e        0x1 ./Application/Application_program.o
 .data.SL_FirstTime_INC.1699
                0x0080025f        0x1 ./Application/Application_program.o
 .data.Braking_BTN_State.1823
                0x00800260        0x1 ./Application/Application_program.o
 *(.rodata)
 *(.rodata*)
 .rodata.C.8.1574
                0x00800261        0x3 ./Application/Application_program.o
 .rodata.C.23.1658
                0x00800264        0x9 ./Application/Application_program.o
 *(.gnu.linkonce.d*)
                0x0080026e                . = ALIGN (0x2)
 *fill*         0x0080026d        0x1 00
                0x0080026e                _edata = .
                0x0080026e                PROVIDE (__data_end, .)

.bss            0x0080026e       0x27
                0x0080026e                PROVIDE (__bss_start, .)
 *(.bss)
 .bss           0x0080026e        0x0 c:/winavr-20100110/bin/../lib/gcc/avr/4.3.3/../../../../avr/lib/avr5/crtm16.o
 .bss           0x0080026e        0x0 ./MCAL/TIMER0/TIMER0_config.o
 .bss           0x0080026e        0x0 ./MCAL/TIMER0/TIMER0_program.o
 .bss           0x0080026e        0x0 ./MCAL/GPIO/GPIO_program.o
 .bss           0x0080026e        0x0 ./MCAL/EXT_INT/EXT_INT_program.o
 .bss           0x0080026e        0x0 ./MCAL/ADC/ADC_config.o
 .bss           0x0080026e        0x0 ./MCAL/ADC/ADC_program.o
 .bss           0x0080026e        0x0 ./HAL/Potentiometer/POT_program.o
 .bss           0x0080026e        0x0 ./HAL/LED/LED_program.o
 .bss           0x0080026e        0x0 ./HAL/LCD/LCD_program.o
 .bss           0x0080026e        0x0 ./HAL/KEYPAD/Keypad_program.o
 .bss           0x0080026e        0x0 ./HAL/Buzzer/Buzzer_program.o
 .bss           0x0080026e        0x0 ./HAL/BUTTON/BUTTON_program.o
 .bss           0x0080026e        0x0 ./Application/Application_program.o
 .bss           0x0080026e        0x0 ./main.o
 .bss           0x0080026e        0x0 c:/winavr-20100110/bin/../lib/gcc/avr/4.3.3/avr5\libgcc.a(_mulsi3.o)
 .bss           0x0080026e        0x0 c:/winavr-20100110/bin/../lib/gcc/avr/4.3.3/avr5\libgcc.a(_udivmodqi4.o)
 .bss           0x0080026e        0x0 c:/winavr-20100110/bin/../lib/gcc/avr/4.3.3/avr5\libgcc.a(_udivmodsi4.o)
 .bss           0x0080026e        0x0 c:/winavr-20100110/bin/../lib/gcc/avr/4.3.3/avr5\libgcc.a(_exit.o)
 .bss           0x0080026e        0x0 c:/winavr-20100110/bin/../lib/gcc/avr/4.3.3/avr5\libgcc.a(_copy_data.o)
 .bss           0x0080026e        0x0 c:/winavr-20100110/bin/../lib/gcc/avr/4.3.3/avr5\libgcc.a(_clear_bss.o)
 .bss           0x0080026e        0x0 c:/winavr-20100110/bin/../lib/gcc/avr/4.3.3/avr5\libgcc.a(_fixunssfsi.o)
 .bss           0x0080026e        0x0 c:/winavr-20100110/bin/../lib/gcc/avr/4.3.3/avr5\libgcc.a(_addsub_sf.o)
 .bss           0x0080026e        0x0 c:/winavr-20100110/bin/../lib/gcc/avr/4.3.3/avr5\libgcc.a(_mul_sf.o)
 .bss           0x0080026e        0x0 c:/winavr-20100110/bin/../lib/gcc/avr/4.3.3/avr5\libgcc.a(_div_sf.o)
 .bss           0x0080026e        0x0 c:/winavr-20100110/bin/../lib/gcc/avr/4.3.3/avr5\libgcc.a(_gt_sf.o)
 .bss           0x0080026e        0x0 c:/winavr-20100110/bin/../lib/gcc/avr/4.3.3/avr5\libgcc.a(_ge_sf.o)
 .bss           0x0080026e        0x0 c:/winavr-20100110/bin/../lib/gcc/avr/4.3.3/avr5\libgcc.a(_lt_sf.o)
 .bss           0x0080026e        0x0 c:/winavr-20100110/bin/../lib/gcc/avr/4.3.3/avr5\libgcc.a(_sf_to_si.o)
 .bss           0x0080026e        0x0 c:/winavr-20100110/bin/../lib/gcc/avr/4.3.3/avr5\libgcc.a(_thenan_sf.o)
 .bss           0x0080026e        0x0 c:/winavr-20100110/bin/../lib/gcc/avr/4.3.3/avr5\libgcc.a(_usi_to_sf.o)
 .bss           0x0080026e        0x0 c:/winavr-20100110/bin/../lib/gcc/avr/4.3.3/avr5\libgcc.a(_prologue.o)
 .bss           0x0080026e        0x0 c:/winavr-20100110/bin/../lib/gcc/avr/4.3.3/avr5\libgcc.a(_epilogue.o)
 .bss           0x0080026e        0x0 c:/winavr-20100110/bin/../lib/gcc/avr/4.3.3/avr5\libgcc.a(_clzsi2.o)
 .bss           0x0080026e        0x0 c:/winavr-20100110/bin/../lib/gcc/avr/4.3.3/avr5\libgcc.a(_pack_sf.o)
 .bss           0x0080026e        0x0 c:/winavr-20100110/bin/../lib/gcc/avr/4.3.3/avr5\libgcc.a(_unpack_sf.o)
 .bss           0x0080026e        0x0 c:/winavr-20100110/bin/../lib/gcc/avr/4.3.3/avr5\libgcc.a(_fpcmp_parts_sf.o)
 .bss           0x0080026e        0x0 c:/winavr-20100110/bin/../lib/gcc/avr/4.3.3/avr5\libgcc.a(_clz.o)
 .bss           0x0080026e        0x0 c:/winavr-20100110/bin/../lib/gcc/avr/4.3.3/../../../../avr/lib/avr5\libc.a(itoa.o)
 .bss           0x0080026e        0x0 c:/winavr-20100110/bin/../lib/gcc/avr/4.3.3/../../../../avr/lib/avr5\libc.a(strrev.o)
 .bss           0x0080026e        0x0 c:/winavr-20100110/bin/../lib/gcc/avr/4.3.3/avr5\libgcc.a(_udivmodhi4.o)
 *(.bss*)
 .bss.g_CallBackPtr_T0
                0x0080026e        0x2 ./MCAL/TIMER0/TIMER0_program.o
 .bss.g_CallBackPtr_INT0
                0x00800270        0x2 ./MCAL/EXT_INT/EXT_INT_program.o
 .bss.g_CallBackPtr_INT1
                0x00800272        0x2 ./MCAL/EXT_INT/EXT_INT_program.o
 .bss.g_CallBackPtr_INT2
                0x00800274        0x2 ./MCAL/EXT_INT/EXT_INT_program.o
 .bss.ADC_conversion_value
                0x00800276        0x2 ./MCAL/ADC/ADC_program.o
                0x00800276                ADC_conversion_value
 .bss.row_global
                0x00800278        0x1 ./HAL/LCD/LCD_program.o
 .bss.col_global
                0x00800279        0x1 ./HAL/LCD/LCD_program.o
 .bss.GearBox_Current_State
                0x0080027a        0x1 ./Application/Application_program.o
                0x0080027a                GearBox_Current_State
 .bss.CCS_Currnet_state
                0x0080027b        0x1 ./Application/Application_program.o
                0x0080027b                CCS_Currnet_state
 .bss.SpeedLimit_Current__State
                0x0080027c        0x1 ./Application/Application_program.o
                0x0080027c                SpeedLimit_Current__State
 .bss.BrakingAssist_Current_State
                0x0080027d        0x1 ./Application/Application_program.o
                0x0080027d                BrakingAssist_Current_State
 .bss.distance_ACCS
                0x0080027e        0x4 ./Application/Application_program.o
                0x0080027e                distance_ACCS
 .bss.Car_Speed
                0x00800282        0x2 ./Application/Application_program.o
 .bss.Speed_limit_Current_Status
                0x00800284        0x1 ./Application/Application_program.o
                0x00800284                Speed_limit_Current_Status
 .bss.SL_DEC_repeation.1702
                0x00800285        0x1 ./Application/Application_program.o
 .bss.SL_INC_repeation.1700
                0x00800286        0x1 ./Application/Application_program.o
 .bss.BrakingAssit_IsStillPressed.1697
                0x00800287        0x1 ./Application/Application_program.o
 .bss.SL_DecIsStillPressed.1696
                0x00800288        0x1 ./Application/Application_program.o
 .bss.SL_IncIsStillPressed.1695
                0x00800289        0x1 ./Application/Application_program.o
 .bss.SL_ON_OFFIsStillPressed.1694
                0x0080028a        0x1 ./Application/Application_program.o
 .bss.L_Page_IsStillPressed.1693
                0x0080028b        0x1 ./Application/Application_program.o
 .bss.R_Page_IsStillPressed.1692
                0x0080028c        0x1 ./Application/Application_program.o
 .bss.CCS_IsStillPressed.1691
                0x0080028d        0x1 ./Application/Application_program.o
 .bss.GearBox_IsStillPressed.1690
                0x0080028e        0x1 ./Application/Application_program.o
 .bss.Prev_Adc_value_pure.1911
                0x0080028f        0x2 ./Application/Application_program.o
 .bss.Adc_value_pure
                0x00800291        0x1 ./main.o
                0x00800291                Adc_value_pure
 *(COMMON)
 COMMON         0x00800292        0x3 ./Application/Application_program.o
                0x00800292                Temp_Speed
                0x00800293                Diff_between_ADCS
                0x00800295                PROVIDE (__bss_end, .)
                0x00004864                __data_load_start = LOADADDR (.data)
                0x00004a72                __data_load_end = (__data_load_start + SIZEOF (.data))

.noinit         0x00800295        0x0
                0x00800295                PROVIDE (__noinit_start, .)
 *(.noinit*)
                0x00800295                PROVIDE (__noinit_end, .)
                0x00800295                _end = .
                0x00800295                PROVIDE (__heap_start, .)

.eeprom         0x00810000        0x0
 *(.eeprom*)
                0x00810000                __eeprom_end = .

.fuse
 *(.fuse)
 *(.lfuse)
 *(.hfuse)
 *(.efuse)

.lock
 *(.lock*)

.signature
 *(.signature*)

.stab           0x00000000     0x5ce8
 *(.stab)
 .stab          0x00000000      0x12c ./MCAL/TIMER0/TIMER0_config.o
 .stab          0x0000012c      0x438 ./MCAL/TIMER0/TIMER0_program.o
                                0x474 (size before relaxing)
 .stab          0x00000564      0xab0 ./MCAL/GPIO/GPIO_program.o
                                0xabc (size before relaxing)
 .stab          0x00001014      0x588 ./MCAL/EXT_INT/EXT_INT_program.o
                                0x594 (size before relaxing)
 .stab          0x0000159c      0x180 ./MCAL/ADC/ADC_config.o
                                0x18c (size before relaxing)
 .stab          0x0000171c      0x4a4 ./MCAL/ADC/ADC_program.o
                                0x540 (size before relaxing)
 .stab          0x00001bc0      0x264 ./HAL/Potentiometer/POT_program.o
                                0x270 (size before relaxing)
 .stab          0x00001e24      0x390 ./HAL/LED/LED_program.o
                                0x39c (size before relaxing)
 .stab          0x000021b4     0x171c ./HAL/LCD/LCD_program.o
                               0x1728 (size before relaxing)
 .stab          0x000038d0      0x4bc ./HAL/KEYPAD/Keypad_program.o
                                0x4c8 (size before relaxing)
 .stab          0x00003d8c      0x390 ./HAL/Buzzer/Buzzer_program.o
                                0x39c (size before relaxing)
 .stab          0x0000411c      0x294 ./HAL/BUTTON/BUTTON_program.o
                                0x2a0 (size before relaxing)
 .stab          0x000043b0     0x17a0 ./Application/Application_program.o
                               0x17ac (size before relaxing)
 .stab          0x00005b50      0x198 ./main.o
                                0x3f0 (size before relaxing)

.stabstr        0x00000000     0x381b
 *(.stabstr)
 .stabstr       0x00000000     0x381b ./MCAL/TIMER0/TIMER0_config.o

.stab.excl
 *(.stab.excl)

.stab.exclstr
 *(.stab.exclstr)

.stab.index
 *(.stab.index)

.stab.indexstr
 *(.stab.indexstr)

.comment
 *(.comment)

.debug
 *(.debug)

.line
 *(.line)

.debug_srcinfo
 *(.debug_srcinfo)

.debug_sfnames
 *(.debug_sfnames)

.debug_aranges  0x00000000      0x1a0
 *(.debug_aranges)
 .debug_aranges
                0x00000000       0x20 c:/winavr-20100110/bin/../lib/gcc/avr/4.3.3/avr5\libgcc.a(_fixunssfsi.o)
 .debug_aranges
                0x00000020       0x20 c:/winavr-20100110/bin/../lib/gcc/avr/4.3.3/avr5\libgcc.a(_addsub_sf.o)
 .debug_aranges
                0x00000040       0x20 c:/winavr-20100110/bin/../lib/gcc/avr/4.3.3/avr5\libgcc.a(_mul_sf.o)
 .debug_aranges
                0x00000060       0x20 c:/winavr-20100110/bin/../lib/gcc/avr/4.3.3/avr5\libgcc.a(_div_sf.o)
 .debug_aranges
                0x00000080       0x20 c:/winavr-20100110/bin/../lib/gcc/avr/4.3.3/avr5\libgcc.a(_gt_sf.o)
 .debug_aranges
                0x000000a0       0x20 c:/winavr-20100110/bin/../lib/gcc/avr/4.3.3/avr5\libgcc.a(_ge_sf.o)
 .debug_aranges
                0x000000c0       0x20 c:/winavr-20100110/bin/../lib/gcc/avr/4.3.3/avr5\libgcc.a(_lt_sf.o)
 .debug_aranges
                0x000000e0       0x20 c:/winavr-20100110/bin/../lib/gcc/avr/4.3.3/avr5\libgcc.a(_sf_to_si.o)
 .debug_aranges
                0x00000100       0x20 c:/winavr-20100110/bin/../lib/gcc/avr/4.3.3/avr5\libgcc.a(_usi_to_sf.o)
 .debug_aranges
                0x00000120       0x20 c:/winavr-20100110/bin/../lib/gcc/avr/4.3.3/avr5\libgcc.a(_clzsi2.o)
 .debug_aranges
                0x00000140       0x20 c:/winavr-20100110/bin/../lib/gcc/avr/4.3.3/avr5\libgcc.a(_pack_sf.o)
 .debug_aranges
                0x00000160       0x20 c:/winavr-20100110/bin/../lib/gcc/avr/4.3.3/avr5\libgcc.a(_unpack_sf.o)
 .debug_aranges
                0x00000180       0x20 c:/winavr-20100110/bin/../lib/gcc/avr/4.3.3/avr5\libgcc.a(_fpcmp_parts_sf.o)

.debug_pubnames
                0x00000000      0x1f2
 *(.debug_pubnames)
 .debug_pubnames
                0x00000000       0x23 c:/winavr-20100110/bin/../lib/gcc/avr/4.3.3/avr5\libgcc.a(_fixunssfsi.o)
 .debug_pubnames
                0x00000023       0x2c c:/winavr-20100110/bin/../lib/gcc/avr/4.3.3/avr5\libgcc.a(_addsub_sf.o)
 .debug_pubnames
                0x0000004f       0x1f c:/winavr-20100110/bin/../lib/gcc/avr/4.3.3/avr5\libgcc.a(_mul_sf.o)
 .debug_pubnames
                0x0000006e       0x1f c:/winavr-20100110/bin/../lib/gcc/avr/4.3.3/avr5\libgcc.a(_div_sf.o)
 .debug_pubnames
                0x0000008d       0x1e c:/winavr-20100110/bin/../lib/gcc/avr/4.3.3/avr5\libgcc.a(_gt_sf.o)
 .debug_pubnames
                0x000000ab       0x1e c:/winavr-20100110/bin/../lib/gcc/avr/4.3.3/avr5\libgcc.a(_ge_sf.o)
 .debug_pubnames
                0x000000c9       0x1e c:/winavr-20100110/bin/../lib/gcc/avr/4.3.3/avr5\libgcc.a(_lt_sf.o)
 .debug_pubnames
                0x000000e7       0x20 c:/winavr-20100110/bin/../lib/gcc/avr/4.3.3/avr5\libgcc.a(_sf_to_si.o)
 .debug_pubnames
                0x00000107       0x22 c:/winavr-20100110/bin/../lib/gcc/avr/4.3.3/avr5\libgcc.a(_thenan_sf.o)
 .debug_pubnames
                0x00000129       0x24 c:/winavr-20100110/bin/../lib/gcc/avr/4.3.3/avr5\libgcc.a(_usi_to_sf.o)
 .debug_pubnames
                0x0000014d       0x1f c:/winavr-20100110/bin/../lib/gcc/avr/4.3.3/avr5\libgcc.a(_clzsi2.o)
 .debug_pubnames
                0x0000016c       0x1f c:/winavr-20100110/bin/../lib/gcc/avr/4.3.3/avr5\libgcc.a(_pack_sf.o)
 .debug_pubnames
                0x0000018b       0x21 c:/winavr-20100110/bin/../lib/gcc/avr/4.3.3/avr5\libgcc.a(_unpack_sf.o)
 .debug_pubnames
                0x000001ac       0x26 c:/winavr-20100110/bin/../lib/gcc/avr/4.3.3/avr5\libgcc.a(_fpcmp_parts_sf.o)
 .debug_pubnames
                0x000001d2       0x20 c:/winavr-20100110/bin/../lib/gcc/avr/4.3.3/avr5\libgcc.a(_clz.o)

.debug_info     0x00000000     0x240b
 *(.debug_info)
 .debug_info    0x00000000       0xb1 c:/winavr-20100110/bin/../lib/gcc/avr/4.3.3/avr5\libgcc.a(_fixunssfsi.o)
 .debug_info    0x000000b1      0x47a c:/winavr-20100110/bin/../lib/gcc/avr/4.3.3/avr5\libgcc.a(_addsub_sf.o)
 .debug_info    0x0000052b      0x485 c:/winavr-20100110/bin/../lib/gcc/avr/4.3.3/avr5\libgcc.a(_mul_sf.o)
 .debug_info    0x000009b0      0x3fc c:/winavr-20100110/bin/../lib/gcc/avr/4.3.3/avr5\libgcc.a(_div_sf.o)
 .debug_info    0x00000dac      0x27f c:/winavr-20100110/bin/../lib/gcc/avr/4.3.3/avr5\libgcc.a(_gt_sf.o)
 .debug_info    0x0000102b      0x27f c:/winavr-20100110/bin/../lib/gcc/avr/4.3.3/avr5\libgcc.a(_ge_sf.o)
 .debug_info    0x000012aa      0x27f c:/winavr-20100110/bin/../lib/gcc/avr/4.3.3/avr5\libgcc.a(_lt_sf.o)
 .debug_info    0x00001529      0x2b0 c:/winavr-20100110/bin/../lib/gcc/avr/4.3.3/avr5\libgcc.a(_sf_to_si.o)
 .debug_info    0x000017d9      0x12c c:/winavr-20100110/bin/../lib/gcc/avr/4.3.3/avr5\libgcc.a(_thenan_sf.o)
 .debug_info    0x00001905      0x206 c:/winavr-20100110/bin/../lib/gcc/avr/4.3.3/avr5\libgcc.a(_usi_to_sf.o)
 .debug_info    0x00001b0b      0x117 c:/winavr-20100110/bin/../lib/gcc/avr/4.3.3/avr5\libgcc.a(_clzsi2.o)
 .debug_info    0x00001c22      0x2df c:/winavr-20100110/bin/../lib/gcc/avr/4.3.3/avr5\libgcc.a(_pack_sf.o)
 .debug_info    0x00001f01      0x251 c:/winavr-20100110/bin/../lib/gcc/avr/4.3.3/avr5\libgcc.a(_unpack_sf.o)
 .debug_info    0x00002152      0x210 c:/winavr-20100110/bin/../lib/gcc/avr/4.3.3/avr5\libgcc.a(_fpcmp_parts_sf.o)
 .debug_info    0x00002362       0xa9 c:/winavr-20100110/bin/../lib/gcc/avr/4.3.3/avr5\libgcc.a(_clz.o)
 *(.gnu.linkonce.wi.*)

.debug_abbrev   0x00000000     0x1386
 *(.debug_abbrev)
 .debug_abbrev  0x00000000       0x5d c:/winavr-20100110/bin/../lib/gcc/avr/4.3.3/avr5\libgcc.a(_fixunssfsi.o)
 .debug_abbrev  0x0000005d      0x1ea c:/winavr-20100110/bin/../lib/gcc/avr/4.3.3/avr5\libgcc.a(_addsub_sf.o)
 .debug_abbrev  0x00000247      0x21b c:/winavr-20100110/bin/../lib/gcc/avr/4.3.3/avr5\libgcc.a(_mul_sf.o)
 .debug_abbrev  0x00000462      0x216 c:/winavr-20100110/bin/../lib/gcc/avr/4.3.3/avr5\libgcc.a(_div_sf.o)
 .debug_abbrev  0x00000678      0x15a c:/winavr-20100110/bin/../lib/gcc/avr/4.3.3/avr5\libgcc.a(_gt_sf.o)
 .debug_abbrev  0x000007d2      0x15a c:/winavr-20100110/bin/../lib/gcc/avr/4.3.3/avr5\libgcc.a(_ge_sf.o)
 .debug_abbrev  0x0000092c      0x15a c:/winavr-20100110/bin/../lib/gcc/avr/4.3.3/avr5\libgcc.a(_lt_sf.o)
 .debug_abbrev  0x00000a86      0x17f c:/winavr-20100110/bin/../lib/gcc/avr/4.3.3/avr5\libgcc.a(_sf_to_si.o)
 .debug_abbrev  0x00000c05       0xad c:/winavr-20100110/bin/../lib/gcc/avr/4.3.3/avr5\libgcc.a(_thenan_sf.o)
 .debug_abbrev  0x00000cb2      0x157 c:/winavr-20100110/bin/../lib/gcc/avr/4.3.3/avr5\libgcc.a(_usi_to_sf.o)
 .debug_abbrev  0x00000e09       0xc4 c:/winavr-20100110/bin/../lib/gcc/avr/4.3.3/avr5\libgcc.a(_clzsi2.o)
 .debug_abbrev  0x00000ecd      0x1c0 c:/winavr-20100110/bin/../lib/gcc/avr/4.3.3/avr5\libgcc.a(_pack_sf.o)
 .debug_abbrev  0x0000108d      0x154 c:/winavr-20100110/bin/../lib/gcc/avr/4.3.3/avr5\libgcc.a(_unpack_sf.o)
 .debug_abbrev  0x000011e1      0x13b c:/winavr-20100110/bin/../lib/gcc/avr/4.3.3/avr5\libgcc.a(_fpcmp_parts_sf.o)
 .debug_abbrev  0x0000131c       0x6a c:/winavr-20100110/bin/../lib/gcc/avr/4.3.3/avr5\libgcc.a(_clz.o)

.debug_line     0x00000000     0x11d6
 *(.debug_line)
 .debug_line    0x00000000       0xa7 c:/winavr-20100110/bin/../lib/gcc/avr/4.3.3/avr5\libgcc.a(_fixunssfsi.o)
 .debug_line    0x000000a7      0x2af c:/winavr-20100110/bin/../lib/gcc/avr/4.3.3/avr5\libgcc.a(_addsub_sf.o)
 .debug_line    0x00000356      0x239 c:/winavr-20100110/bin/../lib/gcc/avr/4.3.3/avr5\libgcc.a(_mul_sf.o)
 .debug_line    0x0000058f      0x1d5 c:/winavr-20100110/bin/../lib/gcc/avr/4.3.3/avr5\libgcc.a(_div_sf.o)
 .debug_line    0x00000764       0xd3 c:/winavr-20100110/bin/../lib/gcc/avr/4.3.3/avr5\libgcc.a(_gt_sf.o)
 .debug_line    0x00000837       0xd3 c:/winavr-20100110/bin/../lib/gcc/avr/4.3.3/avr5\libgcc.a(_ge_sf.o)
 .debug_line    0x0000090a       0xd3 c:/winavr-20100110/bin/../lib/gcc/avr/4.3.3/avr5\libgcc.a(_lt_sf.o)
 .debug_line    0x000009dd      0x109 c:/winavr-20100110/bin/../lib/gcc/avr/4.3.3/avr5\libgcc.a(_sf_to_si.o)
 .debug_line    0x00000ae6       0x90 c:/winavr-20100110/bin/../lib/gcc/avr/4.3.3/avr5\libgcc.a(_thenan_sf.o)
 .debug_line    0x00000b76      0x133 c:/winavr-20100110/bin/../lib/gcc/avr/4.3.3/avr5\libgcc.a(_usi_to_sf.o)
 .debug_line    0x00000ca9       0xa5 c:/winavr-20100110/bin/../lib/gcc/avr/4.3.3/avr5\libgcc.a(_clzsi2.o)
 .debug_line    0x00000d4e      0x18a c:/winavr-20100110/bin/../lib/gcc/avr/4.3.3/avr5\libgcc.a(_pack_sf.o)
 .debug_line    0x00000ed8      0x14b c:/winavr-20100110/bin/../lib/gcc/avr/4.3.3/avr5\libgcc.a(_unpack_sf.o)
 .debug_line    0x00001023      0x137 c:/winavr-20100110/bin/../lib/gcc/avr/4.3.3/avr5\libgcc.a(_fpcmp_parts_sf.o)
 .debug_line    0x0000115a       0x7c c:/winavr-20100110/bin/../lib/gcc/avr/4.3.3/avr5\libgcc.a(_clz.o)

.debug_frame    0x00000000      0x1c0
 *(.debug_frame)
 .debug_frame   0x00000000       0x20 c:/winavr-20100110/bin/../lib/gcc/avr/4.3.3/avr5\libgcc.a(_fixunssfsi.o)
 .debug_frame   0x00000020       0x40 c:/winavr-20100110/bin/../lib/gcc/avr/4.3.3/avr5\libgcc.a(_addsub_sf.o)
 .debug_frame   0x00000060       0x20 c:/winavr-20100110/bin/../lib/gcc/avr/4.3.3/avr5\libgcc.a(_mul_sf.o)
 .debug_frame   0x00000080       0x20 c:/winavr-20100110/bin/../lib/gcc/avr/4.3.3/avr5\libgcc.a(_div_sf.o)
 .debug_frame   0x000000a0       0x20 c:/winavr-20100110/bin/../lib/gcc/avr/4.3.3/avr5\libgcc.a(_gt_sf.o)
 .debug_frame   0x000000c0       0x20 c:/winavr-20100110/bin/../lib/gcc/avr/4.3.3/avr5\libgcc.a(_ge_sf.o)
 .debug_frame   0x000000e0       0x20 c:/winavr-20100110/bin/../lib/gcc/avr/4.3.3/avr5\libgcc.a(_lt_sf.o)
 .debug_frame   0x00000100       0x20 c:/winavr-20100110/bin/../lib/gcc/avr/4.3.3/avr5\libgcc.a(_sf_to_si.o)
 .debug_frame   0x00000120       0x20 c:/winavr-20100110/bin/../lib/gcc/avr/4.3.3/avr5\libgcc.a(_usi_to_sf.o)
 .debug_frame   0x00000140       0x20 c:/winavr-20100110/bin/../lib/gcc/avr/4.3.3/avr5\libgcc.a(_clzsi2.o)
 .debug_frame   0x00000160       0x20 c:/winavr-20100110/bin/../lib/gcc/avr/4.3.3/avr5\libgcc.a(_pack_sf.o)
 .debug_frame   0x00000180       0x20 c:/winavr-20100110/bin/../lib/gcc/avr/4.3.3/avr5\libgcc.a(_unpack_sf.o)
 .debug_frame   0x000001a0       0x20 c:/winavr-20100110/bin/../lib/gcc/avr/4.3.3/avr5\libgcc.a(_fpcmp_parts_sf.o)

.debug_str      0x00000000      0x2f6
 *(.debug_str)
 .debug_str     0x00000000       0xbf c:/winavr-20100110/bin/../lib/gcc/avr/4.3.3/avr5\libgcc.a(_fixunssfsi.o)
                                 0xfe (size before relaxing)
 .debug_str     0x000000bf      0x14d c:/winavr-20100110/bin/../lib/gcc/avr/4.3.3/avr5\libgcc.a(_addsub_sf.o)
                                0x206 (size before relaxing)
 .debug_str     0x0000020c       0x27 c:/winavr-20100110/bin/../lib/gcc/avr/4.3.3/avr5\libgcc.a(_mul_sf.o)
                                0x1bf (size before relaxing)
 .debug_str     0x00000233       0x35 c:/winavr-20100110/bin/../lib/gcc/avr/4.3.3/avr5\libgcc.a(_div_sf.o)
                                0x1c8 (size before relaxing)
 .debug_str     0x00000268        0x8 c:/winavr-20100110/bin/../lib/gcc/avr/4.3.3/avr5\libgcc.a(_gt_sf.o)
                                0x195 (size before relaxing)
 .debug_str     0x00000270        0x8 c:/winavr-20100110/bin/../lib/gcc/avr/4.3.3/avr5\libgcc.a(_ge_sf.o)
                                0x195 (size before relaxing)
 .debug_str     0x00000278        0x8 c:/winavr-20100110/bin/../lib/gcc/avr/4.3.3/avr5\libgcc.a(_lt_sf.o)
                                0x195 (size before relaxing)
 .debug_str     0x00000280        0xa c:/winavr-20100110/bin/../lib/gcc/avr/4.3.3/avr5\libgcc.a(_sf_to_si.o)
                                0x19e (size before relaxing)
 .debug_str     0x00000000      0x103 c:/winavr-20100110/bin/../lib/gcc/avr/4.3.3/avr5\libgcc.a(_thenan_sf.o)
 .debug_str     0x0000028a       0x21 c:/winavr-20100110/bin/../lib/gcc/avr/4.3.3/avr5\libgcc.a(_usi_to_sf.o)
                                0x177 (size before relaxing)
 .debug_str     0x000002ab       0x20 c:/winavr-20100110/bin/../lib/gcc/avr/4.3.3/avr5\libgcc.a(_clzsi2.o)
                                0x111 (size before relaxing)
 .debug_str     0x000002cb       0x10 c:/winavr-20100110/bin/../lib/gcc/avr/4.3.3/avr5\libgcc.a(_pack_sf.o)
                                0x19d (size before relaxing)
 .debug_str     0x000002db        0xb c:/winavr-20100110/bin/../lib/gcc/avr/4.3.3/avr5\libgcc.a(_unpack_sf.o)
                                0x17f (size before relaxing)
 .debug_str     0x000002e6       0x10 c:/winavr-20100110/bin/../lib/gcc/avr/4.3.3/avr5\libgcc.a(_fpcmp_parts_sf.o)
                                0x163 (size before relaxing)
 .debug_str     0x00000000       0xf4 c:/winavr-20100110/bin/../lib/gcc/avr/4.3.3/avr5\libgcc.a(_clz.o)

.debug_loc      0x00000000      0x96e
 *(.debug_loc)
 .debug_loc     0x00000000       0x34 c:/winavr-20100110/bin/../lib/gcc/avr/4.3.3/avr5\libgcc.a(_fixunssfsi.o)
 .debug_loc     0x00000034      0x32a c:/winavr-20100110/bin/../lib/gcc/avr/4.3.3/avr5\libgcc.a(_addsub_sf.o)
 .debug_loc     0x0000035e      0x104 c:/winavr-20100110/bin/../lib/gcc/avr/4.3.3/avr5\libgcc.a(_mul_sf.o)
 .debug_loc     0x00000462       0xc0 c:/winavr-20100110/bin/../lib/gcc/avr/4.3.3/avr5\libgcc.a(_div_sf.o)
 .debug_loc     0x00000522       0x3c c:/winavr-20100110/bin/../lib/gcc/avr/4.3.3/avr5\libgcc.a(_gt_sf.o)
 .debug_loc     0x0000055e       0x3c c:/winavr-20100110/bin/../lib/gcc/avr/4.3.3/avr5\libgcc.a(_ge_sf.o)
 .debug_loc     0x0000059a       0x3c c:/winavr-20100110/bin/../lib/gcc/avr/4.3.3/avr5\libgcc.a(_lt_sf.o)
 .debug_loc     0x000005d6       0x7e c:/winavr-20100110/bin/../lib/gcc/avr/4.3.3/avr5\libgcc.a(_sf_to_si.o)
 .debug_loc     0x00000654       0x4c c:/winavr-20100110/bin/../lib/gcc/avr/4.3.3/avr5\libgcc.a(_usi_to_sf.o)
 .debug_loc     0x000006a0       0x94 c:/winavr-20100110/bin/../lib/gcc/avr/4.3.3/avr5\libgcc.a(_clzsi2.o)
 .debug_loc     0x00000734      0x13e c:/winavr-20100110/bin/../lib/gcc/avr/4.3.3/avr5\libgcc.a(_pack_sf.o)
 .debug_loc     0x00000872       0xac c:/winavr-20100110/bin/../lib/gcc/avr/4.3.3/avr5\libgcc.a(_unpack_sf.o)
 .debug_loc     0x0000091e       0x50 c:/winavr-20100110/bin/../lib/gcc/avr/4.3.3/avr5\libgcc.a(_fpcmp_parts_sf.o)

.debug_macinfo
 *(.debug_macinfo)
OUTPUT(Car_system.elf elf32-avr)
LOAD linker stubs

.debug_ranges   0x00000000       0x50
 .debug_ranges  0x00000000       0x50 c:/winavr-20100110/bin/../lib/gcc/avr/4.3.3/avr5\libgcc.a(_mul_sf.o)
