Archive member included because of file (symbol)

c:/winavr-20100110/bin/../lib/gcc/avr/4.3.3/avr5\libgcc.a(_mulsi3.o)
                              ./Application/Application_program.o (__mulsi3)
c:/winavr-20100110/bin/../lib/gcc/avr/4.3.3/avr5\libgcc.a(_udivmodhi4.o)
                              ./MCAL/TIMER0/TIMER0_program.o (__udivmodhi4)
c:/winavr-20100110/bin/../lib/gcc/avr/4.3.3/avr5\libgcc.a(_divmodhi4.o)
                              ./HAL/LCD/LCD_program.o (__divmodhi4)
c:/winavr-20100110/bin/../lib/gcc/avr/4.3.3/avr5\libgcc.a(_udivmodsi4.o)
                              ./Application/Application_program.o (__udivmodsi4)
c:/winavr-20100110/bin/../lib/gcc/avr/4.3.3/avr5\libgcc.a(_exit.o)
                              c:/winavr-20100110/bin/../lib/gcc/avr/4.3.3/../../../../avr/lib/avr5/crtm16.o (exit)
c:/winavr-20100110/bin/../lib/gcc/avr/4.3.3/avr5\libgcc.a(_copy_data.o)
                              ./MCAL/USART/USART_config.o (__do_copy_data)
c:/winavr-20100110/bin/../lib/gcc/avr/4.3.3/avr5\libgcc.a(_clear_bss.o)
                              ./MCAL/USART/USART_program.o (__do_clear_bss)
c:/winavr-20100110/bin/../lib/gcc/avr/4.3.3/avr5\libgcc.a(_fixunssfsi.o)
                              ./HAL/ULTRASONIC/ULTRASONIC_program.o (__fixunssfsi)
c:/winavr-20100110/bin/../lib/gcc/avr/4.3.3/avr5\libgcc.a(_addsub_sf.o)
                              ./HAL/LCD/LCD_program.o (__subsf3)
c:/winavr-20100110/bin/../lib/gcc/avr/4.3.3/avr5\libgcc.a(_mul_sf.o)
                              ./HAL/ULTRASONIC/ULTRASONIC_program.o (__mulsf3)
c:/winavr-20100110/bin/../lib/gcc/avr/4.3.3/avr5\libgcc.a(_div_sf.o)
                              ./HAL/ULTRASONIC/ULTRASONIC_program.o (__divsf3)
c:/winavr-20100110/bin/../lib/gcc/avr/4.3.3/avr5\libgcc.a(_gt_sf.o)
                              ./HAL/ULTRASONIC/ULTRASONIC_program.o (__gtsf2)
c:/winavr-20100110/bin/../lib/gcc/avr/4.3.3/avr5\libgcc.a(_ge_sf.o)
                              c:/winavr-20100110/bin/../lib/gcc/avr/4.3.3/avr5\libgcc.a(_fixunssfsi.o) (__gesf2)
c:/winavr-20100110/bin/../lib/gcc/avr/4.3.3/avr5\libgcc.a(_lt_sf.o)
                              ./HAL/ULTRASONIC/ULTRASONIC_program.o (__ltsf2)
c:/winavr-20100110/bin/../lib/gcc/avr/4.3.3/avr5\libgcc.a(_si_to_sf.o)
                              ./HAL/LCD/LCD_program.o (__floatsisf)
c:/winavr-20100110/bin/../lib/gcc/avr/4.3.3/avr5\libgcc.a(_sf_to_si.o)
                              ./HAL/LCD/LCD_program.o (__fixsfsi)
c:/winavr-20100110/bin/../lib/gcc/avr/4.3.3/avr5\libgcc.a(_thenan_sf.o)
                              c:/winavr-20100110/bin/../lib/gcc/avr/4.3.3/avr5\libgcc.a(_addsub_sf.o) (__thenan_sf)
c:/winavr-20100110/bin/../lib/gcc/avr/4.3.3/avr5\libgcc.a(_usi_to_sf.o)
                              ./HAL/ULTRASONIC/ULTRASONIC_program.o (__floatunsisf)
c:/winavr-20100110/bin/../lib/gcc/avr/4.3.3/avr5\libgcc.a(_prologue.o)
                              c:/winavr-20100110/bin/../lib/gcc/avr/4.3.3/avr5\libgcc.a(_addsub_sf.o) (__prologue_saves__)
c:/winavr-20100110/bin/../lib/gcc/avr/4.3.3/avr5\libgcc.a(_epilogue.o)
                              c:/winavr-20100110/bin/../lib/gcc/avr/4.3.3/avr5\libgcc.a(_addsub_sf.o) (__epilogue_restores__)
c:/winavr-20100110/bin/../lib/gcc/avr/4.3.3/avr5\libgcc.a(_clzsi2.o)
                              c:/winavr-20100110/bin/../lib/gcc/avr/4.3.3/avr5\libgcc.a(_si_to_sf.o) (__clzsi2)
c:/winavr-20100110/bin/../lib/gcc/avr/4.3.3/avr5\libgcc.a(_pack_sf.o)
                              c:/winavr-20100110/bin/../lib/gcc/avr/4.3.3/avr5\libgcc.a(_addsub_sf.o) (__pack_f)
c:/winavr-20100110/bin/../lib/gcc/avr/4.3.3/avr5\libgcc.a(_unpack_sf.o)
                              c:/winavr-20100110/bin/../lib/gcc/avr/4.3.3/avr5\libgcc.a(_addsub_sf.o) (__unpack_f)
c:/winavr-20100110/bin/../lib/gcc/avr/4.3.3/avr5\libgcc.a(_fpcmp_parts_sf.o)
                              c:/winavr-20100110/bin/../lib/gcc/avr/4.3.3/avr5\libgcc.a(_gt_sf.o) (__fpcmp_parts_f)
c:/winavr-20100110/bin/../lib/gcc/avr/4.3.3/avr5\libgcc.a(_clz.o)
                              c:/winavr-20100110/bin/../lib/gcc/avr/4.3.3/avr5\libgcc.a(_clzsi2.o) (__clz_tab)
c:/winavr-20100110/bin/../lib/gcc/avr/4.3.3/../../../../avr/lib/avr5\libc.a(itoa.o)
                              ./HAL/LCD/LCD_program.o (itoa)
c:/winavr-20100110/bin/../lib/gcc/avr/4.3.3/../../../../avr/lib/avr5\libc.a(strrev.o)
                              c:/winavr-20100110/bin/../lib/gcc/avr/4.3.3/../../../../avr/lib/avr5\libc.a(itoa.o) (strrev)

Allocating common symbols
Common symbol       size              file

Temp_Speed          0x1               ./Application/Application_program.o
SpeedLimiter_EEPROM
                    0x1               ./Application/Application_program.o
Diff_between_ADCS   0x2               ./Application/Application_program.o
GearBox_EEPROM      0x1               ./Application/Application_program.o
g_TimeOfEcho        0x2               ./HAL/ULTRASONIC/ULTRASONIC_program.o
KiloMeter_Counter_EEPROM
                    0x8               ./Application/Application_program.o
page_EEPROM         0x1               ./Application/Application_program.o

Memory Configuration

Name             Origin             Length             Attributes
text             0x00000000         0x00020000         xr
data             0x00800060         0x0000ffa0         rw !x
eeprom           0x00810000         0x00010000         rw !x
fuse             0x00820000         0x00000400         rw !x
lock             0x00830000         0x00000400         rw !x
signature        0x00840000         0x00000400         rw !x
*default*        0x00000000         0xffffffff

Linker script and memory map

LOAD c:/winavr-20100110/bin/../lib/gcc/avr/4.3.3/../../../../avr/lib/avr5/crtm16.o
LOAD ./MCAL/USART/USART_config.o
LOAD ./MCAL/USART/USART_program.o
LOAD ./MCAL/TIMER1/TIMER1_config.o
LOAD ./MCAL/TIMER1/TIMER1_program.o
LOAD ./MCAL/TIMER0/TIMER0_config.o
LOAD ./MCAL/TIMER0/TIMER0_program.o
LOAD ./MCAL/I2C/I2C_config.o
LOAD ./MCAL/I2C/I2C_program.o
LOAD ./MCAL/GPIO/GPIO_program.o
LOAD ./MCAL/EXT_INT/EXT_INT_program.o
LOAD ./MCAL/ADC/ADC_config.o
LOAD ./MCAL/ADC/ADC_program.o
LOAD ./HAL/ULTRASONIC/ULTRASONIC_program.o
LOAD ./HAL/Potentiometer/POT_program.o
LOAD ./HAL/LED/LED_program.o
LOAD ./HAL/LCD/LCD_program.o
LOAD ./HAL/KEYPAD/Keypad_program.o
LOAD ./HAL/EXT_EEPROM/EXT_EEPROM_program.o
LOAD ./HAL/DC_Motor/DC_Motor_program.o
LOAD ./HAL/Buzzer/Buzzer_program.o
LOAD ./HAL/Bluetooth/Bluetooth_program.o
LOAD ./HAL/BUTTON/BUTTON_program.o
LOAD ./Application/Application_program.o
LOAD ./main.o
LOAD c:/winavr-20100110/bin/../lib/gcc/avr/4.3.3/avr5\libgcc.a
LOAD c:/winavr-20100110/bin/../lib/gcc/avr/4.3.3/../../../../avr/lib/avr5\libc.a
LOAD c:/winavr-20100110/bin/../lib/gcc/avr/4.3.3/avr5\libgcc.a

.hash
 *(.hash)

.dynsym
 *(.dynsym)

.dynstr
 *(.dynstr)

.gnu.version
 *(.gnu.version)

.gnu.version_d
 *(.gnu.version_d)

.gnu.version_r
 *(.gnu.version_r)

.rel.init
 *(.rel.init)

.rela.init
 *(.rela.init)

.rel.text
 *(.rel.text)
 *(.rel.text.*)
 *(.rel.gnu.linkonce.t*)

.rela.text
 *(.rela.text)
 *(.rela.text.*)
 *(.rela.gnu.linkonce.t*)

.rel.fini
 *(.rel.fini)

.rela.fini
 *(.rela.fini)

.rel.rodata
 *(.rel.rodata)
 *(.rel.rodata.*)
 *(.rel.gnu.linkonce.r*)

.rela.rodata
 *(.rela.rodata)
 *(.rela.rodata.*)
 *(.rela.gnu.linkonce.r*)

.rel.data
 *(.rel.data)
 *(.rel.data.*)
 *(.rel.gnu.linkonce.d*)

.rela.data
 *(.rela.data)
 *(.rela.data.*)
 *(.rela.gnu.linkonce.d*)

.rel.ctors
 *(.rel.ctors)

.rela.ctors
 *(.rela.ctors)

.rel.dtors
 *(.rel.dtors)

.rela.dtors
 *(.rela.dtors)

.rel.got
 *(.rel.got)

.rela.got
 *(.rela.got)

.rel.bss
 *(.rel.bss)

.rela.bss
 *(.rela.bss)

.rel.plt
 *(.rel.plt)

.rela.plt
 *(.rela.plt)

.text           0x00000000     0x7b82
 *(.vectors)
 .vectors       0x00000000       0x54 c:/winavr-20100110/bin/../lib/gcc/avr/4.3.3/../../../../avr/lib/avr5/crtm16.o
                0x00000000                __vectors
                0x00000000                __vector_default
 *(.vectors)
 *(.progmem.gcc*)
 *(.progmem*)
                0x00000054                . = ALIGN (0x2)
                0x00000054                __trampolines_start = .
 *(.trampolines)
 .trampolines   0x00000054        0x0 linker stubs
 *(.trampolines*)
                0x00000054                __trampolines_end = .
 *(.jumptables)
 *(.jumptables*)
 *(.lowtext)
 *(.lowtext*)
                0x00000054                __ctors_start = .
 *(.ctors)
                0x00000054                __ctors_end = .
                0x00000054                __dtors_start = .
 *(.dtors)
                0x00000054                __dtors_end = .
 SORT(*)(.ctors)
 SORT(*)(.dtors)
 *(.init0)
 .init0         0x00000054        0x0 c:/winavr-20100110/bin/../lib/gcc/avr/4.3.3/../../../../avr/lib/avr5/crtm16.o
                0x00000054                __init
 *(.init0)
 *(.init1)
 *(.init1)
 *(.init2)
 .init2         0x00000054        0xc c:/winavr-20100110/bin/../lib/gcc/avr/4.3.3/../../../../avr/lib/avr5/crtm16.o
 *(.init2)
 *(.init3)
 *(.init3)
 *(.init4)
 .init4         0x00000060       0x16 c:/winavr-20100110/bin/../lib/gcc/avr/4.3.3/avr5\libgcc.a(_copy_data.o)
                0x00000060                __do_copy_data
 .init4         0x00000076       0x10 c:/winavr-20100110/bin/../lib/gcc/avr/4.3.3/avr5\libgcc.a(_clear_bss.o)
                0x00000076                __do_clear_bss
 *(.init4)
 *(.init5)
 *(.init5)
 *(.init6)
 *(.init6)
 *(.init7)
 *(.init7)
 *(.init8)
 *(.init8)
 *(.init9)
 .init9         0x00000086        0x8 c:/winavr-20100110/bin/../lib/gcc/avr/4.3.3/../../../../avr/lib/avr5/crtm16.o
 *(.init9)
 *(.text)
 .text          0x0000008e        0x4 c:/winavr-20100110/bin/../lib/gcc/avr/4.3.3/../../../../avr/lib/avr5/crtm16.o
                0x0000008e                __vector_12
                0x0000008e                __bad_interrupt
                0x0000008e                __vector_17
                0x0000008e                __vector_19
                0x0000008e                __vector_7
                0x0000008e                __vector_5
                0x0000008e                __vector_4
                0x0000008e                __vector_9
                0x0000008e                __vector_15
                0x0000008e                __vector_8
                0x0000008e                __vector_14
                0x0000008e                __vector_10
                0x0000008e                __vector_16
                0x0000008e                __vector_18
                0x0000008e                __vector_20
 .text          0x00000092        0x0 ./MCAL/USART/USART_config.o
 .text          0x00000092        0x0 ./MCAL/USART/USART_program.o
 .text          0x00000092        0x0 ./MCAL/TIMER1/TIMER1_config.o
 .text          0x00000092        0x0 ./MCAL/TIMER1/TIMER1_program.o
 .text          0x00000092        0x0 ./MCAL/TIMER0/TIMER0_config.o
 .text          0x00000092        0x0 ./MCAL/TIMER0/TIMER0_program.o
 .text          0x00000092        0x0 ./MCAL/I2C/I2C_config.o
 .text          0x00000092        0x0 ./MCAL/I2C/I2C_program.o
 .text          0x00000092        0x0 ./MCAL/GPIO/GPIO_program.o
 .text          0x00000092        0x0 ./MCAL/EXT_INT/EXT_INT_program.o
 .text          0x00000092        0x0 ./MCAL/ADC/ADC_config.o
 .text          0x00000092        0x0 ./MCAL/ADC/ADC_program.o
 .text          0x00000092        0x0 ./HAL/ULTRASONIC/ULTRASONIC_program.o
 .text          0x00000092        0x0 ./HAL/Potentiometer/POT_program.o
 .text          0x00000092        0x0 ./HAL/LED/LED_program.o
 .text          0x00000092        0x0 ./HAL/LCD/LCD_program.o
 .text          0x00000092        0x0 ./HAL/KEYPAD/Keypad_program.o
 .text          0x00000092        0x0 ./HAL/EXT_EEPROM/EXT_EEPROM_program.o
 .text          0x00000092        0x0 ./HAL/DC_Motor/DC_Motor_program.o
 .text          0x00000092        0x0 ./HAL/Buzzer/Buzzer_program.o
 .text          0x00000092        0x0 ./HAL/Bluetooth/Bluetooth_program.o
 .text          0x00000092        0x0 ./HAL/BUTTON/BUTTON_program.o
 .text          0x00000092        0x0 ./Application/Application_program.o
 .text          0x00000092        0x0 ./main.o
 .text          0x00000092        0x0 c:/winavr-20100110/bin/../lib/gcc/avr/4.3.3/avr5\libgcc.a(_mulsi3.o)
 .text          0x00000092        0x0 c:/winavr-20100110/bin/../lib/gcc/avr/4.3.3/avr5\libgcc.a(_udivmodhi4.o)
 .text          0x00000092        0x0 c:/winavr-20100110/bin/../lib/gcc/avr/4.3.3/avr5\libgcc.a(_divmodhi4.o)
 .text          0x00000092        0x0 c:/winavr-20100110/bin/../lib/gcc/avr/4.3.3/avr5\libgcc.a(_udivmodsi4.o)
 .text          0x00000092        0x0 c:/winavr-20100110/bin/../lib/gcc/avr/4.3.3/avr5\libgcc.a(_exit.o)
 .text          0x00000092        0x0 c:/winavr-20100110/bin/../lib/gcc/avr/4.3.3/avr5\libgcc.a(_copy_data.o)
 .text          0x00000092        0x0 c:/winavr-20100110/bin/../lib/gcc/avr/4.3.3/avr5\libgcc.a(_clear_bss.o)
 .text          0x00000092       0x58 c:/winavr-20100110/bin/../lib/gcc/avr/4.3.3/avr5\libgcc.a(_fixunssfsi.o)
                0x00000092                __fixunssfsi
 .text          0x000000ea      0x354 c:/winavr-20100110/bin/../lib/gcc/avr/4.3.3/avr5\libgcc.a(_addsub_sf.o)
                0x00000382                __subsf3
                0x000003e4                __addsf3
 .text          0x0000043e      0x1f4 c:/winavr-20100110/bin/../lib/gcc/avr/4.3.3/avr5\libgcc.a(_mul_sf.o)
                0x0000043e                __mulsf3
 .text          0x00000632      0x158 c:/winavr-20100110/bin/../lib/gcc/avr/4.3.3/avr5\libgcc.a(_div_sf.o)
                0x00000632                __divsf3
 .text          0x0000078a       0x60 c:/winavr-20100110/bin/../lib/gcc/avr/4.3.3/avr5\libgcc.a(_gt_sf.o)
                0x0000078a                __gtsf2
 .text          0x000007ea       0x60 c:/winavr-20100110/bin/../lib/gcc/avr/4.3.3/avr5\libgcc.a(_ge_sf.o)
                0x000007ea                __gesf2
 .text          0x0000084a       0x60 c:/winavr-20100110/bin/../lib/gcc/avr/4.3.3/avr5\libgcc.a(_lt_sf.o)
                0x0000084a                __ltsf2
 .text          0x000008aa       0xbc c:/winavr-20100110/bin/../lib/gcc/avr/4.3.3/avr5\libgcc.a(_si_to_sf.o)
                0x000008aa                __floatsisf
 .text          0x00000966       0xa8 c:/winavr-20100110/bin/../lib/gcc/avr/4.3.3/avr5\libgcc.a(_sf_to_si.o)
                0x00000966                __fixsfsi
 .text          0x00000a0e        0x0 c:/winavr-20100110/bin/../lib/gcc/avr/4.3.3/avr5\libgcc.a(_thenan_sf.o)
 .text          0x00000a0e       0xf2 c:/winavr-20100110/bin/../lib/gcc/avr/4.3.3/avr5\libgcc.a(_usi_to_sf.o)
                0x00000a0e                __floatunsisf
 .text          0x00000b00        0x0 c:/winavr-20100110/bin/../lib/gcc/avr/4.3.3/avr5\libgcc.a(_prologue.o)
 .text          0x00000b00        0x0 c:/winavr-20100110/bin/../lib/gcc/avr/4.3.3/avr5\libgcc.a(_epilogue.o)
 .text          0x00000b00       0x9e c:/winavr-20100110/bin/../lib/gcc/avr/4.3.3/avr5\libgcc.a(_clzsi2.o)
                0x00000b00                __clzsi2
 .text          0x00000b9e      0x1aa c:/winavr-20100110/bin/../lib/gcc/avr/4.3.3/avr5\libgcc.a(_pack_sf.o)
                0x00000b9e                __pack_f
 .text          0x00000d48       0xf0 c:/winavr-20100110/bin/../lib/gcc/avr/4.3.3/avr5\libgcc.a(_unpack_sf.o)
                0x00000d48                __unpack_f
 .text          0x00000e38       0xb2 c:/winavr-20100110/bin/../lib/gcc/avr/4.3.3/avr5\libgcc.a(_fpcmp_parts_sf.o)
                0x00000e38                __fpcmp_parts_f
 .text          0x00000eea        0x0 c:/winavr-20100110/bin/../lib/gcc/avr/4.3.3/avr5\libgcc.a(_clz.o)
 .text          0x00000eea        0x0 c:/winavr-20100110/bin/../lib/gcc/avr/4.3.3/../../../../avr/lib/avr5\libc.a(itoa.o)
 .text          0x00000eea        0x0 c:/winavr-20100110/bin/../lib/gcc/avr/4.3.3/../../../../avr/lib/avr5\libc.a(strrev.o)
                0x00000eea                . = ALIGN (0x2)
 *(.text.*)
 .text.__vector_13
                0x00000eea       0x66 ./MCAL/USART/USART_program.o
                0x00000eea                __vector_13
 .text.USART_Init
                0x00000f50       0xea ./MCAL/USART/USART_program.o
                0x00000f50                USART_Init
 .text.USART_SendBytePolling
                0x0000103a       0x5c ./MCAL/USART/USART_program.o
                0x0000103a                USART_SendBytePolling
 .text.USART_ReceiveBytePolling
                0x00001096       0x58 ./MCAL/USART/USART_program.o
                0x00001096                USART_ReceiveBytePolling
 .text.USART_SendStringPolling
                0x000010ee       0x56 ./MCAL/USART/USART_program.o
                0x000010ee                USART_SendStringPolling
 .text.USART_ReceiveStringPolling
                0x00001144       0x86 ./MCAL/USART/USART_program.o
                0x00001144                USART_ReceiveStringPolling
 .text.USART_EnableReceiveInerrupt
                0x000011ca       0x1c ./MCAL/USART/USART_program.o
                0x000011ca                USART_EnableReceiveInerrupt
 .text.USART_receiveByteAsynchCallBack
                0x000011e6       0x24 ./MCAL/USART/USART_program.o
                0x000011e6                USART_receiveByteAsynchCallBack
 .text.USART_receiveStringAsynchCallBack
                0x0000120a       0x24 ./MCAL/USART/USART_program.o
                0x0000120a                USART_receiveStringAsynchCallBack
 .text.USART_Catch_UDR_Value
                0x0000122e       0x4e ./MCAL/USART/USART_program.o
                0x0000122e                USART_Catch_UDR_Value
 .text.Timer1_SetCallBack
                0x0000127c       0x24 ./MCAL/TIMER1/TIMER1_program.o
                0x0000127c                Timer1_SetCallBack
 .text.__vector_6
                0x000012a0       0x66 ./MCAL/TIMER1/TIMER1_program.o
                0x000012a0                __vector_6
 .text.Timer1_Init
                0x00001306       0x90 ./MCAL/TIMER1/TIMER1_program.o
                0x00001306                Timer1_Init
 .text.Timer1_UpdateValue
                0x00001396       0x24 ./MCAL/TIMER1/TIMER1_program.o
                0x00001396                Timer1_UpdateValue
 .text.Timer1_StopClock
                0x000013ba       0x1c ./MCAL/TIMER1/TIMER1_program.o
                0x000013ba                Timer1_StopClock
 .text.Timer1_ProvideClock
                0x000013d6       0x24 ./MCAL/TIMER1/TIMER1_program.o
                0x000013d6                Timer1_ProvideClock
 .text.Timer1_ICU_capture_edge
                0x000013fa       0x3e ./MCAL/TIMER1/TIMER1_program.o
                0x000013fa                Timer1_ICU_capture_edge
 .text.Icu_getInputCaptureValue
                0x00001438       0x16 ./MCAL/TIMER1/TIMER1_program.o
                0x00001438                Icu_getInputCaptureValue
 .text.Timer1_DelayOVFInterrupt
                0x0000144e       0x12 ./MCAL/TIMER1/TIMER1_program.o
                0x0000144e                Timer1_DelayOVFInterrupt
 .text.Timer1_OVFDisableInterrupt
                0x00001460       0x1c ./MCAL/TIMER1/TIMER1_program.o
                0x00001460                Timer1_OVFDisableInterrupt
 .text.Timer1_OVFEnableInterrupt
                0x0000147c       0x1c ./MCAL/TIMER1/TIMER1_program.o
                0x0000147c                Timer1_OVFEnableInterrupt
 .text.Timer0_SetCallBack
                0x00001498       0x24 ./MCAL/TIMER0/TIMER0_program.o
                0x00001498                Timer0_SetCallBack
 .text.__vector_11
                0x000014bc       0x66 ./MCAL/TIMER0/TIMER0_program.o
                0x000014bc                __vector_11
 .text.Timer0_Init
                0x00001522       0x7e ./MCAL/TIMER0/TIMER0_program.o
                0x00001522                Timer0_Init
 .text.Timer0_UpdateValue
                0x000015a0       0x1c ./MCAL/TIMER0/TIMER0_program.o
                0x000015a0                Timer0_UpdateValue
 .text.Timer0_StopClock
                0x000015bc       0x1c ./MCAL/TIMER0/TIMER0_program.o
                0x000015bc                Timer0_StopClock
 .text.Timer0_ProvideClock
                0x000015d8       0x24 ./MCAL/TIMER0/TIMER0_program.o
                0x000015d8                Timer0_ProvideClock
 .text.Timer0_FastPWMSetOCR
                0x000015fc       0x1c ./MCAL/TIMER0/TIMER0_program.o
                0x000015fc                Timer0_FastPWMSetOCR
 .text.Timer0_FastPWMSetDutyCycle
                0x00001618       0x48 ./MCAL/TIMER0/TIMER0_program.o
                0x00001618                Timer0_FastPWMSetDutyCycle
 .text.Timer0_Enable_OVR_Flow_Interrupt
                0x00001660       0x1c ./MCAL/TIMER0/TIMER0_program.o
                0x00001660                Timer0_Enable_OVR_Flow_Interrupt
 .text.I2C_Init
                0x0000167c       0x58 ./MCAL/I2C/I2C_program.o
                0x0000167c                I2C_Init
 .text.I2C_Start
                0x000016d4       0x20 ./MCAL/I2C/I2C_program.o
                0x000016d4                I2C_Start
 .text.I2C_Stop
                0x000016f4       0x1c ./MCAL/I2C/I2C_program.o
                0x000016f4                I2C_Stop
 .text.I2C_WriteByte
                0x00001710       0x2e ./MCAL/I2C/I2C_program.o
                0x00001710                I2C_WriteByte
 .text.I2C_ReadByteWithACK
                0x0000173e       0x26 ./MCAL/I2C/I2C_program.o
                0x0000173e                I2C_ReadByteWithACK
 .text.I2C_ReadByteWithNACK
                0x00001764       0x26 ./MCAL/I2C/I2C_program.o
                0x00001764                I2C_ReadByteWithNACK
 .text.TWI_getStatus
                0x0000178a       0x16 ./MCAL/I2C/I2C_program.o
                0x0000178a                TWI_getStatus
 .text.I2C_EnableGeneralCallRecognition
                0x000017a0       0x1c ./MCAL/I2C/I2C_program.o
                0x000017a0                I2C_EnableGeneralCallRecognition
 .text.I2C_DisableGeneralCallRecognition
                0x000017bc       0x1c ./MCAL/I2C/I2C_program.o
                0x000017bc                I2C_DisableGeneralCallRecognition
 .text.GPIO_init
                0x000017d8       0xcc ./MCAL/GPIO/GPIO_program.o
                0x000017d8                GPIO_init
 .text.GPIO_SetPinDirection
                0x000018a4      0x3dc ./MCAL/GPIO/GPIO_program.o
                0x000018a4                GPIO_SetPinDirection
 .text.GPIO_ReadPin
                0x00001c80      0x136 ./MCAL/GPIO/GPIO_program.o
                0x00001c80                GPIO_ReadPin
 .text.GPIO_WritePin
                0x00001db6      0x1f4 ./MCAL/GPIO/GPIO_program.o
                0x00001db6                GPIO_WritePin
 .text.GPIO_TogglePin
                0x00001faa      0x10a ./MCAL/GPIO/GPIO_program.o
                0x00001faa                GPIO_TogglePin
 .text.GPIO_SetPortDirection
                0x000020b4      0x152 ./MCAL/GPIO/GPIO_program.o
                0x000020b4                GPIO_SetPortDirection
 .text.GPIO_ReadPort
                0x00002206       0x8a ./MCAL/GPIO/GPIO_program.o
                0x00002206                GPIO_ReadPort
 .text.GPIO_WritePort
                0x00002290       0x88 ./MCAL/GPIO/GPIO_program.o
                0x00002290                GPIO_WritePort
 .text.GPIO_TogglePort
                0x00002318       0x9e ./MCAL/GPIO/GPIO_program.o
                0x00002318                GPIO_TogglePort
 .text.__vector_1
                0x000023b6       0x66 ./MCAL/EXT_INT/EXT_INT_program.o
                0x000023b6                __vector_1
 .text.__vector_2
                0x0000241c       0x66 ./MCAL/EXT_INT/EXT_INT_program.o
                0x0000241c                __vector_2
 .text.__vector_3
                0x00002482       0x66 ./MCAL/EXT_INT/EXT_INT_program.o
                0x00002482                __vector_3
 .text.INT0_SetCallBack
                0x000024e8       0x24 ./MCAL/EXT_INT/EXT_INT_program.o
                0x000024e8                INT0_SetCallBack
 .text.INT1_SetCallBack
                0x0000250c       0x24 ./MCAL/EXT_INT/EXT_INT_program.o
                0x0000250c                INT1_SetCallBack
 .text.INT2_SetCallBack
                0x00002530       0x24 ./MCAL/EXT_INT/EXT_INT_program.o
                0x00002530                INT2_SetCallBack
 .text.INT0_init
                0x00002554       0x44 ./MCAL/EXT_INT/EXT_INT_program.o
                0x00002554                INT0_init
 .text.INT1_init
                0x00002598       0x50 ./MCAL/EXT_INT/EXT_INT_program.o
                0x00002598                INT1_init
 .text.INT2_init
                0x000025e8       0x5a ./MCAL/EXT_INT/EXT_INT_program.o
                0x000025e8                INT2_init
 .text.INT0_DeInit
                0x00002642       0x1c ./MCAL/EXT_INT/EXT_INT_program.o
                0x00002642                INT0_DeInit
 .text.INT1_DeInit
                0x0000265e       0x1c ./MCAL/EXT_INT/EXT_INT_program.o
                0x0000265e                INT1_DeInit
 .text.INT2_DeInit
                0x0000267a       0x1c ./MCAL/EXT_INT/EXT_INT_program.o
                0x0000267a                INT2_DeInit
 .text.ADC_OnlyStartConversionGeneral
                0x00002696       0x3c ./MCAL/ADC/ADC_program.o
                0x00002696                ADC_OnlyStartConversionGeneral
 .text.ADC_Init
                0x000026d2      0x10a ./MCAL/ADC/ADC_program.o
                0x000026d2                ADC_Init
 .text.ADC_ReadChannelSingleConvertion
                0x000027dc       0x4e ./MCAL/ADC/ADC_program.o
                0x000027dc                ADC_ReadChannelSingleConvertion
 .text.ADC_FreeRunningStart
                0x0000282a       0x1a ./MCAL/ADC/ADC_program.o
                0x0000282a                ADC_FreeRunningStart
 .text.ADC_ReadConversionRegister
                0x00002844       0x92 ./MCAL/ADC/ADC_program.o
                0x00002844                ADC_ReadConversionRegister
 .text.Ultrasonic_Init
                0x000028d6       0x2e ./HAL/ULTRASONIC/ULTRASONIC_program.o
                0x000028d6                Ultrasonic_Init
 .text.Ultrasonic_Trigger
                0x00002904      0x1b6 ./HAL/ULTRASONIC/ULTRASONIC_program.o
                0x00002904                Ultrasonic_Trigger
 .text.Ultrasonic_Distance
                0x00002aba       0x50 ./HAL/ULTRASONIC/ULTRASONIC_program.o
                0x00002aba                Ultrasonic_Distance
 .text.ULtrasonic_SignalProcessing
                0x00002b0a       0x4a ./HAL/ULTRASONIC/ULTRASONIC_program.o
                0x00002b0a                ULtrasonic_SignalProcessing
 .text.POT_Init
                0x00002b54       0x1e ./HAL/Potentiometer/POT_program.o
                0x00002b54                POT_Init
 .text.POT_GetValue
                0x00002b72       0x1a ./HAL/Potentiometer/POT_program.o
                0x00002b72                POT_GetValue
 .text.LED_Init
                0x00002b8c       0x22 ./HAL/LED/LED_program.o
                0x00002b8c                LED_Init
 .text.LED_OnOffPositiveLogic
                0x00002bae       0x40 ./HAL/LED/LED_program.o
                0x00002bae                LED_OnOffPositiveLogic
 .text.LED_OnOffNegativeLogic
                0x00002bee       0x40 ./HAL/LED/LED_program.o
                0x00002bee                LED_OnOffNegativeLogic
 .text.LED_Toggle
                0x00002c2e       0x20 ./HAL/LED/LED_program.o
                0x00002c2e                LED_Toggle
 .text.LCD_init
                0x00002c4e       0x62 ./HAL/LCD/LCD_program.o
                0x00002c4e                LCD_init
 .text.LCD_SendCommand
                0x00002cb0      0x8c0 ./HAL/LCD/LCD_program.o
                0x00002cb0                LCD_SendCommand
 .text.LCD_DisplayCharacter
                0x00003570      0x8ec ./HAL/LCD/LCD_program.o
                0x00003570                LCD_DisplayCharacter
 .text.LCD_DisplayString
                0x00003e5c       0x52 ./HAL/LCD/LCD_program.o
                0x00003e5c                LCD_DisplayString
 .text.LCD_MoveCursor
                0x00003eae       0xb2 ./HAL/LCD/LCD_program.o
                0x00003eae                LCD_MoveCursor
 .text.LCD_DisplayStringRowCol
                0x00003f60       0x32 ./HAL/LCD/LCD_program.o
                0x00003f60                LCD_DisplayStringRowCol
 .text.LCD_ClearScreen
                0x00003f92       0x1c ./HAL/LCD/LCD_program.o
                0x00003f92                LCD_ClearScreen
 .text.LCD_MoveCursorRight
                0x00003fae       0xc4 ./HAL/LCD/LCD_program.o
                0x00003fae                LCD_MoveCursorRight
 .text.LCD_MoveCursorLeft
                0x00004072       0xcc ./HAL/LCD/LCD_program.o
                0x00004072                LCD_MoveCursorLeft
 .text.LCD_ShitEntireDisplayRight
                0x0000413e       0x14 ./HAL/LCD/LCD_program.o
                0x0000413e                LCD_ShitEntireDisplayRight
 .text.LCD_ShitEntireDisplayLeft
                0x00004152       0x14 ./HAL/LCD/LCD_program.o
                0x00004152                LCD_ShitEntireDisplayLeft
 .text.LCD_GenerateCharacterCGRAM
                0x00004166       0x5e ./HAL/LCD/LCD_program.o
                0x00004166                LCD_GenerateCharacterCGRAM
 .text.LCD_DisplayCustomCharacter
                0x000041c4       0x1a ./HAL/LCD/LCD_program.o
                0x000041c4                LCD_DisplayCustomCharacter
 .text.LCD_DisplayCustomCharacterRowCol
                0x000041de       0x2c ./HAL/LCD/LCD_program.o
                0x000041de                LCD_DisplayCustomCharacterRowCol
 .text.LCD_intToString
                0x0000420a       0x4a ./HAL/LCD/LCD_program.o
                0x0000420a                LCD_intToString
 .text.LCD_FloatToString
                0x00004254      0x25c ./HAL/LCD/LCD_program.o
                0x00004254                LCD_FloatToString
 .text.Keypad_4X3_AdjustKeyNumber
                0x000044b0       0x68 ./HAL/KEYPAD/Keypad_program.o
 .text.Keypad_init
                0x00004518       0x7c ./HAL/KEYPAD/Keypad_program.o
                0x00004518                Keypad_init
 .text.Keypad_GetPressedKey
                0x00004594       0xec ./HAL/KEYPAD/Keypad_program.o
                0x00004594                Keypad_GetPressedKey
 .text.EEPROM_writeByte
                0x00004680       0x6c ./HAL/EXT_EEPROM/EXT_EEPROM_program.o
                0x00004680                EEPROM_writeByte
 .text.EEPROM_readByte
                0x000046ec       0x96 ./HAL/EXT_EEPROM/EXT_EEPROM_program.o
                0x000046ec                EEPROM_readByte
 .text.DC_Motor_Init
                0x00004782       0x6c ./HAL/DC_Motor/DC_Motor_program.o
                0x00004782                DC_Motor_Init
 .text.DC_Motor_Speed
                0x000047ee       0xe8 ./HAL/DC_Motor/DC_Motor_program.o
                0x000047ee                DC_Motor_Speed
 .text.Buzzer_Init
                0x000048d6       0x22 ./HAL/Buzzer/Buzzer_program.o
                0x000048d6                Buzzer_Init
 .text.Buzzer_OnOffPositiveLogic
                0x000048f8       0x40 ./HAL/Buzzer/Buzzer_program.o
                0x000048f8                Buzzer_OnOffPositiveLogic
 .text.Buzzer_OnOffNegativeLogic
                0x00004938       0x40 ./HAL/Buzzer/Buzzer_program.o
                0x00004938                Buzzer_OnOffNegativeLogic
 .text.Buzzer_Toggle
                0x00004978       0x20 ./HAL/Buzzer/Buzzer_program.o
                0x00004978                Buzzer_Toggle
 .text.UART_Receive_Handler
                0x00004998       0x40 ./HAL/Bluetooth/Bluetooth_program.o
                0x00004998                UART_Receive_Handler
 .text.Bluetooth_Init
                0x000049d8       0x1e ./HAL/Bluetooth/Bluetooth_program.o
                0x000049d8                Bluetooth_Init
 .text.Bluetooth_Send
                0x000049f6       0x20 ./HAL/Bluetooth/Bluetooth_program.o
                0x000049f6                Bluetooth_Send
 .text.BUTTON_Init
                0x00004a16       0x28 ./HAL/BUTTON/BUTTON_program.o
                0x00004a16                BUTTON_Init
 .text.BUTTON_GetValue
                0x00004a3e       0x20 ./HAL/BUTTON/BUTTON_program.o
                0x00004a3e                BUTTON_GetValue
 .text.App_StateMachineUpdate
                0x00004a5e       0x4e ./Application/Application_program.o
                0x00004a5e                App_StateMachineUpdate
 .text.Hanndle_GrearBox_D_State
                0x00004aac       0x16 ./Application/Application_program.o
 .text.Hanndle_GrearBox_N_State
                0x00004ac2       0x2a ./Application/Application_program.o
 .text.Hanndle_GrearBox_R_State
                0x00004aec      0x248 ./Application/Application_program.o
 .text.App_Init
                0x00004d34      0x20e ./Application/Application_program.o
                0x00004d34                App_Init
 .text.Bluetooth_Buffer_Decision
                0x00004f42      0x178 ./Application/Application_program.o
                0x00004f42                Bluetooth_Buffer_Decision
 .text.DashBoard_Init
                0x000050ba       0xc4 ./Application/Application_program.o
 .text.DashBoard_Update_GearBox_state
                0x0000517e       0x8a ./Application/Application_program.o
 .text.DashBoard_Update_CCS_State
                0x00005208       0x36 ./Application/Application_program.o
 .text.DashBoard_Update_BrakingAssist_State
                0x0000523e       0x34 ./Application/Application_program.o
 .text.DashBoard_BrakingAssist_Status_update
                0x00005272       0x48 ./Application/Application_program.o
 .text.DashBoard_Update_SpeedLimiter_State
                0x000052ba       0x34 ./Application/Application_program.o
 .text.DashBoard_updateSpeedLimitValue
                0x000052ee       0x3e ./Application/Application_program.o
 .text.GetDiffCarSpeed_and_limit
                0x0000532c       0x88 ./Application/Application_program.o
 .text.DashBoard_SpeedLimit_status_update
                0x000053b4       0x52 ./Application/Application_program.o
 .text.DahBoard_Update_DrivingMonetoring_State
                0x00005406       0x34 ./Application/Application_program.o
 .text.DashBoard_DrivingMonetoring_Status_update
                0x0000543a       0x40 ./Application/Application_program.o
 .text.DashBoard_DrivingMonetoring_continous_Status_update
                0x0000547a       0x1a ./Application/Application_program.o
 .text.DashBoardPageFooter_update
                0x00005494      0x108 ./Application/Application_program.o
 .text.DashBoard_SwitchPages
                0x0000559c      0x144 ./Application/Application_program.o
 .text.APP_KeypadUpdate
                0x000056e0      0x91e ./Application/Application_program.o
 .text.Engine_Control_Handling
                0x00005ffe      0xb3a ./Application/Application_program.o
 .text.Braking_Button_Handling
                0x00006b38       0x68 ./Application/Application_program.o
 .text.tessst   0x00006ba0      0x248 ./Application/Application_program.o
                0x00006ba0                tessst
 .text.Braking_LongPressHandle
                0x00006de8      0x13a ./Application/Application_program.o
                0x00006de8                Braking_LongPressHandle
 .text.DashBoard_updateTime
                0x00006f22       0xe6 ./Application/Application_program.o
 .text.ACCS_CatchDistance
                0x00007008       0xee ./Application/Application_program.o
 .text.ACCS_DicisionTake
                0x000070f6      0x30a ./Application/Application_program.o
 .text.App_CarSpeedUpdate
                0x00007400      0x448 ./Application/Application_program.o
 .text.TImer0_OVF_Handling_Fun
                0x00007848      0x14a ./Application/Application_program.o
 .text.APP_CarMovedKiloMeters
                0x00007992       0x3a ./Application/Application_program.o
 .text.main     0x000079cc       0x12 ./main.o
                0x000079cc                main
 .text.libgcc   0x000079de       0x3e c:/winavr-20100110/bin/../lib/gcc/avr/4.3.3/avr5\libgcc.a(_mulsi3.o)
                0x000079de                __mulsi3
 .text.libgcc   0x00007a1c       0x28 c:/winavr-20100110/bin/../lib/gcc/avr/4.3.3/avr5\libgcc.a(_udivmodhi4.o)
                0x00007a1c                __udivmodhi4
 .text.libgcc   0x00007a44       0x26 c:/winavr-20100110/bin/../lib/gcc/avr/4.3.3/avr5\libgcc.a(_divmodhi4.o)
                0x00007a44                __divmodhi4
                0x00007a44                _div
 .text.libgcc   0x00007a6a       0x44 c:/winavr-20100110/bin/../lib/gcc/avr/4.3.3/avr5\libgcc.a(_udivmodsi4.o)
                0x00007a6a                __udivmodsi4
 .text.libgcc   0x00007aae        0x0 c:/winavr-20100110/bin/../lib/gcc/avr/4.3.3/avr5\libgcc.a(_exit.o)
 .text.libgcc   0x00007aae        0x0 c:/winavr-20100110/bin/../lib/gcc/avr/4.3.3/avr5\libgcc.a(_copy_data.o)
 .text.libgcc   0x00007aae        0x0 c:/winavr-20100110/bin/../lib/gcc/avr/4.3.3/avr5\libgcc.a(_clear_bss.o)
 .text.libgcc   0x00007aae       0x38 c:/winavr-20100110/bin/../lib/gcc/avr/4.3.3/avr5\libgcc.a(_prologue.o)
                0x00007aae                __prologue_saves__
 .text.libgcc   0x00007ae6       0x36 c:/winavr-20100110/bin/../lib/gcc/avr/4.3.3/avr5\libgcc.a(_epilogue.o)
                0x00007ae6                __epilogue_restores__
 .text.avr-libc
                0x00007b1c       0x42 c:/winavr-20100110/bin/../lib/gcc/avr/4.3.3/../../../../avr/lib/avr5\libc.a(itoa.o)
                0x00007b1c                itoa
 .text.avr-libc
                0x00007b5e       0x20 c:/winavr-20100110/bin/../lib/gcc/avr/4.3.3/../../../../avr/lib/avr5\libc.a(strrev.o)
                0x00007b5e                strrev
                0x00007b7e                . = ALIGN (0x2)
 *(.fini9)
 .fini9         0x00007b7e        0x0 c:/winavr-20100110/bin/../lib/gcc/avr/4.3.3/avr5\libgcc.a(_exit.o)
                0x00007b7e                exit
                0x00007b7e                _exit
 *(.fini9)
 *(.fini8)
 *(.fini8)
 *(.fini7)
 *(.fini7)
 *(.fini6)
 *(.fini6)
 *(.fini5)
 *(.fini5)
 *(.fini4)
 *(.fini4)
 *(.fini3)
 *(.fini3)
 *(.fini2)
 *(.fini2)
 *(.fini1)
 *(.fini1)
 *(.fini0)
 .fini0         0x00007b7e        0x4 c:/winavr-20100110/bin/../lib/gcc/avr/4.3.3/avr5\libgcc.a(_exit.o)
 *(.fini0)
                0x00007b82                _etext = .

.data           0x00800060      0x28a load address 0x00007b82
                0x00800060                PROVIDE (__data_start, .)
 *(.data)
 .data          0x00800060        0x0 c:/winavr-20100110/bin/../lib/gcc/avr/4.3.3/../../../../avr/lib/avr5/crtm16.o
 .data          0x00800060        0x0 ./MCAL/USART/USART_config.o
 .data          0x00800060        0x0 ./MCAL/USART/USART_program.o
 .data          0x00800060        0x0 ./MCAL/TIMER1/TIMER1_config.o
 .data          0x00800060        0x0 ./MCAL/TIMER1/TIMER1_program.o
 .data          0x00800060        0x0 ./MCAL/TIMER0/TIMER0_config.o
 .data          0x00800060        0x0 ./MCAL/TIMER0/TIMER0_program.o
 .data          0x00800060        0x0 ./MCAL/I2C/I2C_config.o
 .data          0x00800060        0x0 ./MCAL/I2C/I2C_program.o
 .data          0x00800060        0x0 ./MCAL/GPIO/GPIO_program.o
 .data          0x00800060        0x0 ./MCAL/EXT_INT/EXT_INT_program.o
 .data          0x00800060        0x0 ./MCAL/ADC/ADC_config.o
 .data          0x00800060        0x0 ./MCAL/ADC/ADC_program.o
 .data          0x00800060        0x0 ./HAL/ULTRASONIC/ULTRASONIC_program.o
 .data          0x00800060        0x0 ./HAL/Potentiometer/POT_program.o
 .data          0x00800060        0x0 ./HAL/LED/LED_program.o
 .data          0x00800060        0x2 ./HAL/LCD/LCD_program.o
 .data          0x00800062        0x0 ./HAL/KEYPAD/Keypad_program.o
 .data          0x00800062        0x0 ./HAL/EXT_EEPROM/EXT_EEPROM_program.o
 .data          0x00800062        0x0 ./HAL/DC_Motor/DC_Motor_program.o
 .data          0x00800062        0x0 ./HAL/Buzzer/Buzzer_program.o
 .data          0x00800062        0x0 ./HAL/Bluetooth/Bluetooth_program.o
 .data          0x00800062        0x0 ./HAL/BUTTON/BUTTON_program.o
 .data          0x00800062       0xfa ./Application/Application_program.o
 .data          0x0080015c        0x0 ./main.o
 .data          0x0080015c        0x0 c:/winavr-20100110/bin/../lib/gcc/avr/4.3.3/avr5\libgcc.a(_mulsi3.o)
 .data          0x0080015c        0x0 c:/winavr-20100110/bin/../lib/gcc/avr/4.3.3/avr5\libgcc.a(_udivmodhi4.o)
 .data          0x0080015c        0x0 c:/winavr-20100110/bin/../lib/gcc/avr/4.3.3/avr5\libgcc.a(_divmodhi4.o)
 .data          0x0080015c        0x0 c:/winavr-20100110/bin/../lib/gcc/avr/4.3.3/avr5\libgcc.a(_udivmodsi4.o)
 .data          0x0080015c        0x0 c:/winavr-20100110/bin/../lib/gcc/avr/4.3.3/avr5\libgcc.a(_exit.o)
 .data          0x0080015c        0x0 c:/winavr-20100110/bin/../lib/gcc/avr/4.3.3/avr5\libgcc.a(_copy_data.o)
 .data          0x0080015c        0x0 c:/winavr-20100110/bin/../lib/gcc/avr/4.3.3/avr5\libgcc.a(_clear_bss.o)
 .data          0x0080015c        0x0 c:/winavr-20100110/bin/../lib/gcc/avr/4.3.3/avr5\libgcc.a(_fixunssfsi.o)
 .data          0x0080015c        0x0 c:/winavr-20100110/bin/../lib/gcc/avr/4.3.3/avr5\libgcc.a(_addsub_sf.o)
 .data          0x0080015c        0x0 c:/winavr-20100110/bin/../lib/gcc/avr/4.3.3/avr5\libgcc.a(_mul_sf.o)
 .data          0x0080015c        0x0 c:/winavr-20100110/bin/../lib/gcc/avr/4.3.3/avr5\libgcc.a(_div_sf.o)
 .data          0x0080015c        0x0 c:/winavr-20100110/bin/../lib/gcc/avr/4.3.3/avr5\libgcc.a(_gt_sf.o)
 .data          0x0080015c        0x0 c:/winavr-20100110/bin/../lib/gcc/avr/4.3.3/avr5\libgcc.a(_ge_sf.o)
 .data          0x0080015c        0x0 c:/winavr-20100110/bin/../lib/gcc/avr/4.3.3/avr5\libgcc.a(_lt_sf.o)
 .data          0x0080015c        0x0 c:/winavr-20100110/bin/../lib/gcc/avr/4.3.3/avr5\libgcc.a(_si_to_sf.o)
 .data          0x0080015c        0x0 c:/winavr-20100110/bin/../lib/gcc/avr/4.3.3/avr5\libgcc.a(_sf_to_si.o)
 .data          0x0080015c        0x8 c:/winavr-20100110/bin/../lib/gcc/avr/4.3.3/avr5\libgcc.a(_thenan_sf.o)
                0x0080015c                __thenan_sf
 .data          0x00800164        0x0 c:/winavr-20100110/bin/../lib/gcc/avr/4.3.3/avr5\libgcc.a(_usi_to_sf.o)
 .data          0x00800164        0x0 c:/winavr-20100110/bin/../lib/gcc/avr/4.3.3/avr5\libgcc.a(_prologue.o)
 .data          0x00800164        0x0 c:/winavr-20100110/bin/../lib/gcc/avr/4.3.3/avr5\libgcc.a(_epilogue.o)
 .data          0x00800164        0x0 c:/winavr-20100110/bin/../lib/gcc/avr/4.3.3/avr5\libgcc.a(_clzsi2.o)
 .data          0x00800164        0x0 c:/winavr-20100110/bin/../lib/gcc/avr/4.3.3/avr5\libgcc.a(_pack_sf.o)
 .data          0x00800164        0x0 c:/winavr-20100110/bin/../lib/gcc/avr/4.3.3/avr5\libgcc.a(_unpack_sf.o)
 .data          0x00800164        0x0 c:/winavr-20100110/bin/../lib/gcc/avr/4.3.3/avr5\libgcc.a(_fpcmp_parts_sf.o)
 .data          0x00800164      0x100 c:/winavr-20100110/bin/../lib/gcc/avr/4.3.3/avr5\libgcc.a(_clz.o)
                0x00800164                __clz_tab
 .data          0x00800264        0x0 c:/winavr-20100110/bin/../lib/gcc/avr/4.3.3/../../../../avr/lib/avr5\libc.a(itoa.o)
 .data          0x00800264        0x0 c:/winavr-20100110/bin/../lib/gcc/avr/4.3.3/../../../../avr/lib/avr5\libc.a(strrev.o)
 *(.data*)
 .data.USART_ConfigTypeParam
                0x00800264        0x6 ./MCAL/USART/USART_config.o
                0x00800264                USART_ConfigTypeParam
 .data.TIMER1_ConfigTypeParam
                0x0080026a        0x1 ./MCAL/TIMER1/TIMER1_config.o
                0x0080026a                TIMER1_ConfigTypeParam
 .data.TIMER0_ConfigTypeParam
                0x0080026b        0x2 ./MCAL/TIMER0/TIMER0_config.o
                0x0080026b                TIMER0_ConfigTypeParam
 .data.I2C_ConfigTypeParam
                0x0080026d        0x3 ./MCAL/I2C/I2C_config.o
                0x0080026d                I2C_ConfigTypeParam
 .data.GPIO_configParam
                0x00800270        0x3 ./MCAL/GPIO/GPIO_program.o
                0x00800270                GPIO_configParam
 .data.ADC_ConfigTypeParam
                0x00800273        0x5 ./MCAL/ADC/ADC_config.o
                0x00800273                ADC_ConfigTypeParam
 .data.HeartCustomCharacter
                0x00800278        0x8 ./HAL/LCD/LCD_program.o
                0x00800278                HeartCustomCharacter
 .data.BatteryCharge
                0x00800280        0x8 ./HAL/LCD/LCD_program.o
                0x00800280                BatteryCharge
 .data.LCD_Page_Not_Selected
                0x00800288        0x8 ./HAL/LCD/LCD_program.o
                0x00800288                LCD_Page_Not_Selected
 .data.LCD_Page_Selected
                0x00800290        0x8 ./HAL/LCD/LCD_program.o
                0x00800290                LCD_Page_Selected
 .data.LCD_Right_ICON
                0x00800298        0x8 ./HAL/LCD/LCD_program.o
                0x00800298                LCD_Right_ICON
 .data.LCD_False_ICON
                0x008002a0        0x8 ./HAL/LCD/LCD_program.o
                0x008002a0                LCD_False_ICON
 .data.LCD_Mute_ICON
                0x008002a8        0x8 ./HAL/LCD/LCD_program.o
                0x008002a8                LCD_Mute_ICON
 .data.LCD_Skull_ICON
                0x008002b0        0x8 ./HAL/LCD/LCD_program.o
                0x008002b0                LCD_Skull_ICON
 .data.LCD_Alarm_ICON
                0x008002b8        0x8 ./HAL/LCD/LCD_program.o
                0x008002b8                LCD_Alarm_ICON
 .data.sequelizeCOL
                0x008002c0        0x3 ./HAL/KEYPAD/Keypad_program.o
                0x008002c0                sequelizeCOL
 .data.sequelizeROW
                0x008002c3        0x4 ./HAL/KEYPAD/Keypad_program.o
                0x008002c3                sequelizeROW
 .data.Page_Current_State
                0x008002c7        0x1 ./Application/Application_program.o
                0x008002c7                Page_Current_State
 .data.Global_Braking_BTN_State
                0x008002c8        0x1 ./Application/Application_program.o
 .data.Global_Speed_Limiter_value
                0x008002c9        0x1 ./Application/Application_program.o
 .data.DC_pins_Motor
                0x008002ca        0x4 ./Application/Application_program.o
                0x008002ca                DC_pins_Motor
 .data.Speed_limit_Current_Status
                0x008002ce        0x1 ./Application/Application_program.o
                0x008002ce                Speed_limit_Current_Status
 .data.Distance_BA_Current_status
                0x008002cf        0x1 ./Application/Application_program.o
                0x008002cf                Distance_BA_Current_status
 .data.DrivingMonetoring_Current_Status
                0x008002d0        0x1 ./Application/Application_program.o
                0x008002d0                DrivingMonetoring_Current_Status
 .data.Clock_sec
                0x008002d1        0x1 ./Application/Application_program.o
                0x008002d1                Clock_sec
 .data.Clock_min
                0x008002d2        0x1 ./Application/Application_program.o
                0x008002d2                Clock_min
 .data.Clock_hour
                0x008002d3        0x1 ./Application/Application_program.o
                0x008002d3                Clock_hour
 .data.SL_FirstTime_DEC.2162
                0x008002d4        0x1 ./Application/Application_program.o
 .data.SL_FirstTime_INC.2160
                0x008002d5        0x1 ./Application/Application_program.o
 .data.Braking_BTN_State.2508
                0x008002d6        0x1 ./Application/Application_program.o
 *(.rodata)
 *(.rodata*)
 .rodata.C.32.1994
                0x008002d7        0x3 ./Application/Application_program.o
 .rodata.C.53.2106
                0x008002da       0x10 ./Application/Application_program.o
 *(.gnu.linkonce.d*)
                0x008002ea                . = ALIGN (0x2)
                0x008002ea                _edata = .
                0x008002ea                PROVIDE (__data_end, .)

.bss            0x008002ea       0x50
                0x008002ea                PROVIDE (__bss_start, .)
 *(.bss)
 .bss           0x008002ea        0x0 c:/winavr-20100110/bin/../lib/gcc/avr/4.3.3/../../../../avr/lib/avr5/crtm16.o
 .bss           0x008002ea        0x0 ./MCAL/USART/USART_config.o
 .bss           0x008002ea        0x0 ./MCAL/USART/USART_program.o
 .bss           0x008002ea        0x0 ./MCAL/TIMER1/TIMER1_config.o
 .bss           0x008002ea        0x0 ./MCAL/TIMER1/TIMER1_program.o
 .bss           0x008002ea        0x0 ./MCAL/TIMER0/TIMER0_config.o
 .bss           0x008002ea        0x0 ./MCAL/TIMER0/TIMER0_program.o
 .bss           0x008002ea        0x0 ./MCAL/I2C/I2C_config.o
 .bss           0x008002ea        0x0 ./MCAL/I2C/I2C_program.o
 .bss           0x008002ea        0x0 ./MCAL/GPIO/GPIO_program.o
 .bss           0x008002ea        0x0 ./MCAL/EXT_INT/EXT_INT_program.o
 .bss           0x008002ea        0x0 ./MCAL/ADC/ADC_config.o
 .bss           0x008002ea        0x0 ./MCAL/ADC/ADC_program.o
 .bss           0x008002ea        0x0 ./HAL/ULTRASONIC/ULTRASONIC_program.o
 .bss           0x008002ea        0x0 ./HAL/Potentiometer/POT_program.o
 .bss           0x008002ea        0x0 ./HAL/LED/LED_program.o
 .bss           0x008002ea        0x0 ./HAL/LCD/LCD_program.o
 .bss           0x008002ea        0x0 ./HAL/KEYPAD/Keypad_program.o
 .bss           0x008002ea        0x0 ./HAL/EXT_EEPROM/EXT_EEPROM_program.o
 .bss           0x008002ea        0x0 ./HAL/DC_Motor/DC_Motor_program.o
 .bss           0x008002ea        0x0 ./HAL/Buzzer/Buzzer_program.o
 .bss           0x008002ea        0x0 ./HAL/Bluetooth/Bluetooth_program.o
 .bss           0x008002ea        0x0 ./HAL/BUTTON/BUTTON_program.o
 .bss           0x008002ea        0x0 ./Application/Application_program.o
 .bss           0x008002ea        0x0 ./main.o
 .bss           0x008002ea        0x0 c:/winavr-20100110/bin/../lib/gcc/avr/4.3.3/avr5\libgcc.a(_mulsi3.o)
 .bss           0x008002ea        0x0 c:/winavr-20100110/bin/../lib/gcc/avr/4.3.3/avr5\libgcc.a(_udivmodhi4.o)
 .bss           0x008002ea        0x0 c:/winavr-20100110/bin/../lib/gcc/avr/4.3.3/avr5\libgcc.a(_divmodhi4.o)
 .bss           0x008002ea        0x0 c:/winavr-20100110/bin/../lib/gcc/avr/4.3.3/avr5\libgcc.a(_udivmodsi4.o)
 .bss           0x008002ea        0x0 c:/winavr-20100110/bin/../lib/gcc/avr/4.3.3/avr5\libgcc.a(_exit.o)
 .bss           0x008002ea        0x0 c:/winavr-20100110/bin/../lib/gcc/avr/4.3.3/avr5\libgcc.a(_copy_data.o)
 .bss           0x008002ea        0x0 c:/winavr-20100110/bin/../lib/gcc/avr/4.3.3/avr5\libgcc.a(_clear_bss.o)
 .bss           0x008002ea        0x0 c:/winavr-20100110/bin/../lib/gcc/avr/4.3.3/avr5\libgcc.a(_fixunssfsi.o)
 .bss           0x008002ea        0x0 c:/winavr-20100110/bin/../lib/gcc/avr/4.3.3/avr5\libgcc.a(_addsub_sf.o)
 .bss           0x008002ea        0x0 c:/winavr-20100110/bin/../lib/gcc/avr/4.3.3/avr5\libgcc.a(_mul_sf.o)
 .bss           0x008002ea        0x0 c:/winavr-20100110/bin/../lib/gcc/avr/4.3.3/avr5\libgcc.a(_div_sf.o)
 .bss           0x008002ea        0x0 c:/winavr-20100110/bin/../lib/gcc/avr/4.3.3/avr5\libgcc.a(_gt_sf.o)
 .bss           0x008002ea        0x0 c:/winavr-20100110/bin/../lib/gcc/avr/4.3.3/avr5\libgcc.a(_ge_sf.o)
 .bss           0x008002ea        0x0 c:/winavr-20100110/bin/../lib/gcc/avr/4.3.3/avr5\libgcc.a(_lt_sf.o)
 .bss           0x008002ea        0x0 c:/winavr-20100110/bin/../lib/gcc/avr/4.3.3/avr5\libgcc.a(_si_to_sf.o)
 .bss           0x008002ea        0x0 c:/winavr-20100110/bin/../lib/gcc/avr/4.3.3/avr5\libgcc.a(_sf_to_si.o)
 .bss           0x008002ea        0x0 c:/winavr-20100110/bin/../lib/gcc/avr/4.3.3/avr5\libgcc.a(_thenan_sf.o)
 .bss           0x008002ea        0x0 c:/winavr-20100110/bin/../lib/gcc/avr/4.3.3/avr5\libgcc.a(_usi_to_sf.o)
 .bss           0x008002ea        0x0 c:/winavr-20100110/bin/../lib/gcc/avr/4.3.3/avr5\libgcc.a(_prologue.o)
 .bss           0x008002ea        0x0 c:/winavr-20100110/bin/../lib/gcc/avr/4.3.3/avr5\libgcc.a(_epilogue.o)
 .bss           0x008002ea        0x0 c:/winavr-20100110/bin/../lib/gcc/avr/4.3.3/avr5\libgcc.a(_clzsi2.o)
 .bss           0x008002ea        0x0 c:/winavr-20100110/bin/../lib/gcc/avr/4.3.3/avr5\libgcc.a(_pack_sf.o)
 .bss           0x008002ea        0x0 c:/winavr-20100110/bin/../lib/gcc/avr/4.3.3/avr5\libgcc.a(_unpack_sf.o)
 .bss           0x008002ea        0x0 c:/winavr-20100110/bin/../lib/gcc/avr/4.3.3/avr5\libgcc.a(_fpcmp_parts_sf.o)
 .bss           0x008002ea        0x0 c:/winavr-20100110/bin/../lib/gcc/avr/4.3.3/avr5\libgcc.a(_clz.o)
 .bss           0x008002ea        0x0 c:/winavr-20100110/bin/../lib/gcc/avr/4.3.3/../../../../avr/lib/avr5\libc.a(itoa.o)
 .bss           0x008002ea        0x0 c:/winavr-20100110/bin/../lib/gcc/avr/4.3.3/../../../../avr/lib/avr5\libc.a(strrev.o)
 *(.bss*)
 .bss.g_CallBackPtr_Receive_USART
                0x008002ea        0x2 ./MCAL/USART/USART_program.o
 .bss.g_CallBackPtr_T1
                0x008002ec        0x2 ./MCAL/TIMER1/TIMER1_program.o
 .bss.g_CallBackPtr_T0
                0x008002ee        0x2 ./MCAL/TIMER0/TIMER0_program.o
 .bss.g_CallBackPtr_INT0
                0x008002f0        0x2 ./MCAL/EXT_INT/EXT_INT_program.o
 .bss.g_CallBackPtr_INT1
                0x008002f2        0x2 ./MCAL/EXT_INT/EXT_INT_program.o
 .bss.g_CallBackPtr_INT2
                0x008002f4        0x2 ./MCAL/EXT_INT/EXT_INT_program.o
 .bss.ADC_conversion_value
                0x008002f6        0x2 ./MCAL/ADC/ADC_program.o
                0x008002f6                ADC_conversion_value
 .bss.g_edgeDetect
                0x008002f8        0x1 ./HAL/ULTRASONIC/ULTRASONIC_program.o
                0x008002f8                g_edgeDetect
 .bss.row_global
                0x008002f9        0x1 ./HAL/LCD/LCD_program.o
 .bss.col_global
                0x008002fa        0x1 ./HAL/LCD/LCD_program.o
 .bss.UART_Buffer
                0x008002fb        0x9 ./HAL/Bluetooth/Bluetooth_program.o
                0x008002fb                UART_Buffer
 .bss.UART_Counter
                0x00800304        0x1 ./HAL/Bluetooth/Bluetooth_program.o
                0x00800304                UART_Counter
 .bss.loaded_already_done
                0x00800305        0x1 ./Application/Application_program.o
 .bss.GearBox_Current_State
                0x00800306        0x1 ./Application/Application_program.o
                0x00800306                GearBox_Current_State
 .bss.CCS_Currnet_state
                0x00800307        0x1 ./Application/Application_program.o
                0x00800307                CCS_Currnet_state
 .bss.SpeedLimit_Current__State
                0x00800308        0x1 ./Application/Application_program.o
                0x00800308                SpeedLimit_Current__State
 .bss.BrakingAssist_Current_State
                0x00800309        0x1 ./Application/Application_program.o
                0x00800309                BrakingAssist_Current_State
 .bss.DrivingMonetoring_Current_State
                0x0080030a        0x1 ./Application/Application_program.o
                0x0080030a                DrivingMonetoring_Current_State
 .bss.Car_Speed
                0x0080030b        0x2 ./Application/Application_program.o
 .bss.BrakeAssist_Braking
                0x0080030d        0x1 ./Application/Application_program.o
 .bss.Distance_for_dicision
                0x0080030e        0x1 ./Application/Application_program.o
 .bss.TimeOut_Counter
                0x0080030f        0x1 ./Application/Application_program.o
                0x0080030f                TimeOut_Counter
 .bss.Accumulative_Distance_KM
                0x00800310        0x4 ./Application/Application_program.o
                0x00800310                Accumulative_Distance_KM
 .bss.Timer0_Overflow_Counter_RTClock
                0x00800314        0x1 ./Application/Application_program.o
                0x00800314                Timer0_Overflow_Counter_RTClock
 .bss.Timer0_Overflow_counter_DM
                0x00800315        0x2 ./Application/Application_program.o
                0x00800315                Timer0_Overflow_counter_DM
 .bss.Buzzer_GiveSound
                0x00800317        0x1 ./Application/Application_program.o
                0x00800317                Buzzer_GiveSound
 .bss.Buzzer_Timer0_OVF_count
                0x00800318        0x1 ./Application/Application_program.o
                0x00800318                Buzzer_Timer0_OVF_count
 .bss.Start_main_program
                0x00800319        0x1 ./Application/Application_program.o
                0x00800319                Start_main_program
 .bss.EXT0_Count
                0x0080031a        0x1 ./Application/Application_program.o
 .bss.SL_DEC_repeation.2163
                0x0080031b        0x1 ./Application/Application_program.o
 .bss.SL_INC_repeation.2161
                0x0080031c        0x1 ./Application/Application_program.o
 .bss.DrivingMonetoring_IsStillPressed.2158
                0x0080031d        0x1 ./Application/Application_program.o
 .bss.BrakingAssit_IsStillPressed.2157
                0x0080031e        0x1 ./Application/Application_program.o
 .bss.SL_DecIsStillPressed.2156
                0x0080031f        0x1 ./Application/Application_program.o
 .bss.SL_IncIsStillPressed.2155
                0x00800320        0x1 ./Application/Application_program.o
 .bss.SL_ON_OFFIsStillPressed.2154
                0x00800321        0x1 ./Application/Application_program.o
 .bss.L_Page_IsStillPressed.2153
                0x00800322        0x1 ./Application/Application_program.o
 .bss.R_Page_IsStillPressed.2152
                0x00800323        0x1 ./Application/Application_program.o
 .bss.CCS_IsStillPressed.2151
                0x00800324        0x1 ./Application/Application_program.o
 .bss.GearBox_IsStillPressed.2150
                0x00800325        0x1 ./Application/Application_program.o
 .bss.ADC_Value_change_accepted.2669
                0x00800326        0x1 ./Application/Application_program.o
 .bss.Prev_Adc_value_pure.2667
                0x00800327        0x2 ./Application/Application_program.o
 .bss.Adc_value_pure
                0x00800329        0x1 ./main.o
                0x00800329                Adc_value_pure
 *(COMMON)
 COMMON         0x0080032a        0x2 ./HAL/ULTRASONIC/ULTRASONIC_program.o
                0x0080032a                g_TimeOfEcho
 COMMON         0x0080032c        0xe ./Application/Application_program.o
                0x0080032c                Temp_Speed
                0x0080032d                SpeedLimiter_EEPROM
                0x0080032e                Diff_between_ADCS
                0x00800330                GearBox_EEPROM
                0x00800331                KiloMeter_Counter_EEPROM
                0x00800339                page_EEPROM
                0x0080033a                PROVIDE (__bss_end, .)
                0x00007b82                __data_load_start = LOADADDR (.data)
                0x00007e0c                __data_load_end = (__data_load_start + SIZEOF (.data))

.noinit         0x0080033a        0x0
                0x0080033a                PROVIDE (__noinit_start, .)
 *(.noinit*)
                0x0080033a                PROVIDE (__noinit_end, .)
                0x0080033a                _end = .
                0x0080033a                PROVIDE (__heap_start, .)

.eeprom         0x00810000        0x0
 *(.eeprom*)
                0x00810000                __eeprom_end = .

.fuse
 *(.fuse)
 *(.lfuse)
 *(.hfuse)
 *(.efuse)

.lock
 *(.lock*)

.signature
 *(.signature*)

.stab           0x00000000     0xa818
 *(.stab)
 .stab          0x00000000      0x240 ./MCAL/USART/USART_config.o
 .stab          0x00000240      0x594 ./MCAL/USART/USART_program.o
                                0x6d8 (size before relaxing)
 .stab          0x000007d4      0x138 ./MCAL/TIMER1/TIMER1_config.o
                                0x144 (size before relaxing)
 .stab          0x0000090c      0x4d4 ./MCAL/TIMER1/TIMER1_program.o
                                0x528 (size before relaxing)
 .stab          0x00000de0      0x138 ./MCAL/TIMER0/TIMER0_config.o
                                0x144 (size before relaxing)
 .stab          0x00000f18      0x45c ./MCAL/TIMER0/TIMER0_program.o
                                0x4b0 (size before relaxing)
 .stab          0x00001374      0x1d4 ./MCAL/I2C/I2C_config.o
                                0x1e0 (size before relaxing)
 .stab          0x00001548      0x354 ./MCAL/I2C/I2C_program.o
                                0x438 (size before relaxing)
 .stab          0x0000189c      0xab0 ./MCAL/GPIO/GPIO_program.o
                                0xabc (size before relaxing)
 .stab          0x0000234c      0x588 ./MCAL/EXT_INT/EXT_INT_program.o
                                0x594 (size before relaxing)
 .stab          0x000028d4      0x180 ./MCAL/ADC/ADC_config.o
                                0x18c (size before relaxing)
 .stab          0x00002a54      0x4a4 ./MCAL/ADC/ADC_program.o
                                0x540 (size before relaxing)
 .stab          0x00002ef8      0x6b4 ./HAL/ULTRASONIC/ULTRASONIC_program.o
                                0x6c0 (size before relaxing)
 .stab          0x000035ac      0x264 ./HAL/Potentiometer/POT_program.o
                                0x270 (size before relaxing)
 .stab          0x00003810      0x390 ./HAL/LED/LED_program.o
                                0x39c (size before relaxing)
 .stab          0x00003ba0     0x1854 ./HAL/LCD/LCD_program.o
                               0x19ec (size before relaxing)
 .stab          0x000053f4      0x4bc ./HAL/KEYPAD/Keypad_program.o
                                0x4c8 (size before relaxing)
 .stab          0x000058b0      0x3f0 ./HAL/EXT_EEPROM/EXT_EEPROM_program.o
                                0x3fc (size before relaxing)
 .stab          0x00005ca0      0x3cc ./HAL/DC_Motor/DC_Motor_program.o
                                0x3d8 (size before relaxing)
 .stab          0x0000606c      0x390 ./HAL/Buzzer/Buzzer_program.o
                                0x39c (size before relaxing)
 .stab          0x000063fc      0x348 ./HAL/Bluetooth/Bluetooth_program.o
                                0x354 (size before relaxing)
 .stab          0x00006744      0x294 ./HAL/BUTTON/BUTTON_program.o
                                0x2a0 (size before relaxing)
 .stab          0x000069d8     0x3c54 ./Application/Application_program.o
                               0x3dec (size before relaxing)
 .stab          0x0000a62c      0x1ec ./main.o
                                0x5b8 (size before relaxing)

.stabstr        0x00000000     0x630a
 *(.stabstr)
 .stabstr       0x00000000     0x630a ./MCAL/USART/USART_config.o

.stab.excl
 *(.stab.excl)

.stab.exclstr
 *(.stab.exclstr)

.stab.index
 *(.stab.index)

.stab.indexstr
 *(.stab.indexstr)

.comment
 *(.comment)

.debug
 *(.debug)

.line
 *(.line)

.debug_srcinfo
 *(.debug_srcinfo)

.debug_sfnames
 *(.debug_sfnames)

.debug_aranges  0x00000000      0x1c0
 *(.debug_aranges)
 .debug_aranges
                0x00000000       0x20 c:/winavr-20100110/bin/../lib/gcc/avr/4.3.3/avr5\libgcc.a(_fixunssfsi.o)
 .debug_aranges
                0x00000020       0x20 c:/winavr-20100110/bin/../lib/gcc/avr/4.3.3/avr5\libgcc.a(_addsub_sf.o)
 .debug_aranges
                0x00000040       0x20 c:/winavr-20100110/bin/../lib/gcc/avr/4.3.3/avr5\libgcc.a(_mul_sf.o)
 .debug_aranges
                0x00000060       0x20 c:/winavr-20100110/bin/../lib/gcc/avr/4.3.3/avr5\libgcc.a(_div_sf.o)
 .debug_aranges
                0x00000080       0x20 c:/winavr-20100110/bin/../lib/gcc/avr/4.3.3/avr5\libgcc.a(_gt_sf.o)
 .debug_aranges
                0x000000a0       0x20 c:/winavr-20100110/bin/../lib/gcc/avr/4.3.3/avr5\libgcc.a(_ge_sf.o)
 .debug_aranges
                0x000000c0       0x20 c:/winavr-20100110/bin/../lib/gcc/avr/4.3.3/avr5\libgcc.a(_lt_sf.o)
 .debug_aranges
                0x000000e0       0x20 c:/winavr-20100110/bin/../lib/gcc/avr/4.3.3/avr5\libgcc.a(_si_to_sf.o)
 .debug_aranges
                0x00000100       0x20 c:/winavr-20100110/bin/../lib/gcc/avr/4.3.3/avr5\libgcc.a(_sf_to_si.o)
 .debug_aranges
                0x00000120       0x20 c:/winavr-20100110/bin/../lib/gcc/avr/4.3.3/avr5\libgcc.a(_usi_to_sf.o)
 .debug_aranges
                0x00000140       0x20 c:/winavr-20100110/bin/../lib/gcc/avr/4.3.3/avr5\libgcc.a(_clzsi2.o)
 .debug_aranges
                0x00000160       0x20 c:/winavr-20100110/bin/../lib/gcc/avr/4.3.3/avr5\libgcc.a(_pack_sf.o)
 .debug_aranges
                0x00000180       0x20 c:/winavr-20100110/bin/../lib/gcc/avr/4.3.3/avr5\libgcc.a(_unpack_sf.o)
 .debug_aranges
                0x000001a0       0x20 c:/winavr-20100110/bin/../lib/gcc/avr/4.3.3/avr5\libgcc.a(_fpcmp_parts_sf.o)

.debug_pubnames
                0x00000000      0x214
 *(.debug_pubnames)
 .debug_pubnames
                0x00000000       0x23 c:/winavr-20100110/bin/../lib/gcc/avr/4.3.3/avr5\libgcc.a(_fixunssfsi.o)
 .debug_pubnames
                0x00000023       0x2c c:/winavr-20100110/bin/../lib/gcc/avr/4.3.3/avr5\libgcc.a(_addsub_sf.o)
 .debug_pubnames
                0x0000004f       0x1f c:/winavr-20100110/bin/../lib/gcc/avr/4.3.3/avr5\libgcc.a(_mul_sf.o)
 .debug_pubnames
                0x0000006e       0x1f c:/winavr-20100110/bin/../lib/gcc/avr/4.3.3/avr5\libgcc.a(_div_sf.o)
 .debug_pubnames
                0x0000008d       0x1e c:/winavr-20100110/bin/../lib/gcc/avr/4.3.3/avr5\libgcc.a(_gt_sf.o)
 .debug_pubnames
                0x000000ab       0x1e c:/winavr-20100110/bin/../lib/gcc/avr/4.3.3/avr5\libgcc.a(_ge_sf.o)
 .debug_pubnames
                0x000000c9       0x1e c:/winavr-20100110/bin/../lib/gcc/avr/4.3.3/avr5\libgcc.a(_lt_sf.o)
 .debug_pubnames
                0x000000e7       0x22 c:/winavr-20100110/bin/../lib/gcc/avr/4.3.3/avr5\libgcc.a(_si_to_sf.o)
 .debug_pubnames
                0x00000109       0x20 c:/winavr-20100110/bin/../lib/gcc/avr/4.3.3/avr5\libgcc.a(_sf_to_si.o)
 .debug_pubnames
                0x00000129       0x22 c:/winavr-20100110/bin/../lib/gcc/avr/4.3.3/avr5\libgcc.a(_thenan_sf.o)
 .debug_pubnames
                0x0000014b       0x24 c:/winavr-20100110/bin/../lib/gcc/avr/4.3.3/avr5\libgcc.a(_usi_to_sf.o)
 .debug_pubnames
                0x0000016f       0x1f c:/winavr-20100110/bin/../lib/gcc/avr/4.3.3/avr5\libgcc.a(_clzsi2.o)
 .debug_pubnames
                0x0000018e       0x1f c:/winavr-20100110/bin/../lib/gcc/avr/4.3.3/avr5\libgcc.a(_pack_sf.o)
 .debug_pubnames
                0x000001ad       0x21 c:/winavr-20100110/bin/../lib/gcc/avr/4.3.3/avr5\libgcc.a(_unpack_sf.o)
 .debug_pubnames
                0x000001ce       0x26 c:/winavr-20100110/bin/../lib/gcc/avr/4.3.3/avr5\libgcc.a(_fpcmp_parts_sf.o)
 .debug_pubnames
                0x000001f4       0x20 c:/winavr-20100110/bin/../lib/gcc/avr/4.3.3/avr5\libgcc.a(_clz.o)

.debug_info     0x00000000     0x2612
 *(.debug_info)
 .debug_info    0x00000000       0xb1 c:/winavr-20100110/bin/../lib/gcc/avr/4.3.3/avr5\libgcc.a(_fixunssfsi.o)
 .debug_info    0x000000b1      0x47a c:/winavr-20100110/bin/../lib/gcc/avr/4.3.3/avr5\libgcc.a(_addsub_sf.o)
 .debug_info    0x0000052b      0x485 c:/winavr-20100110/bin/../lib/gcc/avr/4.3.3/avr5\libgcc.a(_mul_sf.o)
 .debug_info    0x000009b0      0x3fc c:/winavr-20100110/bin/../lib/gcc/avr/4.3.3/avr5\libgcc.a(_div_sf.o)
 .debug_info    0x00000dac      0x27f c:/winavr-20100110/bin/../lib/gcc/avr/4.3.3/avr5\libgcc.a(_gt_sf.o)
 .debug_info    0x0000102b      0x27f c:/winavr-20100110/bin/../lib/gcc/avr/4.3.3/avr5\libgcc.a(_ge_sf.o)
 .debug_info    0x000012aa      0x27f c:/winavr-20100110/bin/../lib/gcc/avr/4.3.3/avr5\libgcc.a(_lt_sf.o)
 .debug_info    0x00001529      0x207 c:/winavr-20100110/bin/../lib/gcc/avr/4.3.3/avr5\libgcc.a(_si_to_sf.o)
 .debug_info    0x00001730      0x2b0 c:/winavr-20100110/bin/../lib/gcc/avr/4.3.3/avr5\libgcc.a(_sf_to_si.o)
 .debug_info    0x000019e0      0x12c c:/winavr-20100110/bin/../lib/gcc/avr/4.3.3/avr5\libgcc.a(_thenan_sf.o)
 .debug_info    0x00001b0c      0x206 c:/winavr-20100110/bin/../lib/gcc/avr/4.3.3/avr5\libgcc.a(_usi_to_sf.o)
 .debug_info    0x00001d12      0x117 c:/winavr-20100110/bin/../lib/gcc/avr/4.3.3/avr5\libgcc.a(_clzsi2.o)
 .debug_info    0x00001e29      0x2df c:/winavr-20100110/bin/../lib/gcc/avr/4.3.3/avr5\libgcc.a(_pack_sf.o)
 .debug_info    0x00002108      0x251 c:/winavr-20100110/bin/../lib/gcc/avr/4.3.3/avr5\libgcc.a(_unpack_sf.o)
 .debug_info    0x00002359      0x210 c:/winavr-20100110/bin/../lib/gcc/avr/4.3.3/avr5\libgcc.a(_fpcmp_parts_sf.o)
 .debug_info    0x00002569       0xa9 c:/winavr-20100110/bin/../lib/gcc/avr/4.3.3/avr5\libgcc.a(_clz.o)
 *(.gnu.linkonce.wi.*)

.debug_abbrev   0x00000000     0x14ce
 *(.debug_abbrev)
 .debug_abbrev  0x00000000       0x5d c:/winavr-20100110/bin/../lib/gcc/avr/4.3.3/avr5\libgcc.a(_fixunssfsi.o)
 .debug_abbrev  0x0000005d      0x1ea c:/winavr-20100110/bin/../lib/gcc/avr/4.3.3/avr5\libgcc.a(_addsub_sf.o)
 .debug_abbrev  0x00000247      0x21b c:/winavr-20100110/bin/../lib/gcc/avr/4.3.3/avr5\libgcc.a(_mul_sf.o)
 .debug_abbrev  0x00000462      0x216 c:/winavr-20100110/bin/../lib/gcc/avr/4.3.3/avr5\libgcc.a(_div_sf.o)
 .debug_abbrev  0x00000678      0x15a c:/winavr-20100110/bin/../lib/gcc/avr/4.3.3/avr5\libgcc.a(_gt_sf.o)
 .debug_abbrev  0x000007d2      0x15a c:/winavr-20100110/bin/../lib/gcc/avr/4.3.3/avr5\libgcc.a(_ge_sf.o)
 .debug_abbrev  0x0000092c      0x15a c:/winavr-20100110/bin/../lib/gcc/avr/4.3.3/avr5\libgcc.a(_lt_sf.o)
 .debug_abbrev  0x00000a86      0x148 c:/winavr-20100110/bin/../lib/gcc/avr/4.3.3/avr5\libgcc.a(_si_to_sf.o)
 .debug_abbrev  0x00000bce      0x17f c:/winavr-20100110/bin/../lib/gcc/avr/4.3.3/avr5\libgcc.a(_sf_to_si.o)
 .debug_abbrev  0x00000d4d       0xad c:/winavr-20100110/bin/../lib/gcc/avr/4.3.3/avr5\libgcc.a(_thenan_sf.o)
 .debug_abbrev  0x00000dfa      0x157 c:/winavr-20100110/bin/../lib/gcc/avr/4.3.3/avr5\libgcc.a(_usi_to_sf.o)
 .debug_abbrev  0x00000f51       0xc4 c:/winavr-20100110/bin/../lib/gcc/avr/4.3.3/avr5\libgcc.a(_clzsi2.o)
 .debug_abbrev  0x00001015      0x1c0 c:/winavr-20100110/bin/../lib/gcc/avr/4.3.3/avr5\libgcc.a(_pack_sf.o)
 .debug_abbrev  0x000011d5      0x154 c:/winavr-20100110/bin/../lib/gcc/avr/4.3.3/avr5\libgcc.a(_unpack_sf.o)
 .debug_abbrev  0x00001329      0x13b c:/winavr-20100110/bin/../lib/gcc/avr/4.3.3/avr5\libgcc.a(_fpcmp_parts_sf.o)
 .debug_abbrev  0x00001464       0x6a c:/winavr-20100110/bin/../lib/gcc/avr/4.3.3/avr5\libgcc.a(_clz.o)

.debug_line     0x00000000     0x130b
 *(.debug_line)
 .debug_line    0x00000000       0xa7 c:/winavr-20100110/bin/../lib/gcc/avr/4.3.3/avr5\libgcc.a(_fixunssfsi.o)
 .debug_line    0x000000a7      0x2af c:/winavr-20100110/bin/../lib/gcc/avr/4.3.3/avr5\libgcc.a(_addsub_sf.o)
 .debug_line    0x00000356      0x239 c:/winavr-20100110/bin/../lib/gcc/avr/4.3.3/avr5\libgcc.a(_mul_sf.o)
 .debug_line    0x0000058f      0x1d5 c:/winavr-20100110/bin/../lib/gcc/avr/4.3.3/avr5\libgcc.a(_div_sf.o)
 .debug_line    0x00000764       0xd3 c:/winavr-20100110/bin/../lib/gcc/avr/4.3.3/avr5\libgcc.a(_gt_sf.o)
 .debug_line    0x00000837       0xd3 c:/winavr-20100110/bin/../lib/gcc/avr/4.3.3/avr5\libgcc.a(_ge_sf.o)
 .debug_line    0x0000090a       0xd3 c:/winavr-20100110/bin/../lib/gcc/avr/4.3.3/avr5\libgcc.a(_lt_sf.o)
 .debug_line    0x000009dd      0x135 c:/winavr-20100110/bin/../lib/gcc/avr/4.3.3/avr5\libgcc.a(_si_to_sf.o)
 .debug_line    0x00000b12      0x109 c:/winavr-20100110/bin/../lib/gcc/avr/4.3.3/avr5\libgcc.a(_sf_to_si.o)
 .debug_line    0x00000c1b       0x90 c:/winavr-20100110/bin/../lib/gcc/avr/4.3.3/avr5\libgcc.a(_thenan_sf.o)
 .debug_line    0x00000cab      0x133 c:/winavr-20100110/bin/../lib/gcc/avr/4.3.3/avr5\libgcc.a(_usi_to_sf.o)
 .debug_line    0x00000dde       0xa5 c:/winavr-20100110/bin/../lib/gcc/avr/4.3.3/avr5\libgcc.a(_clzsi2.o)
 .debug_line    0x00000e83      0x18a c:/winavr-20100110/bin/../lib/gcc/avr/4.3.3/avr5\libgcc.a(_pack_sf.o)
 .debug_line    0x0000100d      0x14b c:/winavr-20100110/bin/../lib/gcc/avr/4.3.3/avr5\libgcc.a(_unpack_sf.o)
 .debug_line    0x00001158      0x137 c:/winavr-20100110/bin/../lib/gcc/avr/4.3.3/avr5\libgcc.a(_fpcmp_parts_sf.o)
 .debug_line    0x0000128f       0x7c c:/winavr-20100110/bin/../lib/gcc/avr/4.3.3/avr5\libgcc.a(_clz.o)

.debug_frame    0x00000000      0x1e0
 *(.debug_frame)
 .debug_frame   0x00000000       0x20 c:/winavr-20100110/bin/../lib/gcc/avr/4.3.3/avr5\libgcc.a(_fixunssfsi.o)
 .debug_frame   0x00000020       0x40 c:/winavr-20100110/bin/../lib/gcc/avr/4.3.3/avr5\libgcc.a(_addsub_sf.o)
 .debug_frame   0x00000060       0x20 c:/winavr-20100110/bin/../lib/gcc/avr/4.3.3/avr5\libgcc.a(_mul_sf.o)
 .debug_frame   0x00000080       0x20 c:/winavr-20100110/bin/../lib/gcc/avr/4.3.3/avr5\libgcc.a(_div_sf.o)
 .debug_frame   0x000000a0       0x20 c:/winavr-20100110/bin/../lib/gcc/avr/4.3.3/avr5\libgcc.a(_gt_sf.o)
 .debug_frame   0x000000c0       0x20 c:/winavr-20100110/bin/../lib/gcc/avr/4.3.3/avr5\libgcc.a(_ge_sf.o)
 .debug_frame   0x000000e0       0x20 c:/winavr-20100110/bin/../lib/gcc/avr/4.3.3/avr5\libgcc.a(_lt_sf.o)
 .debug_frame   0x00000100       0x20 c:/winavr-20100110/bin/../lib/gcc/avr/4.3.3/avr5\libgcc.a(_si_to_sf.o)
 .debug_frame   0x00000120       0x20 c:/winavr-20100110/bin/../lib/gcc/avr/4.3.3/avr5\libgcc.a(_sf_to_si.o)
 .debug_frame   0x00000140       0x20 c:/winavr-20100110/bin/../lib/gcc/avr/4.3.3/avr5\libgcc.a(_usi_to_sf.o)
 .debug_frame   0x00000160       0x20 c:/winavr-20100110/bin/../lib/gcc/avr/4.3.3/avr5\libgcc.a(_clzsi2.o)
 .debug_frame   0x00000180       0x20 c:/winavr-20100110/bin/../lib/gcc/avr/4.3.3/avr5\libgcc.a(_pack_sf.o)
 .debug_frame   0x000001a0       0x20 c:/winavr-20100110/bin/../lib/gcc/avr/4.3.3/avr5\libgcc.a(_unpack_sf.o)
 .debug_frame   0x000001c0       0x20 c:/winavr-20100110/bin/../lib/gcc/avr/4.3.3/avr5\libgcc.a(_fpcmp_parts_sf.o)

.debug_str      0x00000000      0x307
 *(.debug_str)
 .debug_str     0x00000000       0xbf c:/winavr-20100110/bin/../lib/gcc/avr/4.3.3/avr5\libgcc.a(_fixunssfsi.o)
                                 0xfe (size before relaxing)
 .debug_str     0x000000bf      0x14d c:/winavr-20100110/bin/../lib/gcc/avr/4.3.3/avr5\libgcc.a(_addsub_sf.o)
                                0x206 (size before relaxing)
 .debug_str     0x0000020c       0x27 c:/winavr-20100110/bin/../lib/gcc/avr/4.3.3/avr5\libgcc.a(_mul_sf.o)
                                0x1bf (size before relaxing)
 .debug_str     0x00000233       0x35 c:/winavr-20100110/bin/../lib/gcc/avr/4.3.3/avr5\libgcc.a(_div_sf.o)
                                0x1c8 (size before relaxing)
 .debug_str     0x00000268        0x8 c:/winavr-20100110/bin/../lib/gcc/avr/4.3.3/avr5\libgcc.a(_gt_sf.o)
                                0x195 (size before relaxing)
 .debug_str     0x00000270        0x8 c:/winavr-20100110/bin/../lib/gcc/avr/4.3.3/avr5\libgcc.a(_ge_sf.o)
                                0x195 (size before relaxing)
 .debug_str     0x00000278        0x8 c:/winavr-20100110/bin/../lib/gcc/avr/4.3.3/avr5\libgcc.a(_lt_sf.o)
                                0x195 (size before relaxing)
 .debug_str     0x00000280       0x1e c:/winavr-20100110/bin/../lib/gcc/avr/4.3.3/avr5\libgcc.a(_si_to_sf.o)
                                0x17b (size before relaxing)
 .debug_str     0x0000029e        0xa c:/winavr-20100110/bin/../lib/gcc/avr/4.3.3/avr5\libgcc.a(_sf_to_si.o)
                                0x19e (size before relaxing)
 .debug_str     0x00000000      0x103 c:/winavr-20100110/bin/../lib/gcc/avr/4.3.3/avr5\libgcc.a(_thenan_sf.o)
 .debug_str     0x000002a8       0x14 c:/winavr-20100110/bin/../lib/gcc/avr/4.3.3/avr5\libgcc.a(_usi_to_sf.o)
                                0x177 (size before relaxing)
 .debug_str     0x000002bc       0x20 c:/winavr-20100110/bin/../lib/gcc/avr/4.3.3/avr5\libgcc.a(_clzsi2.o)
                                0x111 (size before relaxing)
 .debug_str     0x000002dc       0x10 c:/winavr-20100110/bin/../lib/gcc/avr/4.3.3/avr5\libgcc.a(_pack_sf.o)
                                0x19d (size before relaxing)
 .debug_str     0x000002ec        0xb c:/winavr-20100110/bin/../lib/gcc/avr/4.3.3/avr5\libgcc.a(_unpack_sf.o)
                                0x17f (size before relaxing)
 .debug_str     0x000002f7       0x10 c:/winavr-20100110/bin/../lib/gcc/avr/4.3.3/avr5\libgcc.a(_fpcmp_parts_sf.o)
                                0x163 (size before relaxing)
 .debug_str     0x00000000       0xf4 c:/winavr-20100110/bin/../lib/gcc/avr/4.3.3/avr5\libgcc.a(_clz.o)

.debug_loc      0x00000000      0xa1a
 *(.debug_loc)
 .debug_loc     0x00000000       0x34 c:/winavr-20100110/bin/../lib/gcc/avr/4.3.3/avr5\libgcc.a(_fixunssfsi.o)
 .debug_loc     0x00000034      0x32a c:/winavr-20100110/bin/../lib/gcc/avr/4.3.3/avr5\libgcc.a(_addsub_sf.o)
 .debug_loc     0x0000035e      0x104 c:/winavr-20100110/bin/../lib/gcc/avr/4.3.3/avr5\libgcc.a(_mul_sf.o)
 .debug_loc     0x00000462       0xc0 c:/winavr-20100110/bin/../lib/gcc/avr/4.3.3/avr5\libgcc.a(_div_sf.o)
 .debug_loc     0x00000522       0x3c c:/winavr-20100110/bin/../lib/gcc/avr/4.3.3/avr5\libgcc.a(_gt_sf.o)
 .debug_loc     0x0000055e       0x3c c:/winavr-20100110/bin/../lib/gcc/avr/4.3.3/avr5\libgcc.a(_ge_sf.o)
 .debug_loc     0x0000059a       0x3c c:/winavr-20100110/bin/../lib/gcc/avr/4.3.3/avr5\libgcc.a(_lt_sf.o)
 .debug_loc     0x000005d6       0xac c:/winavr-20100110/bin/../lib/gcc/avr/4.3.3/avr5\libgcc.a(_si_to_sf.o)
 .debug_loc     0x00000682       0x7e c:/winavr-20100110/bin/../lib/gcc/avr/4.3.3/avr5\libgcc.a(_sf_to_si.o)
 .debug_loc     0x00000700       0x4c c:/winavr-20100110/bin/../lib/gcc/avr/4.3.3/avr5\libgcc.a(_usi_to_sf.o)
 .debug_loc     0x0000074c       0x94 c:/winavr-20100110/bin/../lib/gcc/avr/4.3.3/avr5\libgcc.a(_clzsi2.o)
 .debug_loc     0x000007e0      0x13e c:/winavr-20100110/bin/../lib/gcc/avr/4.3.3/avr5\libgcc.a(_pack_sf.o)
 .debug_loc     0x0000091e       0xac c:/winavr-20100110/bin/../lib/gcc/avr/4.3.3/avr5\libgcc.a(_unpack_sf.o)
 .debug_loc     0x000009ca       0x50 c:/winavr-20100110/bin/../lib/gcc/avr/4.3.3/avr5\libgcc.a(_fpcmp_parts_sf.o)

.debug_macinfo
 *(.debug_macinfo)
OUTPUT(Car_system.elf elf32-avr)
LOAD linker stubs

.debug_ranges   0x00000000       0x50
 .debug_ranges  0x00000000       0x50 c:/winavr-20100110/bin/../lib/gcc/avr/4.3.3/avr5\libgcc.a(_mul_sf.o)
