Archive member included because of file (symbol)

c:/winavr-20100110/bin/../lib/gcc/avr/4.3.3/avr5\libgcc.a(_exit.o)
                              c:/winavr-20100110/bin/../lib/gcc/avr/4.3.3/../../../../avr/lib/avr5/crtm16.o (exit)
c:/winavr-20100110/bin/../lib/gcc/avr/4.3.3/avr5\libgcc.a(_copy_data.o)
                              ./MCAL/TIMER0/TIMER0_config.o (__do_copy_data)
c:/winavr-20100110/bin/../lib/gcc/avr/4.3.3/avr5\libgcc.a(_clear_bss.o)
                              ./MCAL/TIMER0/TIMER0_program.o (__do_clear_bss)
c:/winavr-20100110/bin/../lib/gcc/avr/4.3.3/avr5\libgcc.a(_fixunssfsi.o)
                              ./HAL/LCD/LCD_program.o (__fixunssfsi)
c:/winavr-20100110/bin/../lib/gcc/avr/4.3.3/avr5\libgcc.a(_addsub_sf.o)
                              c:/winavr-20100110/bin/../lib/gcc/avr/4.3.3/avr5\libgcc.a(_fixunssfsi.o) (__subsf3)
c:/winavr-20100110/bin/../lib/gcc/avr/4.3.3/avr5\libgcc.a(_mul_sf.o)
                              ./HAL/LCD/LCD_program.o (__mulsf3)
c:/winavr-20100110/bin/../lib/gcc/avr/4.3.3/avr5\libgcc.a(_gt_sf.o)
                              ./HAL/LCD/LCD_program.o (__gtsf2)
c:/winavr-20100110/bin/../lib/gcc/avr/4.3.3/avr5\libgcc.a(_ge_sf.o)
                              c:/winavr-20100110/bin/../lib/gcc/avr/4.3.3/avr5\libgcc.a(_fixunssfsi.o) (__gesf2)
c:/winavr-20100110/bin/../lib/gcc/avr/4.3.3/avr5\libgcc.a(_lt_sf.o)
                              ./HAL/LCD/LCD_program.o (__ltsf2)
c:/winavr-20100110/bin/../lib/gcc/avr/4.3.3/avr5\libgcc.a(_sf_to_si.o)
                              c:/winavr-20100110/bin/../lib/gcc/avr/4.3.3/avr5\libgcc.a(_fixunssfsi.o) (__fixsfsi)
c:/winavr-20100110/bin/../lib/gcc/avr/4.3.3/avr5\libgcc.a(_thenan_sf.o)
                              c:/winavr-20100110/bin/../lib/gcc/avr/4.3.3/avr5\libgcc.a(_addsub_sf.o) (__thenan_sf)
c:/winavr-20100110/bin/../lib/gcc/avr/4.3.3/avr5\libgcc.a(_prologue.o)
                              c:/winavr-20100110/bin/../lib/gcc/avr/4.3.3/avr5\libgcc.a(_addsub_sf.o) (__prologue_saves__)
c:/winavr-20100110/bin/../lib/gcc/avr/4.3.3/avr5\libgcc.a(_epilogue.o)
                              c:/winavr-20100110/bin/../lib/gcc/avr/4.3.3/avr5\libgcc.a(_addsub_sf.o) (__epilogue_restores__)
c:/winavr-20100110/bin/../lib/gcc/avr/4.3.3/avr5\libgcc.a(_pack_sf.o)
                              c:/winavr-20100110/bin/../lib/gcc/avr/4.3.3/avr5\libgcc.a(_addsub_sf.o) (__pack_f)
c:/winavr-20100110/bin/../lib/gcc/avr/4.3.3/avr5\libgcc.a(_unpack_sf.o)
                              c:/winavr-20100110/bin/../lib/gcc/avr/4.3.3/avr5\libgcc.a(_addsub_sf.o) (__unpack_f)
c:/winavr-20100110/bin/../lib/gcc/avr/4.3.3/avr5\libgcc.a(_fpcmp_parts_sf.o)
                              c:/winavr-20100110/bin/../lib/gcc/avr/4.3.3/avr5\libgcc.a(_gt_sf.o) (__fpcmp_parts_f)
c:/winavr-20100110/bin/../lib/gcc/avr/4.3.3/../../../../avr/lib/avr5\libc.a(itoa.o)
                              ./HAL/LCD/LCD_program.o (itoa)
c:/winavr-20100110/bin/../lib/gcc/avr/4.3.3/../../../../avr/lib/avr5\libc.a(strrev.o)
                              c:/winavr-20100110/bin/../lib/gcc/avr/4.3.3/../../../../avr/lib/avr5\libc.a(itoa.o) (strrev)
c:/winavr-20100110/bin/../lib/gcc/avr/4.3.3/avr5\libgcc.a(_udivmodhi4.o)
                              c:/winavr-20100110/bin/../lib/gcc/avr/4.3.3/../../../../avr/lib/avr5\libc.a(itoa.o) (__udivmodhi4)

Memory Configuration

Name             Origin             Length             Attributes
text             0x00000000         0x00020000         xr
data             0x00800060         0x0000ffa0         rw !x
eeprom           0x00810000         0x00010000         rw !x
fuse             0x00820000         0x00000400         rw !x
lock             0x00830000         0x00000400         rw !x
signature        0x00840000         0x00000400         rw !x
*default*        0x00000000         0xffffffff

Linker script and memory map

LOAD c:/winavr-20100110/bin/../lib/gcc/avr/4.3.3/../../../../avr/lib/avr5/crtm16.o
LOAD ./MCAL/TIMER0/TIMER0_config.o
LOAD ./MCAL/TIMER0/TIMER0_program.o
LOAD ./MCAL/GPIO/GPIO_program.o
LOAD ./MCAL/EXT_INT/EXT_INT_program.o
LOAD ./MCAL/ADC/ADC_config.o
LOAD ./MCAL/ADC/ADC_program.o
LOAD ./HAL/Potentiometer/POT_program.o
LOAD ./HAL/LED/LED_program.o
LOAD ./HAL/LCD/LCD_program.o
LOAD ./HAL/KEYPAD/Keypad_program.o
LOAD ./HAL/Buzzer/Buzzer_program.o
LOAD ./HAL/BUTTON/BUTTON_program.o
LOAD ./Application/Application_program.o
LOAD ./main.o
LOAD c:/winavr-20100110/bin/../lib/gcc/avr/4.3.3/avr5\libgcc.a
LOAD c:/winavr-20100110/bin/../lib/gcc/avr/4.3.3/../../../../avr/lib/avr5\libc.a
LOAD c:/winavr-20100110/bin/../lib/gcc/avr/4.3.3/avr5\libgcc.a

.hash
 *(.hash)

.dynsym
 *(.dynsym)

.dynstr
 *(.dynstr)

.gnu.version
 *(.gnu.version)

.gnu.version_d
 *(.gnu.version_d)

.gnu.version_r
 *(.gnu.version_r)

.rel.init
 *(.rel.init)

.rela.init
 *(.rela.init)

.rel.text
 *(.rel.text)
 *(.rel.text.*)
 *(.rel.gnu.linkonce.t*)

.rela.text
 *(.rela.text)
 *(.rela.text.*)
 *(.rela.gnu.linkonce.t*)

.rel.fini
 *(.rel.fini)

.rela.fini
 *(.rela.fini)

.rel.rodata
 *(.rel.rodata)
 *(.rel.rodata.*)
 *(.rel.gnu.linkonce.r*)

.rela.rodata
 *(.rela.rodata)
 *(.rela.rodata.*)
 *(.rela.gnu.linkonce.r*)

.rel.data
 *(.rel.data)
 *(.rel.data.*)
 *(.rel.gnu.linkonce.d*)

.rela.data
 *(.rela.data)
 *(.rela.data.*)
 *(.rela.gnu.linkonce.d*)

.rel.ctors
 *(.rel.ctors)

.rela.ctors
 *(.rela.ctors)

.rel.dtors
 *(.rel.dtors)

.rela.dtors
 *(.rela.dtors)

.rel.got
 *(.rel.got)

.rela.got
 *(.rela.got)

.rel.bss
 *(.rel.bss)

.rela.bss
 *(.rela.bss)

.rel.plt
 *(.rel.plt)

.rela.plt
 *(.rela.plt)

.text           0x00000000     0x4212
 *(.vectors)
 .vectors       0x00000000       0x54 c:/winavr-20100110/bin/../lib/gcc/avr/4.3.3/../../../../avr/lib/avr5/crtm16.o
                0x00000000                __vectors
                0x00000000                __vector_default
 *(.vectors)
 *(.progmem.gcc*)
 *(.progmem*)
                0x00000054                . = ALIGN (0x2)
                0x00000054                __trampolines_start = .
 *(.trampolines)
 .trampolines   0x00000054        0x0 linker stubs
 *(.trampolines*)
                0x00000054                __trampolines_end = .
 *(.jumptables)
 *(.jumptables*)
 *(.lowtext)
 *(.lowtext*)
                0x00000054                __ctors_start = .
 *(.ctors)
                0x00000054                __ctors_end = .
                0x00000054                __dtors_start = .
 *(.dtors)
                0x00000054                __dtors_end = .
 SORT(*)(.ctors)
 SORT(*)(.dtors)
 *(.init0)
 .init0         0x00000054        0x0 c:/winavr-20100110/bin/../lib/gcc/avr/4.3.3/../../../../avr/lib/avr5/crtm16.o
                0x00000054                __init
 *(.init0)
 *(.init1)
 *(.init1)
 *(.init2)
 .init2         0x00000054        0xc c:/winavr-20100110/bin/../lib/gcc/avr/4.3.3/../../../../avr/lib/avr5/crtm16.o
 *(.init2)
 *(.init3)
 *(.init3)
 *(.init4)
 .init4         0x00000060       0x16 c:/winavr-20100110/bin/../lib/gcc/avr/4.3.3/avr5\libgcc.a(_copy_data.o)
                0x00000060                __do_copy_data
 .init4         0x00000076       0x10 c:/winavr-20100110/bin/../lib/gcc/avr/4.3.3/avr5\libgcc.a(_clear_bss.o)
                0x00000076                __do_clear_bss
 *(.init4)
 *(.init5)
 *(.init5)
 *(.init6)
 *(.init6)
 *(.init7)
 *(.init7)
 *(.init8)
 *(.init8)
 *(.init9)
 .init9         0x00000086        0x8 c:/winavr-20100110/bin/../lib/gcc/avr/4.3.3/../../../../avr/lib/avr5/crtm16.o
 *(.init9)
 *(.text)
 .text          0x0000008e        0x4 c:/winavr-20100110/bin/../lib/gcc/avr/4.3.3/../../../../avr/lib/avr5/crtm16.o
                0x0000008e                __vector_12
                0x0000008e                __bad_interrupt
                0x0000008e                __vector_6
                0x0000008e                __vector_13
                0x0000008e                __vector_17
                0x0000008e                __vector_19
                0x0000008e                __vector_7
                0x0000008e                __vector_5
                0x0000008e                __vector_4
                0x0000008e                __vector_9
                0x0000008e                __vector_15
                0x0000008e                __vector_8
                0x0000008e                __vector_14
                0x0000008e                __vector_10
                0x0000008e                __vector_16
                0x0000008e                __vector_18
                0x0000008e                __vector_20
 .text          0x00000092        0x0 ./MCAL/TIMER0/TIMER0_config.o
 .text          0x00000092        0x0 ./MCAL/TIMER0/TIMER0_program.o
 .text          0x00000092        0x0 ./MCAL/GPIO/GPIO_program.o
 .text          0x00000092        0x0 ./MCAL/EXT_INT/EXT_INT_program.o
 .text          0x00000092        0x0 ./MCAL/ADC/ADC_config.o
 .text          0x00000092        0x0 ./MCAL/ADC/ADC_program.o
 .text          0x00000092        0x0 ./HAL/Potentiometer/POT_program.o
 .text          0x00000092        0x0 ./HAL/LED/LED_program.o
 .text          0x00000092        0x0 ./HAL/LCD/LCD_program.o
 .text          0x00000092        0x0 ./HAL/KEYPAD/Keypad_program.o
 .text          0x00000092        0x0 ./HAL/Buzzer/Buzzer_program.o
 .text          0x00000092        0x0 ./HAL/BUTTON/BUTTON_program.o
 .text          0x00000092        0x0 ./Application/Application_program.o
 .text          0x00000092        0x0 ./main.o
 .text          0x00000092        0x0 c:/winavr-20100110/bin/../lib/gcc/avr/4.3.3/avr5\libgcc.a(_exit.o)
 .text          0x00000092        0x0 c:/winavr-20100110/bin/../lib/gcc/avr/4.3.3/avr5\libgcc.a(_copy_data.o)
 .text          0x00000092        0x0 c:/winavr-20100110/bin/../lib/gcc/avr/4.3.3/avr5\libgcc.a(_clear_bss.o)
 .text          0x00000092       0x58 c:/winavr-20100110/bin/../lib/gcc/avr/4.3.3/avr5\libgcc.a(_fixunssfsi.o)
                0x00000092                __fixunssfsi
 .text          0x000000ea      0x354 c:/winavr-20100110/bin/../lib/gcc/avr/4.3.3/avr5\libgcc.a(_addsub_sf.o)
                0x00000382                __subsf3
                0x000003e4                __addsf3
 .text          0x0000043e      0x1f4 c:/winavr-20100110/bin/../lib/gcc/avr/4.3.3/avr5\libgcc.a(_mul_sf.o)
                0x0000043e                __mulsf3
 .text          0x00000632       0x60 c:/winavr-20100110/bin/../lib/gcc/avr/4.3.3/avr5\libgcc.a(_gt_sf.o)
                0x00000632                __gtsf2
 .text          0x00000692       0x60 c:/winavr-20100110/bin/../lib/gcc/avr/4.3.3/avr5\libgcc.a(_ge_sf.o)
                0x00000692                __gesf2
 .text          0x000006f2       0x60 c:/winavr-20100110/bin/../lib/gcc/avr/4.3.3/avr5\libgcc.a(_lt_sf.o)
                0x000006f2                __ltsf2
 .text          0x00000752       0xa8 c:/winavr-20100110/bin/../lib/gcc/avr/4.3.3/avr5\libgcc.a(_sf_to_si.o)
                0x00000752                __fixsfsi
 .text          0x000007fa        0x0 c:/winavr-20100110/bin/../lib/gcc/avr/4.3.3/avr5\libgcc.a(_thenan_sf.o)
 .text          0x000007fa        0x0 c:/winavr-20100110/bin/../lib/gcc/avr/4.3.3/avr5\libgcc.a(_prologue.o)
 .text          0x000007fa        0x0 c:/winavr-20100110/bin/../lib/gcc/avr/4.3.3/avr5\libgcc.a(_epilogue.o)
 .text          0x000007fa      0x1aa c:/winavr-20100110/bin/../lib/gcc/avr/4.3.3/avr5\libgcc.a(_pack_sf.o)
                0x000007fa                __pack_f
 .text          0x000009a4       0xf0 c:/winavr-20100110/bin/../lib/gcc/avr/4.3.3/avr5\libgcc.a(_unpack_sf.o)
                0x000009a4                __unpack_f
 .text          0x00000a94       0xb2 c:/winavr-20100110/bin/../lib/gcc/avr/4.3.3/avr5\libgcc.a(_fpcmp_parts_sf.o)
                0x00000a94                __fpcmp_parts_f
 .text          0x00000b46        0x0 c:/winavr-20100110/bin/../lib/gcc/avr/4.3.3/../../../../avr/lib/avr5\libc.a(itoa.o)
 .text          0x00000b46        0x0 c:/winavr-20100110/bin/../lib/gcc/avr/4.3.3/../../../../avr/lib/avr5\libc.a(strrev.o)
 .text          0x00000b46        0x0 c:/winavr-20100110/bin/../lib/gcc/avr/4.3.3/avr5\libgcc.a(_udivmodhi4.o)
                0x00000b46                . = ALIGN (0x2)
 *(.text.*)
 .text.Timer0_SetCallBack
                0x00000b46       0x24 ./MCAL/TIMER0/TIMER0_program.o
                0x00000b46                Timer0_SetCallBack
 .text.__vector_11
                0x00000b6a       0x66 ./MCAL/TIMER0/TIMER0_program.o
                0x00000b6a                __vector_11
 .text.Timer0_Init
                0x00000bd0       0x5a ./MCAL/TIMER0/TIMER0_program.o
                0x00000bd0                Timer0_Init
 .text.Timer0_UpdateValue
                0x00000c2a       0x1c ./MCAL/TIMER0/TIMER0_program.o
                0x00000c2a                Timer0_UpdateValue
 .text.Timer0_StopClock
                0x00000c46       0x1c ./MCAL/TIMER0/TIMER0_program.o
                0x00000c46                Timer0_StopClock
 .text.Timer0_ProvideClock
                0x00000c62       0x24 ./MCAL/TIMER0/TIMER0_program.o
                0x00000c62                Timer0_ProvideClock
 .text.Timer0_DelayOVFInterrupt
                0x00000c86       0x12 ./MCAL/TIMER0/TIMER0_program.o
                0x00000c86                Timer0_DelayOVFInterrupt
 .text.Timer0_OVFDisableInterrupt
                0x00000c98       0x1c ./MCAL/TIMER0/TIMER0_program.o
                0x00000c98                Timer0_OVFDisableInterrupt
 .text.Timer0_OVFEnableInterrupt
                0x00000cb4       0x1c ./MCAL/TIMER0/TIMER0_program.o
                0x00000cb4                Timer0_OVFEnableInterrupt
 .text.GPIO_init
                0x00000cd0       0xcc ./MCAL/GPIO/GPIO_program.o
                0x00000cd0                GPIO_init
 .text.GPIO_SetPinDirection
                0x00000d9c      0x3dc ./MCAL/GPIO/GPIO_program.o
                0x00000d9c                GPIO_SetPinDirection
 .text.GPIO_ReadPin
                0x00001178      0x136 ./MCAL/GPIO/GPIO_program.o
                0x00001178                GPIO_ReadPin
 .text.GPIO_WritePin
                0x000012ae      0x1f4 ./MCAL/GPIO/GPIO_program.o
                0x000012ae                GPIO_WritePin
 .text.GPIO_TogglePin
                0x000014a2      0x10a ./MCAL/GPIO/GPIO_program.o
                0x000014a2                GPIO_TogglePin
 .text.GPIO_SetPortDirection
                0x000015ac      0x152 ./MCAL/GPIO/GPIO_program.o
                0x000015ac                GPIO_SetPortDirection
 .text.GPIO_ReadPort
                0x000016fe       0x8a ./MCAL/GPIO/GPIO_program.o
                0x000016fe                GPIO_ReadPort
 .text.GPIO_WritePort
                0x00001788       0x88 ./MCAL/GPIO/GPIO_program.o
                0x00001788                GPIO_WritePort
 .text.GPIO_TogglePort
                0x00001810       0x9e ./MCAL/GPIO/GPIO_program.o
                0x00001810                GPIO_TogglePort
 .text.__vector_1
                0x000018ae       0x66 ./MCAL/EXT_INT/EXT_INT_program.o
                0x000018ae                __vector_1
 .text.__vector_2
                0x00001914       0x66 ./MCAL/EXT_INT/EXT_INT_program.o
                0x00001914                __vector_2
 .text.__vector_3
                0x0000197a       0x66 ./MCAL/EXT_INT/EXT_INT_program.o
                0x0000197a                __vector_3
 .text.INT0_SetCallBack
                0x000019e0       0x24 ./MCAL/EXT_INT/EXT_INT_program.o
                0x000019e0                INT0_SetCallBack
 .text.INT1_SetCallBack
                0x00001a04       0x24 ./MCAL/EXT_INT/EXT_INT_program.o
                0x00001a04                INT1_SetCallBack
 .text.INT2_SetCallBack
                0x00001a28       0x24 ./MCAL/EXT_INT/EXT_INT_program.o
                0x00001a28                INT2_SetCallBack
 .text.INT0_init
                0x00001a4c       0x44 ./MCAL/EXT_INT/EXT_INT_program.o
                0x00001a4c                INT0_init
 .text.INT1_init
                0x00001a90       0x50 ./MCAL/EXT_INT/EXT_INT_program.o
                0x00001a90                INT1_init
 .text.INT2_init
                0x00001ae0       0x5a ./MCAL/EXT_INT/EXT_INT_program.o
                0x00001ae0                INT2_init
 .text.INT0_DeInit
                0x00001b3a       0x1c ./MCAL/EXT_INT/EXT_INT_program.o
                0x00001b3a                INT0_DeInit
 .text.INT1_DeInit
                0x00001b56       0x1c ./MCAL/EXT_INT/EXT_INT_program.o
                0x00001b56                INT1_DeInit
 .text.INT2_DeInit
                0x00001b72       0x1c ./MCAL/EXT_INT/EXT_INT_program.o
                0x00001b72                INT2_DeInit
 .text.ADC_OnlyStartConversionGeneral
                0x00001b8e       0x3c ./MCAL/ADC/ADC_program.o
                0x00001b8e                ADC_OnlyStartConversionGeneral
 .text.ADC_Init
                0x00001bca      0x10a ./MCAL/ADC/ADC_program.o
                0x00001bca                ADC_Init
 .text.ADC_ReadChannelSingleConvertion
                0x00001cd4       0x4e ./MCAL/ADC/ADC_program.o
                0x00001cd4                ADC_ReadChannelSingleConvertion
 .text.ADC_FreeRunningStart
                0x00001d22       0x1a ./MCAL/ADC/ADC_program.o
                0x00001d22                ADC_FreeRunningStart
 .text.ADC_ReadConversionRegister
                0x00001d3c       0x92 ./MCAL/ADC/ADC_program.o
                0x00001d3c                ADC_ReadConversionRegister
 .text.POT_Init
                0x00001dce       0x1e ./HAL/Potentiometer/POT_program.o
                0x00001dce                POT_Init
 .text.POT_GetValue
                0x00001dec       0x1a ./HAL/Potentiometer/POT_program.o
                0x00001dec                POT_GetValue
 .text.LED_Init
                0x00001e06       0x22 ./HAL/LED/LED_program.o
                0x00001e06                LED_Init
 .text.LED_OnOffPositiveLogic
                0x00001e28       0x40 ./HAL/LED/LED_program.o
                0x00001e28                LED_OnOffPositiveLogic
 .text.LED_OnOffNegativeLogic
                0x00001e68       0x40 ./HAL/LED/LED_program.o
                0x00001e68                LED_OnOffNegativeLogic
 .text.LED_Toggle
                0x00001ea8       0x20 ./HAL/LED/LED_program.o
                0x00001ea8                LED_Toggle
 .text.LCD_init
                0x00001ec8       0x62 ./HAL/LCD/LCD_program.o
                0x00001ec8                LCD_init
 .text.LCD_SendCommand
                0x00001f2a      0x8c0 ./HAL/LCD/LCD_program.o
                0x00001f2a                LCD_SendCommand
 .text.LCD_DisplayCharacter
                0x000027ea      0x8ec ./HAL/LCD/LCD_program.o
                0x000027ea                LCD_DisplayCharacter
 .text.LCD_DisplayString
                0x000030d6       0x52 ./HAL/LCD/LCD_program.o
                0x000030d6                LCD_DisplayString
 .text.LCD_MoveCursor
                0x00003128       0xb2 ./HAL/LCD/LCD_program.o
                0x00003128                LCD_MoveCursor
 .text.LCD_DisplayStringRowCol
                0x000031da       0x32 ./HAL/LCD/LCD_program.o
                0x000031da                LCD_DisplayStringRowCol
 .text.LCD_ClearScreen
                0x0000320c       0x1c ./HAL/LCD/LCD_program.o
                0x0000320c                LCD_ClearScreen
 .text.LCD_MoveCursorRight
                0x00003228       0xc4 ./HAL/LCD/LCD_program.o
                0x00003228                LCD_MoveCursorRight
 .text.LCD_MoveCursorLeft
                0x000032ec       0xcc ./HAL/LCD/LCD_program.o
                0x000032ec                LCD_MoveCursorLeft
 .text.LCD_ShitEntireDisplayRight
                0x000033b8       0x14 ./HAL/LCD/LCD_program.o
                0x000033b8                LCD_ShitEntireDisplayRight
 .text.LCD_ShitEntireDisplayLeft
                0x000033cc       0x14 ./HAL/LCD/LCD_program.o
                0x000033cc                LCD_ShitEntireDisplayLeft
 .text.LCD_GenerateCharacterCGRAM
                0x000033e0       0x5e ./HAL/LCD/LCD_program.o
                0x000033e0                LCD_GenerateCharacterCGRAM
 .text.LCD_DisplayCustomCharacter
                0x0000343e       0x1a ./HAL/LCD/LCD_program.o
                0x0000343e                LCD_DisplayCustomCharacter
 .text.LCD_DisplayCustomCharacterRowCol
                0x00003458       0x2c ./HAL/LCD/LCD_program.o
                0x00003458                LCD_DisplayCustomCharacterRowCol
 .text.LCD_intToString
                0x00003484       0x4a ./HAL/LCD/LCD_program.o
                0x00003484                LCD_intToString
 .text.Keypad_4X3_AdjustKeyNumber
                0x000034ce       0x68 ./HAL/KEYPAD/Keypad_program.o
 .text.Keypad_init
                0x00003536       0x7c ./HAL/KEYPAD/Keypad_program.o
                0x00003536                Keypad_init
 .text.Keypad_GetPressedKey
                0x000035b2       0xec ./HAL/KEYPAD/Keypad_program.o
                0x000035b2                Keypad_GetPressedKey
 .text.Buzzer_Init
                0x0000369e       0x22 ./HAL/Buzzer/Buzzer_program.o
                0x0000369e                Buzzer_Init
 .text.Buzzer_OnOffPositiveLogic
                0x000036c0       0x40 ./HAL/Buzzer/Buzzer_program.o
                0x000036c0                Buzzer_OnOffPositiveLogic
 .text.Buzzer_OnOffNegativeLogic
                0x00003700       0x40 ./HAL/Buzzer/Buzzer_program.o
                0x00003700                Buzzer_OnOffNegativeLogic
 .text.Buzzer_Toggle
                0x00003740       0x20 ./HAL/Buzzer/Buzzer_program.o
                0x00003740                Buzzer_Toggle
 .text.BUTTON_Init
                0x00003760       0x28 ./HAL/BUTTON/BUTTON_program.o
                0x00003760                BUTTON_Init
 .text.BUTTON_GetValue
                0x00003788       0x20 ./HAL/BUTTON/BUTTON_program.o
                0x00003788                BUTTON_GetValue
 .text.A_APPLICATION_VOID_INIT
                0x000037a8       0x8a ./Application/Application_program.o
                0x000037a8                A_APPLICATION_VOID_INIT
 .text.A_APPLICATION_VOID_MAIN_LCD_SCREEN_SELECT
                0x00003832       0x16 ./Application/Application_program.o
                0x00003832                A_APPLICATION_VOID_MAIN_LCD_SCREEN_SELECT
 .text.A_APPLICATION_VOID_KEYPAD_BUTTON_READ
                0x00003848       0xb2 ./Application/Application_program.o
                0x00003848                A_APPLICATION_VOID_KEYPAD_BUTTON_READ
 .text.A_APPLICATION_VOID_MAIN_LCD_LOAD
                0x000038fa      0x1c8 ./Application/Application_program.o
                0x000038fa                A_APPLICATION_VOID_MAIN_LCD_LOAD
 .text.A_APPLICATION_VOID_MAIN_LCD_STATICS
                0x00003ac2       0x4a ./Application/Application_program.o
                0x00003ac2                A_APPLICATION_VOID_MAIN_LCD_STATICS
 .text.A_APPLICATION_VOID_GBX_CHANGE
                0x00003b0c       0x3e ./Application/Application_program.o
                0x00003b0c                A_APPLICATION_VOID_GBX_CHANGE
 .text.A_APPLICATION_VOID_GBX_DISPLAY
                0x00003b4a       0x9e ./Application/Application_program.o
                0x00003b4a                A_APPLICATION_VOID_GBX_DISPLAY
 .text.A_APPLICATION_VOID_ALERT_INVERTED
                0x00003be8       0x54 ./Application/Application_program.o
                0x00003be8                A_APPLICATION_VOID_ALERT_INVERTED
 .text.A_APPLICATION_VOID_SCREEN_SCROLL_RIGHT
                0x00003c3c       0x3e ./Application/Application_program.o
                0x00003c3c                A_APPLICATION_VOID_SCREEN_SCROLL_RIGHT
 .text.A_APPLICATION_VOID_SCREEN_SCROLL_LEFT
                0x00003c7a       0x3e ./Application/Application_program.o
                0x00003c7a                A_APPLICATION_VOID_SCREEN_SCROLL_LEFT
 .text.A_APPLICATION_VOID_LCD_PAGE_DISPLAY_R2L
                0x00003cb8      0x142 ./Application/Application_program.o
                0x00003cb8                A_APPLICATION_VOID_LCD_PAGE_DISPLAY_R2L
 .text.A_APPLICATION_VOID_LCD_PAGE_DISPLAY_L2R
                0x00003dfa      0x140 ./Application/Application_program.o
                0x00003dfa                A_APPLICATION_VOID_LCD_PAGE_DISPLAY_L2R
 .text.A_APPLICATION_VOID_LCD_VARIABLE_CLEAR
                0x00003f3a       0x2e ./Application/Application_program.o
                0x00003f3a                A_APPLICATION_VOID_LCD_VARIABLE_CLEAR
 .text.A_APPLICATION_VOID_BA_CHANGE
                0x00003f68       0x94 ./Application/Application_program.o
                0x00003f68                A_APPLICATION_VOID_BA_CHANGE
 .text.A_APPLICATION_VOID_CCS_CHANGE
                0x00003ffc       0x8c ./Application/Application_program.o
                0x00003ffc                A_APPLICATION_VOID_CCS_CHANGE
 .text.A_APPLICATION_VOID_SL_CHANGE
                0x00004088       0x6c ./Application/Application_program.o
                0x00004088                A_APPLICATION_VOID_SL_CHANGE
 .text.main     0x000040f4       0x22 ./main.o
                0x000040f4                main
 .text.libgcc   0x00004116        0x0 c:/winavr-20100110/bin/../lib/gcc/avr/4.3.3/avr5\libgcc.a(_exit.o)
 .text.libgcc   0x00004116        0x0 c:/winavr-20100110/bin/../lib/gcc/avr/4.3.3/avr5\libgcc.a(_copy_data.o)
 .text.libgcc   0x00004116        0x0 c:/winavr-20100110/bin/../lib/gcc/avr/4.3.3/avr5\libgcc.a(_clear_bss.o)
 .text.libgcc   0x00004116       0x38 c:/winavr-20100110/bin/../lib/gcc/avr/4.3.3/avr5\libgcc.a(_prologue.o)
                0x00004116                __prologue_saves__
 .text.libgcc   0x0000414e       0x36 c:/winavr-20100110/bin/../lib/gcc/avr/4.3.3/avr5\libgcc.a(_epilogue.o)
                0x0000414e                __epilogue_restores__
 .text.avr-libc
                0x00004184       0x42 c:/winavr-20100110/bin/../lib/gcc/avr/4.3.3/../../../../avr/lib/avr5\libc.a(itoa.o)
                0x00004184                itoa
 .text.avr-libc
                0x000041c6       0x20 c:/winavr-20100110/bin/../lib/gcc/avr/4.3.3/../../../../avr/lib/avr5\libc.a(strrev.o)
                0x000041c6                strrev
 .text.libgcc   0x000041e6       0x28 c:/winavr-20100110/bin/../lib/gcc/avr/4.3.3/avr5\libgcc.a(_udivmodhi4.o)
                0x000041e6                __udivmodhi4
                0x0000420e                . = ALIGN (0x2)
 *(.fini9)
 .fini9         0x0000420e        0x0 c:/winavr-20100110/bin/../lib/gcc/avr/4.3.3/avr5\libgcc.a(_exit.o)
                0x0000420e                exit
                0x0000420e                _exit
 *(.fini9)
 *(.fini8)
 *(.fini8)
 *(.fini7)
 *(.fini7)
 *(.fini6)
 *(.fini6)
 *(.fini5)
 *(.fini5)
 *(.fini4)
 *(.fini4)
 *(.fini3)
 *(.fini3)
 *(.fini2)
 *(.fini2)
 *(.fini1)
 *(.fini1)
 *(.fini0)
 .fini0         0x0000420e        0x4 c:/winavr-20100110/bin/../lib/gcc/avr/4.3.3/avr5\libgcc.a(_exit.o)
 *(.fini0)
                0x00004212                _etext = .

.data           0x00800060       0xb4 load address 0x00004212
                0x00800060                PROVIDE (__data_start, .)
 *(.data)
 .data          0x00800060        0x0 c:/winavr-20100110/bin/../lib/gcc/avr/4.3.3/../../../../avr/lib/avr5/crtm16.o
 .data          0x00800060        0x0 ./MCAL/TIMER0/TIMER0_config.o
 .data          0x00800060        0x0 ./MCAL/TIMER0/TIMER0_program.o
 .data          0x00800060        0x0 ./MCAL/GPIO/GPIO_program.o
 .data          0x00800060        0x0 ./MCAL/EXT_INT/EXT_INT_program.o
 .data          0x00800060        0x0 ./MCAL/ADC/ADC_config.o
 .data          0x00800060        0x0 ./MCAL/ADC/ADC_program.o
 .data          0x00800060        0x0 ./HAL/Potentiometer/POT_program.o
 .data          0x00800060        0x0 ./HAL/LED/LED_program.o
 .data          0x00800060        0x0 ./HAL/LCD/LCD_program.o
 .data          0x00800060        0x0 ./HAL/KEYPAD/Keypad_program.o
 .data          0x00800060        0x0 ./HAL/Buzzer/Buzzer_program.o
 .data          0x00800060        0x0 ./HAL/BUTTON/BUTTON_program.o
 .data          0x00800060       0x4a ./Application/Application_program.o
 .data          0x008000aa        0x0 ./main.o
 .data          0x008000aa        0x0 c:/winavr-20100110/bin/../lib/gcc/avr/4.3.3/avr5\libgcc.a(_exit.o)
 .data          0x008000aa        0x0 c:/winavr-20100110/bin/../lib/gcc/avr/4.3.3/avr5\libgcc.a(_copy_data.o)
 .data          0x008000aa        0x0 c:/winavr-20100110/bin/../lib/gcc/avr/4.3.3/avr5\libgcc.a(_clear_bss.o)
 .data          0x008000aa        0x0 c:/winavr-20100110/bin/../lib/gcc/avr/4.3.3/avr5\libgcc.a(_fixunssfsi.o)
 .data          0x008000aa        0x0 c:/winavr-20100110/bin/../lib/gcc/avr/4.3.3/avr5\libgcc.a(_addsub_sf.o)
 .data          0x008000aa        0x0 c:/winavr-20100110/bin/../lib/gcc/avr/4.3.3/avr5\libgcc.a(_mul_sf.o)
 .data          0x008000aa        0x0 c:/winavr-20100110/bin/../lib/gcc/avr/4.3.3/avr5\libgcc.a(_gt_sf.o)
 .data          0x008000aa        0x0 c:/winavr-20100110/bin/../lib/gcc/avr/4.3.3/avr5\libgcc.a(_ge_sf.o)
 .data          0x008000aa        0x0 c:/winavr-20100110/bin/../lib/gcc/avr/4.3.3/avr5\libgcc.a(_lt_sf.o)
 .data          0x008000aa        0x0 c:/winavr-20100110/bin/../lib/gcc/avr/4.3.3/avr5\libgcc.a(_sf_to_si.o)
 .data          0x008000aa        0x8 c:/winavr-20100110/bin/../lib/gcc/avr/4.3.3/avr5\libgcc.a(_thenan_sf.o)
                0x008000aa                __thenan_sf
 .data          0x008000b2        0x0 c:/winavr-20100110/bin/../lib/gcc/avr/4.3.3/avr5\libgcc.a(_prologue.o)
 .data          0x008000b2        0x0 c:/winavr-20100110/bin/../lib/gcc/avr/4.3.3/avr5\libgcc.a(_epilogue.o)
 .data          0x008000b2        0x0 c:/winavr-20100110/bin/../lib/gcc/avr/4.3.3/avr5\libgcc.a(_pack_sf.o)
 .data          0x008000b2        0x0 c:/winavr-20100110/bin/../lib/gcc/avr/4.3.3/avr5\libgcc.a(_unpack_sf.o)
 .data          0x008000b2        0x0 c:/winavr-20100110/bin/../lib/gcc/avr/4.3.3/avr5\libgcc.a(_fpcmp_parts_sf.o)
 .data          0x008000b2        0x0 c:/winavr-20100110/bin/../lib/gcc/avr/4.3.3/../../../../avr/lib/avr5\libc.a(itoa.o)
 .data          0x008000b2        0x0 c:/winavr-20100110/bin/../lib/gcc/avr/4.3.3/../../../../avr/lib/avr5\libc.a(strrev.o)
 .data          0x008000b2        0x0 c:/winavr-20100110/bin/../lib/gcc/avr/4.3.3/avr5\libgcc.a(_udivmodhi4.o)
 *(.data*)
 .data.TIMER0_ConfigTypeParam
                0x008000b2        0x1 ./MCAL/TIMER0/TIMER0_config.o
                0x008000b2                TIMER0_ConfigTypeParam
 .data.GPIO_configParam
                0x008000b3        0x3 ./MCAL/GPIO/GPIO_program.o
                0x008000b3                GPIO_configParam
 .data.ADC_ConfigTypeParam
                0x008000b6        0x5 ./MCAL/ADC/ADC_config.o
                0x008000b6                ADC_ConfigTypeParam
 .data.HeartCustomCharacter
                0x008000bb        0x8 ./HAL/LCD/LCD_program.o
                0x008000bb                HeartCustomCharacter
 .data.BatteryCharge
                0x008000c3        0x8 ./HAL/LCD/LCD_program.o
                0x008000c3                BatteryCharge
 .data.sequelizeCOL
                0x008000cb        0x3 ./HAL/KEYPAD/Keypad_program.o
                0x008000cb                sequelizeCOL
 .data.sequelizeROW
                0x008000ce        0x4 ./HAL/KEYPAD/Keypad_program.o
                0x008000ce                sequelizeROW
 .data.KEYPAD_PRESSED
                0x008000d2        0x1 ./Application/Application_program.o
                0x008000d2                KEYPAD_PRESSED
 .data.GBX_SELECTED
                0x008000d3        0x8 ./Application/Application_program.o
                0x008000d3                GBX_SELECTED
 .data.PAGE_SELECTED
                0x008000db        0x8 ./Application/Application_program.o
                0x008000db                PAGE_SELECTED
 .data.PAGE_NOT_SELECTED
                0x008000e3        0x8 ./Application/Application_program.o
                0x008000e3                PAGE_NOT_SELECTED
 .data.INVERTED_A
                0x008000eb        0x8 ./Application/Application_program.o
                0x008000eb                INVERTED_A
 .data.INVERTED_L
                0x008000f3        0x8 ./Application/Application_program.o
                0x008000f3                INVERTED_L
 .data.INVERTED_E
                0x008000fb        0x8 ./Application/Application_program.o
                0x008000fb                INVERTED_E
 .data.INVERTED_R
                0x00800103        0x8 ./Application/Application_program.o
                0x00800103                INVERTED_R
 .data.INVERTED_T
                0x0080010b        0x8 ./Application/Application_program.o
                0x0080010b                INVERTED_T
 *(.rodata)
 *(.rodata*)
 *(.gnu.linkonce.d*)
                0x00800114                . = ALIGN (0x2)
 *fill*         0x00800113        0x1 00
                0x00800114                _edata = .
                0x00800114                PROVIDE (__data_end, .)

.bss            0x00800114       0x1b
                0x00800114                PROVIDE (__bss_start, .)
 *(.bss)
 .bss           0x00800114        0x0 c:/winavr-20100110/bin/../lib/gcc/avr/4.3.3/../../../../avr/lib/avr5/crtm16.o
 .bss           0x00800114        0x0 ./MCAL/TIMER0/TIMER0_config.o
 .bss           0x00800114        0x0 ./MCAL/TIMER0/TIMER0_program.o
 .bss           0x00800114        0x0 ./MCAL/GPIO/GPIO_program.o
 .bss           0x00800114        0x0 ./MCAL/EXT_INT/EXT_INT_program.o
 .bss           0x00800114        0x0 ./MCAL/ADC/ADC_config.o
 .bss           0x00800114        0x0 ./MCAL/ADC/ADC_program.o
 .bss           0x00800114        0x0 ./HAL/Potentiometer/POT_program.o
 .bss           0x00800114        0x0 ./HAL/LED/LED_program.o
 .bss           0x00800114        0x0 ./HAL/LCD/LCD_program.o
 .bss           0x00800114        0x0 ./HAL/KEYPAD/Keypad_program.o
 .bss           0x00800114        0x0 ./HAL/Buzzer/Buzzer_program.o
 .bss           0x00800114        0x0 ./HAL/BUTTON/BUTTON_program.o
 .bss           0x00800114        0x0 ./Application/Application_program.o
 .bss           0x00800114        0x0 ./main.o
 .bss           0x00800114        0x0 c:/winavr-20100110/bin/../lib/gcc/avr/4.3.3/avr5\libgcc.a(_exit.o)
 .bss           0x00800114        0x0 c:/winavr-20100110/bin/../lib/gcc/avr/4.3.3/avr5\libgcc.a(_copy_data.o)
 .bss           0x00800114        0x0 c:/winavr-20100110/bin/../lib/gcc/avr/4.3.3/avr5\libgcc.a(_clear_bss.o)
 .bss           0x00800114        0x0 c:/winavr-20100110/bin/../lib/gcc/avr/4.3.3/avr5\libgcc.a(_fixunssfsi.o)
 .bss           0x00800114        0x0 c:/winavr-20100110/bin/../lib/gcc/avr/4.3.3/avr5\libgcc.a(_addsub_sf.o)
 .bss           0x00800114        0x0 c:/winavr-20100110/bin/../lib/gcc/avr/4.3.3/avr5\libgcc.a(_mul_sf.o)
 .bss           0x00800114        0x0 c:/winavr-20100110/bin/../lib/gcc/avr/4.3.3/avr5\libgcc.a(_gt_sf.o)
 .bss           0x00800114        0x0 c:/winavr-20100110/bin/../lib/gcc/avr/4.3.3/avr5\libgcc.a(_ge_sf.o)
 .bss           0x00800114        0x0 c:/winavr-20100110/bin/../lib/gcc/avr/4.3.3/avr5\libgcc.a(_lt_sf.o)
 .bss           0x00800114        0x0 c:/winavr-20100110/bin/../lib/gcc/avr/4.3.3/avr5\libgcc.a(_sf_to_si.o)
 .bss           0x00800114        0x0 c:/winavr-20100110/bin/../lib/gcc/avr/4.3.3/avr5\libgcc.a(_thenan_sf.o)
 .bss           0x00800114        0x0 c:/winavr-20100110/bin/../lib/gcc/avr/4.3.3/avr5\libgcc.a(_prologue.o)
 .bss           0x00800114        0x0 c:/winavr-20100110/bin/../lib/gcc/avr/4.3.3/avr5\libgcc.a(_epilogue.o)
 .bss           0x00800114        0x0 c:/winavr-20100110/bin/../lib/gcc/avr/4.3.3/avr5\libgcc.a(_pack_sf.o)
 .bss           0x00800114        0x0 c:/winavr-20100110/bin/../lib/gcc/avr/4.3.3/avr5\libgcc.a(_unpack_sf.o)
 .bss           0x00800114        0x0 c:/winavr-20100110/bin/../lib/gcc/avr/4.3.3/avr5\libgcc.a(_fpcmp_parts_sf.o)
 .bss           0x00800114        0x0 c:/winavr-20100110/bin/../lib/gcc/avr/4.3.3/../../../../avr/lib/avr5\libc.a(itoa.o)
 .bss           0x00800114        0x0 c:/winavr-20100110/bin/../lib/gcc/avr/4.3.3/../../../../avr/lib/avr5\libc.a(strrev.o)
 .bss           0x00800114        0x0 c:/winavr-20100110/bin/../lib/gcc/avr/4.3.3/avr5\libgcc.a(_udivmodhi4.o)
 *(.bss*)
 .bss.g_CallBackPtr_T0
                0x00800114        0x2 ./MCAL/TIMER0/TIMER0_program.o
 .bss.g_CallBackPtr_INT0
                0x00800116        0x2 ./MCAL/EXT_INT/EXT_INT_program.o
 .bss.g_CallBackPtr_INT1
                0x00800118        0x2 ./MCAL/EXT_INT/EXT_INT_program.o
 .bss.g_CallBackPtr_INT2
                0x0080011a        0x2 ./MCAL/EXT_INT/EXT_INT_program.o
 .bss.ADC_conversion_value
                0x0080011c        0x2 ./MCAL/ADC/ADC_program.o
                0x0080011c                ADC_conversion_value
 .bss.row_global
                0x0080011e        0x1 ./HAL/LCD/LCD_program.o
 .bss.col_global
                0x0080011f        0x1 ./HAL/LCD/LCD_program.o
 .bss.LCD_PAGE_STATE
                0x00800120        0x1 ./Application/Application_program.o
                0x00800120                LCD_PAGE_STATE
 .bss.BA_STATE  0x00800121        0x1 ./Application/Application_program.o
                0x00800121                BA_STATE
 .bss.CCS_STATE
                0x00800122        0x1 ./Application/Application_program.o
                0x00800122                CCS_STATE
 .bss.SL_STATE  0x00800123        0x1 ./Application/Application_program.o
                0x00800123                SL_STATE
 .bss.GBX_STATE
                0x00800124        0x1 ./Application/Application_program.o
                0x00800124                GBX_STATE
 .bss.GBX_IS_STILL_PRESSED
                0x00800125        0x1 ./Application/Application_program.o
                0x00800125                GBX_IS_STILL_PRESSED
 .bss.SCREEN_RIGHT_SCROLL_IS_STILL_PRESSED
                0x00800126        0x1 ./Application/Application_program.o
                0x00800126                SCREEN_RIGHT_SCROLL_IS_STILL_PRESSED
 .bss.SCREEN_LEFT_SCROLL_IS_STILL_PRESSED
                0x00800127        0x1 ./Application/Application_program.o
                0x00800127                SCREEN_LEFT_SCROLL_IS_STILL_PRESSED
 .bss.BA_IS_STILL_PRESSED
                0x00800128        0x1 ./Application/Application_program.o
                0x00800128                BA_IS_STILL_PRESSED
 .bss.CCS_IS_STILL_PRESSED
                0x00800129        0x1 ./Application/Application_program.o
                0x00800129                CCS_IS_STILL_PRESSED
 .bss.SL_IS_STILL_PRESSED
                0x0080012a        0x1 ./Application/Application_program.o
                0x0080012a                SL_IS_STILL_PRESSED
 .bss.counter.1795
                0x0080012b        0x1 ./Application/Application_program.o
 .bss.counter.1812
                0x0080012c        0x1 ./Application/Application_program.o
 .bss.counter.1829
                0x0080012d        0x1 ./Application/Application_program.o
 .bss.Adc_value_pure
                0x0080012e        0x1 ./main.o
                0x0080012e                Adc_value_pure
 *(COMMON)
                0x0080012f                PROVIDE (__bss_end, .)
                0x00004212                __data_load_start = LOADADDR (.data)
                0x000042c6                __data_load_end = (__data_load_start + SIZEOF (.data))

.noinit         0x0080012f        0x0
                0x0080012f                PROVIDE (__noinit_start, .)
 *(.noinit*)
                0x0080012f                PROVIDE (__noinit_end, .)
                0x0080012f                _end = .
                0x0080012f                PROVIDE (__heap_start, .)

.eeprom         0x00810000        0x0
 *(.eeprom*)
                0x00810000                __eeprom_end = .

.fuse
 *(.fuse)
 *(.lfuse)
 *(.hfuse)
 *(.efuse)

.lock
 *(.lock*)

.signature
 *(.signature*)

.stab           0x00000000     0x58c8
 *(.stab)
 .stab          0x00000000      0x12c ./MCAL/TIMER0/TIMER0_config.o
 .stab          0x0000012c      0x438 ./MCAL/TIMER0/TIMER0_program.o
                                0x474 (size before relaxing)
 .stab          0x00000564      0xab0 ./MCAL/GPIO/GPIO_program.o
                                0xabc (size before relaxing)
 .stab          0x00001014      0x588 ./MCAL/EXT_INT/EXT_INT_program.o
                                0x594 (size before relaxing)
 .stab          0x0000159c      0x180 ./MCAL/ADC/ADC_config.o
                                0x18c (size before relaxing)
 .stab          0x0000171c      0x4a4 ./MCAL/ADC/ADC_program.o
                                0x540 (size before relaxing)
 .stab          0x00001bc0      0x264 ./HAL/Potentiometer/POT_program.o
                                0x270 (size before relaxing)
 .stab          0x00001e24      0x390 ./HAL/LED/LED_program.o
                                0x39c (size before relaxing)
 .stab          0x000021b4     0x16c8 ./HAL/LCD/LCD_program.o
                               0x16d4 (size before relaxing)
 .stab          0x0000387c      0x4bc ./HAL/KEYPAD/Keypad_program.o
                                0x4c8 (size before relaxing)
 .stab          0x00003d38      0x390 ./HAL/Buzzer/Buzzer_program.o
                                0x39c (size before relaxing)
 .stab          0x000040c8      0x294 ./HAL/BUTTON/BUTTON_program.o
                                0x2a0 (size before relaxing)
 .stab          0x0000435c     0x13b0 ./Application/Application_program.o
                               0x1548 (size before relaxing)
 .stab          0x0000570c      0x1bc ./main.o
                                0x414 (size before relaxing)

.stabstr        0x00000000     0x3736
 *(.stabstr)
 .stabstr       0x00000000     0x3736 ./MCAL/TIMER0/TIMER0_config.o

.stab.excl
 *(.stab.excl)

.stab.exclstr
 *(.stab.exclstr)

.stab.index
 *(.stab.index)

.stab.indexstr
 *(.stab.indexstr)

.comment
 *(.comment)

.debug
 *(.debug)

.line
 *(.line)

.debug_srcinfo
 *(.debug_srcinfo)

.debug_sfnames
 *(.debug_sfnames)

.debug_aranges  0x00000000      0x140
 *(.debug_aranges)
 .debug_aranges
                0x00000000       0x20 c:/winavr-20100110/bin/../lib/gcc/avr/4.3.3/avr5\libgcc.a(_fixunssfsi.o)
 .debug_aranges
                0x00000020       0x20 c:/winavr-20100110/bin/../lib/gcc/avr/4.3.3/avr5\libgcc.a(_addsub_sf.o)
 .debug_aranges
                0x00000040       0x20 c:/winavr-20100110/bin/../lib/gcc/avr/4.3.3/avr5\libgcc.a(_mul_sf.o)
 .debug_aranges
                0x00000060       0x20 c:/winavr-20100110/bin/../lib/gcc/avr/4.3.3/avr5\libgcc.a(_gt_sf.o)
 .debug_aranges
                0x00000080       0x20 c:/winavr-20100110/bin/../lib/gcc/avr/4.3.3/avr5\libgcc.a(_ge_sf.o)
 .debug_aranges
                0x000000a0       0x20 c:/winavr-20100110/bin/../lib/gcc/avr/4.3.3/avr5\libgcc.a(_lt_sf.o)
 .debug_aranges
                0x000000c0       0x20 c:/winavr-20100110/bin/../lib/gcc/avr/4.3.3/avr5\libgcc.a(_sf_to_si.o)
 .debug_aranges
                0x000000e0       0x20 c:/winavr-20100110/bin/../lib/gcc/avr/4.3.3/avr5\libgcc.a(_pack_sf.o)
 .debug_aranges
                0x00000100       0x20 c:/winavr-20100110/bin/../lib/gcc/avr/4.3.3/avr5\libgcc.a(_unpack_sf.o)
 .debug_aranges
                0x00000120       0x20 c:/winavr-20100110/bin/../lib/gcc/avr/4.3.3/avr5\libgcc.a(_fpcmp_parts_sf.o)

.debug_pubnames
                0x00000000      0x170
 *(.debug_pubnames)
 .debug_pubnames
                0x00000000       0x23 c:/winavr-20100110/bin/../lib/gcc/avr/4.3.3/avr5\libgcc.a(_fixunssfsi.o)
 .debug_pubnames
                0x00000023       0x2c c:/winavr-20100110/bin/../lib/gcc/avr/4.3.3/avr5\libgcc.a(_addsub_sf.o)
 .debug_pubnames
                0x0000004f       0x1f c:/winavr-20100110/bin/../lib/gcc/avr/4.3.3/avr5\libgcc.a(_mul_sf.o)
 .debug_pubnames
                0x0000006e       0x1e c:/winavr-20100110/bin/../lib/gcc/avr/4.3.3/avr5\libgcc.a(_gt_sf.o)
 .debug_pubnames
                0x0000008c       0x1e c:/winavr-20100110/bin/../lib/gcc/avr/4.3.3/avr5\libgcc.a(_ge_sf.o)
 .debug_pubnames
                0x000000aa       0x1e c:/winavr-20100110/bin/../lib/gcc/avr/4.3.3/avr5\libgcc.a(_lt_sf.o)
 .debug_pubnames
                0x000000c8       0x20 c:/winavr-20100110/bin/../lib/gcc/avr/4.3.3/avr5\libgcc.a(_sf_to_si.o)
 .debug_pubnames
                0x000000e8       0x22 c:/winavr-20100110/bin/../lib/gcc/avr/4.3.3/avr5\libgcc.a(_thenan_sf.o)
 .debug_pubnames
                0x0000010a       0x1f c:/winavr-20100110/bin/../lib/gcc/avr/4.3.3/avr5\libgcc.a(_pack_sf.o)
 .debug_pubnames
                0x00000129       0x21 c:/winavr-20100110/bin/../lib/gcc/avr/4.3.3/avr5\libgcc.a(_unpack_sf.o)
 .debug_pubnames
                0x0000014a       0x26 c:/winavr-20100110/bin/../lib/gcc/avr/4.3.3/avr5\libgcc.a(_fpcmp_parts_sf.o)

.debug_info     0x00000000     0x1c49
 *(.debug_info)
 .debug_info    0x00000000       0xb1 c:/winavr-20100110/bin/../lib/gcc/avr/4.3.3/avr5\libgcc.a(_fixunssfsi.o)
 .debug_info    0x000000b1      0x47a c:/winavr-20100110/bin/../lib/gcc/avr/4.3.3/avr5\libgcc.a(_addsub_sf.o)
 .debug_info    0x0000052b      0x485 c:/winavr-20100110/bin/../lib/gcc/avr/4.3.3/avr5\libgcc.a(_mul_sf.o)
 .debug_info    0x000009b0      0x27f c:/winavr-20100110/bin/../lib/gcc/avr/4.3.3/avr5\libgcc.a(_gt_sf.o)
 .debug_info    0x00000c2f      0x27f c:/winavr-20100110/bin/../lib/gcc/avr/4.3.3/avr5\libgcc.a(_ge_sf.o)
 .debug_info    0x00000eae      0x27f c:/winavr-20100110/bin/../lib/gcc/avr/4.3.3/avr5\libgcc.a(_lt_sf.o)
 .debug_info    0x0000112d      0x2b0 c:/winavr-20100110/bin/../lib/gcc/avr/4.3.3/avr5\libgcc.a(_sf_to_si.o)
 .debug_info    0x000013dd      0x12c c:/winavr-20100110/bin/../lib/gcc/avr/4.3.3/avr5\libgcc.a(_thenan_sf.o)
 .debug_info    0x00001509      0x2df c:/winavr-20100110/bin/../lib/gcc/avr/4.3.3/avr5\libgcc.a(_pack_sf.o)
 .debug_info    0x000017e8      0x251 c:/winavr-20100110/bin/../lib/gcc/avr/4.3.3/avr5\libgcc.a(_unpack_sf.o)
 .debug_info    0x00001a39      0x210 c:/winavr-20100110/bin/../lib/gcc/avr/4.3.3/avr5\libgcc.a(_fpcmp_parts_sf.o)
 *(.gnu.linkonce.wi.*)

.debug_abbrev   0x00000000      0xeeb
 *(.debug_abbrev)
 .debug_abbrev  0x00000000       0x5d c:/winavr-20100110/bin/../lib/gcc/avr/4.3.3/avr5\libgcc.a(_fixunssfsi.o)
 .debug_abbrev  0x0000005d      0x1ea c:/winavr-20100110/bin/../lib/gcc/avr/4.3.3/avr5\libgcc.a(_addsub_sf.o)
 .debug_abbrev  0x00000247      0x21b c:/winavr-20100110/bin/../lib/gcc/avr/4.3.3/avr5\libgcc.a(_mul_sf.o)
 .debug_abbrev  0x00000462      0x15a c:/winavr-20100110/bin/../lib/gcc/avr/4.3.3/avr5\libgcc.a(_gt_sf.o)
 .debug_abbrev  0x000005bc      0x15a c:/winavr-20100110/bin/../lib/gcc/avr/4.3.3/avr5\libgcc.a(_ge_sf.o)
 .debug_abbrev  0x00000716      0x15a c:/winavr-20100110/bin/../lib/gcc/avr/4.3.3/avr5\libgcc.a(_lt_sf.o)
 .debug_abbrev  0x00000870      0x17f c:/winavr-20100110/bin/../lib/gcc/avr/4.3.3/avr5\libgcc.a(_sf_to_si.o)
 .debug_abbrev  0x000009ef       0xad c:/winavr-20100110/bin/../lib/gcc/avr/4.3.3/avr5\libgcc.a(_thenan_sf.o)
 .debug_abbrev  0x00000a9c      0x1c0 c:/winavr-20100110/bin/../lib/gcc/avr/4.3.3/avr5\libgcc.a(_pack_sf.o)
 .debug_abbrev  0x00000c5c      0x154 c:/winavr-20100110/bin/../lib/gcc/avr/4.3.3/avr5\libgcc.a(_unpack_sf.o)
 .debug_abbrev  0x00000db0      0x13b c:/winavr-20100110/bin/../lib/gcc/avr/4.3.3/avr5\libgcc.a(_fpcmp_parts_sf.o)

.debug_line     0x00000000      0xdad
 *(.debug_line)
 .debug_line    0x00000000       0xa7 c:/winavr-20100110/bin/../lib/gcc/avr/4.3.3/avr5\libgcc.a(_fixunssfsi.o)
 .debug_line    0x000000a7      0x2af c:/winavr-20100110/bin/../lib/gcc/avr/4.3.3/avr5\libgcc.a(_addsub_sf.o)
 .debug_line    0x00000356      0x239 c:/winavr-20100110/bin/../lib/gcc/avr/4.3.3/avr5\libgcc.a(_mul_sf.o)
 .debug_line    0x0000058f       0xd3 c:/winavr-20100110/bin/../lib/gcc/avr/4.3.3/avr5\libgcc.a(_gt_sf.o)
 .debug_line    0x00000662       0xd3 c:/winavr-20100110/bin/../lib/gcc/avr/4.3.3/avr5\libgcc.a(_ge_sf.o)
 .debug_line    0x00000735       0xd3 c:/winavr-20100110/bin/../lib/gcc/avr/4.3.3/avr5\libgcc.a(_lt_sf.o)
 .debug_line    0x00000808      0x109 c:/winavr-20100110/bin/../lib/gcc/avr/4.3.3/avr5\libgcc.a(_sf_to_si.o)
 .debug_line    0x00000911       0x90 c:/winavr-20100110/bin/../lib/gcc/avr/4.3.3/avr5\libgcc.a(_thenan_sf.o)
 .debug_line    0x000009a1      0x18a c:/winavr-20100110/bin/../lib/gcc/avr/4.3.3/avr5\libgcc.a(_pack_sf.o)
 .debug_line    0x00000b2b      0x14b c:/winavr-20100110/bin/../lib/gcc/avr/4.3.3/avr5\libgcc.a(_unpack_sf.o)
 .debug_line    0x00000c76      0x137 c:/winavr-20100110/bin/../lib/gcc/avr/4.3.3/avr5\libgcc.a(_fpcmp_parts_sf.o)

.debug_frame    0x00000000      0x160
 *(.debug_frame)
 .debug_frame   0x00000000       0x20 c:/winavr-20100110/bin/../lib/gcc/avr/4.3.3/avr5\libgcc.a(_fixunssfsi.o)
 .debug_frame   0x00000020       0x40 c:/winavr-20100110/bin/../lib/gcc/avr/4.3.3/avr5\libgcc.a(_addsub_sf.o)
 .debug_frame   0x00000060       0x20 c:/winavr-20100110/bin/../lib/gcc/avr/4.3.3/avr5\libgcc.a(_mul_sf.o)
 .debug_frame   0x00000080       0x20 c:/winavr-20100110/bin/../lib/gcc/avr/4.3.3/avr5\libgcc.a(_gt_sf.o)
 .debug_frame   0x000000a0       0x20 c:/winavr-20100110/bin/../lib/gcc/avr/4.3.3/avr5\libgcc.a(_ge_sf.o)
 .debug_frame   0x000000c0       0x20 c:/winavr-20100110/bin/../lib/gcc/avr/4.3.3/avr5\libgcc.a(_lt_sf.o)
 .debug_frame   0x000000e0       0x20 c:/winavr-20100110/bin/../lib/gcc/avr/4.3.3/avr5\libgcc.a(_sf_to_si.o)
 .debug_frame   0x00000100       0x20 c:/winavr-20100110/bin/../lib/gcc/avr/4.3.3/avr5\libgcc.a(_pack_sf.o)
 .debug_frame   0x00000120       0x20 c:/winavr-20100110/bin/../lib/gcc/avr/4.3.3/avr5\libgcc.a(_unpack_sf.o)
 .debug_frame   0x00000140       0x20 c:/winavr-20100110/bin/../lib/gcc/avr/4.3.3/avr5\libgcc.a(_fpcmp_parts_sf.o)

.debug_str      0x00000000      0x28d
 *(.debug_str)
 .debug_str     0x00000000       0xbf c:/winavr-20100110/bin/../lib/gcc/avr/4.3.3/avr5\libgcc.a(_fixunssfsi.o)
                                 0xfe (size before relaxing)
 .debug_str     0x000000bf      0x14d c:/winavr-20100110/bin/../lib/gcc/avr/4.3.3/avr5\libgcc.a(_addsub_sf.o)
                                0x206 (size before relaxing)
 .debug_str     0x0000020c       0x27 c:/winavr-20100110/bin/../lib/gcc/avr/4.3.3/avr5\libgcc.a(_mul_sf.o)
                                0x1bf (size before relaxing)
 .debug_str     0x00000233        0xf c:/winavr-20100110/bin/../lib/gcc/avr/4.3.3/avr5\libgcc.a(_gt_sf.o)
                                0x195 (size before relaxing)
 .debug_str     0x00000242        0x8 c:/winavr-20100110/bin/../lib/gcc/avr/4.3.3/avr5\libgcc.a(_ge_sf.o)
                                0x195 (size before relaxing)
 .debug_str     0x0000024a        0x8 c:/winavr-20100110/bin/../lib/gcc/avr/4.3.3/avr5\libgcc.a(_lt_sf.o)
                                0x195 (size before relaxing)
 .debug_str     0x00000252        0xa c:/winavr-20100110/bin/../lib/gcc/avr/4.3.3/avr5\libgcc.a(_sf_to_si.o)
                                0x19e (size before relaxing)
 .debug_str     0x00000000      0x103 c:/winavr-20100110/bin/../lib/gcc/avr/4.3.3/avr5\libgcc.a(_thenan_sf.o)
 .debug_str     0x0000025c       0x16 c:/winavr-20100110/bin/../lib/gcc/avr/4.3.3/avr5\libgcc.a(_pack_sf.o)
                                0x19d (size before relaxing)
 .debug_str     0x00000272        0xb c:/winavr-20100110/bin/../lib/gcc/avr/4.3.3/avr5\libgcc.a(_unpack_sf.o)
                                0x17f (size before relaxing)
 .debug_str     0x0000027d       0x10 c:/winavr-20100110/bin/../lib/gcc/avr/4.3.3/avr5\libgcc.a(_fpcmp_parts_sf.o)
                                0x163 (size before relaxing)

.debug_loc      0x00000000      0x7ce
 *(.debug_loc)
 .debug_loc     0x00000000       0x34 c:/winavr-20100110/bin/../lib/gcc/avr/4.3.3/avr5\libgcc.a(_fixunssfsi.o)
 .debug_loc     0x00000034      0x32a c:/winavr-20100110/bin/../lib/gcc/avr/4.3.3/avr5\libgcc.a(_addsub_sf.o)
 .debug_loc     0x0000035e      0x104 c:/winavr-20100110/bin/../lib/gcc/avr/4.3.3/avr5\libgcc.a(_mul_sf.o)
 .debug_loc     0x00000462       0x3c c:/winavr-20100110/bin/../lib/gcc/avr/4.3.3/avr5\libgcc.a(_gt_sf.o)
 .debug_loc     0x0000049e       0x3c c:/winavr-20100110/bin/../lib/gcc/avr/4.3.3/avr5\libgcc.a(_ge_sf.o)
 .debug_loc     0x000004da       0x3c c:/winavr-20100110/bin/../lib/gcc/avr/4.3.3/avr5\libgcc.a(_lt_sf.o)
 .debug_loc     0x00000516       0x7e c:/winavr-20100110/bin/../lib/gcc/avr/4.3.3/avr5\libgcc.a(_sf_to_si.o)
 .debug_loc     0x00000594      0x13e c:/winavr-20100110/bin/../lib/gcc/avr/4.3.3/avr5\libgcc.a(_pack_sf.o)
 .debug_loc     0x000006d2       0xac c:/winavr-20100110/bin/../lib/gcc/avr/4.3.3/avr5\libgcc.a(_unpack_sf.o)
 .debug_loc     0x0000077e       0x50 c:/winavr-20100110/bin/../lib/gcc/avr/4.3.3/avr5\libgcc.a(_fpcmp_parts_sf.o)

.debug_macinfo
 *(.debug_macinfo)
OUTPUT(Car_system.elf elf32-avr)
LOAD linker stubs

.debug_ranges   0x00000000       0x50
 .debug_ranges  0x00000000       0x50 c:/winavr-20100110/bin/../lib/gcc/avr/4.3.3/avr5\libgcc.a(_mul_sf.o)
